Archive member included to satisfy reference by file (symbol)

F:/STM32CubeCLT/STM32CubeCLT_1.18.0/GNU-tools-for-STM32/bin/../lib/gcc/arm-none-eabi/13.3.1/../../../../arm-none-eabi/lib/thumb/v7e-m+fp/hard\libm.a(libm_a-w_atan2.o)
                              CMakeFiles/Three-phase_inverter.dir/Core/Src/OLED.c.obj (atan2)
F:/STM32CubeCLT/STM32CubeCLT_1.18.0/GNU-tools-for-STM32/bin/../lib/gcc/arm-none-eabi/13.3.1/../../../../arm-none-eabi/lib/thumb/v7e-m+fp/hard\libm.a(libm_a-s_cos.o)
                              CMakeFiles/Three-phase_inverter.dir/Core/Src/main.c.obj (cos)
F:/STM32CubeCLT/STM32CubeCLT_1.18.0/GNU-tools-for-STM32/bin/../lib/gcc/arm-none-eabi/13.3.1/../../../../arm-none-eabi/lib/thumb/v7e-m+fp/hard\libm.a(libm_a-wf_sqrt.o)
                              CMakeFiles/Three-phase_inverter.dir/Core/Src/main.c.obj (sqrtf)
F:/STM32CubeCLT/STM32CubeCLT_1.18.0/GNU-tools-for-STM32/bin/../lib/gcc/arm-none-eabi/13.3.1/../../../../arm-none-eabi/lib/thumb/v7e-m+fp/hard\libm.a(libm_a-sf_fmax.o)
                              CMakeFiles/Three-phase_inverter.dir/Core/Src/main.c.obj (fmaxf)
F:/STM32CubeCLT/STM32CubeCLT_1.18.0/GNU-tools-for-STM32/bin/../lib/gcc/arm-none-eabi/13.3.1/../../../../arm-none-eabi/lib/thumb/v7e-m+fp/hard\libm.a(libm_a-sf_fmin.o)
                              CMakeFiles/Three-phase_inverter.dir/Core/Src/main.c.obj (fminf)
F:/STM32CubeCLT/STM32CubeCLT_1.18.0/GNU-tools-for-STM32/bin/../lib/gcc/arm-none-eabi/13.3.1/../../../../arm-none-eabi/lib/thumb/v7e-m+fp/hard\libm.a(libm_a-sf_fpclassify.o)
                              F:/STM32CubeCLT/STM32CubeCLT_1.18.0/GNU-tools-for-STM32/bin/../lib/gcc/arm-none-eabi/13.3.1/../../../../arm-none-eabi/lib/thumb/v7e-m+fp/hard\libm.a(libm_a-sf_fmax.o) (__fpclassifyf)
F:/STM32CubeCLT/STM32CubeCLT_1.18.0/GNU-tools-for-STM32/bin/../lib/gcc/arm-none-eabi/13.3.1/../../../../arm-none-eabi/lib/thumb/v7e-m+fp/hard\libm.a(libm_a-ef_sqrt.o)
                              F:/STM32CubeCLT/STM32CubeCLT_1.18.0/GNU-tools-for-STM32/bin/../lib/gcc/arm-none-eabi/13.3.1/../../../../arm-none-eabi/lib/thumb/v7e-m+fp/hard\libm.a(libm_a-wf_sqrt.o) (__ieee754_sqrtf)
F:/STM32CubeCLT/STM32CubeCLT_1.18.0/GNU-tools-for-STM32/bin/../lib/gcc/arm-none-eabi/13.3.1/../../../../arm-none-eabi/lib/thumb/v7e-m+fp/hard\libm.a(libm_a-s_round.o)
                              CMakeFiles/Three-phase_inverter.dir/Core/Src/OLED.c.obj (round)
F:/STM32CubeCLT/STM32CubeCLT_1.18.0/GNU-tools-for-STM32/bin/../lib/gcc/arm-none-eabi/13.3.1/../../../../arm-none-eabi/lib/thumb/v7e-m+fp/hard\libm.a(libm_a-k_cos.o)
                              F:/STM32CubeCLT/STM32CubeCLT_1.18.0/GNU-tools-for-STM32/bin/../lib/gcc/arm-none-eabi/13.3.1/../../../../arm-none-eabi/lib/thumb/v7e-m+fp/hard\libm.a(libm_a-s_cos.o) (__kernel_cos)
F:/STM32CubeCLT/STM32CubeCLT_1.18.0/GNU-tools-for-STM32/bin/../lib/gcc/arm-none-eabi/13.3.1/../../../../arm-none-eabi/lib/thumb/v7e-m+fp/hard\libm.a(libm_a-k_sin.o)
                              F:/STM32CubeCLT/STM32CubeCLT_1.18.0/GNU-tools-for-STM32/bin/../lib/gcc/arm-none-eabi/13.3.1/../../../../arm-none-eabi/lib/thumb/v7e-m+fp/hard\libm.a(libm_a-s_cos.o) (__kernel_sin)
F:/STM32CubeCLT/STM32CubeCLT_1.18.0/GNU-tools-for-STM32/bin/../lib/gcc/arm-none-eabi/13.3.1/../../../../arm-none-eabi/lib/thumb/v7e-m+fp/hard\libm.a(libm_a-e_atan2.o)
                              F:/STM32CubeCLT/STM32CubeCLT_1.18.0/GNU-tools-for-STM32/bin/../lib/gcc/arm-none-eabi/13.3.1/../../../../arm-none-eabi/lib/thumb/v7e-m+fp/hard\libm.a(libm_a-w_atan2.o) (__ieee754_atan2)
F:/STM32CubeCLT/STM32CubeCLT_1.18.0/GNU-tools-for-STM32/bin/../lib/gcc/arm-none-eabi/13.3.1/../../../../arm-none-eabi/lib/thumb/v7e-m+fp/hard\libm.a(libm_a-e_rem_pio2.o)
                              F:/STM32CubeCLT/STM32CubeCLT_1.18.0/GNU-tools-for-STM32/bin/../lib/gcc/arm-none-eabi/13.3.1/../../../../arm-none-eabi/lib/thumb/v7e-m+fp/hard\libm.a(libm_a-s_cos.o) (__ieee754_rem_pio2)
F:/STM32CubeCLT/STM32CubeCLT_1.18.0/GNU-tools-for-STM32/bin/../lib/gcc/arm-none-eabi/13.3.1/../../../../arm-none-eabi/lib/thumb/v7e-m+fp/hard\libm.a(libm_a-s_atan.o)
                              F:/STM32CubeCLT/STM32CubeCLT_1.18.0/GNU-tools-for-STM32/bin/../lib/gcc/arm-none-eabi/13.3.1/../../../../arm-none-eabi/lib/thumb/v7e-m+fp/hard\libm.a(libm_a-e_atan2.o) (atan)
F:/STM32CubeCLT/STM32CubeCLT_1.18.0/GNU-tools-for-STM32/bin/../lib/gcc/arm-none-eabi/13.3.1/../../../../arm-none-eabi/lib/thumb/v7e-m+fp/hard\libm.a(libm_a-s_fabs.o)
                              F:/STM32CubeCLT/STM32CubeCLT_1.18.0/GNU-tools-for-STM32/bin/../lib/gcc/arm-none-eabi/13.3.1/../../../../arm-none-eabi/lib/thumb/v7e-m+fp/hard\libm.a(libm_a-e_atan2.o) (fabs)
F:/STM32CubeCLT/STM32CubeCLT_1.18.0/GNU-tools-for-STM32/bin/../lib/gcc/arm-none-eabi/13.3.1/../../../../arm-none-eabi/lib/thumb/v7e-m+fp/hard\libm.a(libm_a-k_rem_pio2.o)
[...]
Memory Configuration

Name             Origin             Length             Attributes
RAM              0x20000000         0x00020000         xrw
FLASH            0x08000000         0x00020000         xr
*default*        0x00000000         0xffffffff

Linker script and memory map

LOAD F:/STM32CubeCLT/STM32CubeCLT_1.18.0/GNU-tools-for-STM32/bin/../lib/gcc/arm-none-eabi/13.3.1/thumb/v7e-m+fp/hard/crti.o
LOAD F:/STM32CubeCLT/STM32CubeCLT_1.18.0/GNU-tools-for-STM32/bin/../lib/gcc/arm-none-eabi/13.3.1/thumb/v7e-m+fp/hard/crtbegin.o
LOAD F:/STM32CubeCLT/STM32CubeCLT_1.18.0/GNU-tools-for-STM32/bin/../lib/gcc/arm-none-eabi/13.3.1/../../../../arm-none-eabi/lib/thumb/v7e-m+fp/hard/crt0.o
LOAD cmake/stm32cubemx/CMakeFiles/STM32_Drivers.dir/__/__/Core/Src/system_stm32g4xx.c.obj
LOAD cmake/stm32cubemx/CMakeFiles/STM32_Drivers.dir/__/__/Drivers/STM32G4xx_HAL_Driver/Src/stm32g4xx_hal_adc.c.obj
LOAD cmake/stm32cubemx/CMakeFiles/STM32_Drivers.dir/__/__/Drivers/STM32G4xx_HAL_Driver/Src/stm32g4xx_hal_adc_ex.c.obj
LOAD cmake/stm32cubemx/CMakeFiles/STM32_Drivers.dir/__/__/Drivers/STM32G4xx_HAL_Driver/Src/stm32g4xx_ll_adc.c.obj
LOAD cmake/stm32cubemx/CMakeFiles/STM32_Drivers.dir/__/__/Drivers/STM32G4xx_HAL_Driver/Src/stm32g4xx_hal.c.obj
LOAD cmake/stm32cubemx/CMakeFiles/STM32_Drivers.dir/__/__/Drivers/STM32G4xx_HAL_Driver/Src/stm32g4xx_hal_rcc.c.obj
LOAD cmake/stm32cubemx/CMakeFiles/STM32_Drivers.dir/__/__/Drivers/STM32G4xx_HAL_Driver/Src/stm32g4xx_hal_rcc_ex.c.obj
LOAD cmake/stm32cubemx/CMakeFiles/STM32_Drivers.dir/__/__/Drivers/STM32G4xx_HAL_Driver/Src/stm32g4xx_hal_flash.c.obj
LOAD cmake/stm32cubemx/CMakeFiles/STM32_Drivers.dir/__/__/Drivers/STM32G4xx_HAL_Driver/Src/stm32g4xx_hal_flash_ex.c.obj
LOAD cmake/stm32cubemx/CMakeFiles/STM32_Drivers.dir/__/__/Drivers/STM32G4xx_HAL_Driver/Src/stm32g4xx_hal_flash_ramfunc.c.obj
LOAD cmake/stm32cubemx/CMakeFiles/STM32_Drivers.dir/__/__/Drivers/STM32G4xx_HAL_Driver/Src/stm32g4xx_hal_gpio.c.obj
LOAD cmake/stm32cubemx/CMakeFiles/STM32_Drivers.dir/__/__/Drivers/STM32G4xx_HAL_Driver/Src/stm32g4xx_hal_exti.c.obj
LOAD cmake/stm32cubemx/CMakeFiles/STM32_Drivers.dir/__/__/Drivers/STM32G4xx_HAL_Driver/Src/stm32g4xx_hal_dma.c.obj
LOAD cmake/stm32cubemx/CMakeFiles/STM32_Drivers.dir/__/__/Drivers/STM32G4xx_HAL_Driver/Src/stm32g4xx_hal_dma_ex.c.obj
LOAD cmake/stm32cubemx/CMakeFiles/STM32_Drivers.dir/__/__/Drivers/STM32G4xx_HAL_Driver/Src/stm32g4xx_hal_pwr.c.obj
LOAD cmake/stm32cubemx/CMakeFiles/STM32_Drivers.dir/__/__/Drivers/STM32G4xx_HAL_Driver/Src/stm32g4xx_hal_pwr_ex.c.obj
LOAD cmake/stm32cubemx/CMakeFiles/STM32_Drivers.dir/__/__/Drivers/STM32G4xx_HAL_Driver/Src/stm32g4xx_hal_cortex.c.obj
LOAD cmake/stm32cubemx/CMakeFiles/STM32_Drivers.dir/__/__/Drivers/STM32G4xx_HAL_Driver/Src/stm32g4xx_hal_hrtim.c.obj
LOAD cmake/stm32cubemx/CMakeFiles/STM32_Drivers.dir/__/__/Drivers/STM32G4xx_HAL_Driver/Src/stm32g4xx_hal_spi.c.obj
LOAD cmake/stm32cubemx/CMakeFiles/STM32_Drivers.dir/__/__/Drivers/STM32G4xx_HAL_Driver/Src/stm32g4xx_hal_spi_ex.c.obj
LOAD cmake/stm32cubemx/CMakeFiles/STM32_Drivers.dir/__/__/Drivers/STM32G4xx_HAL_Driver/Src/stm32g4xx_hal_tim.c.obj
LOAD cmake/stm32cubemx/CMakeFiles/STM32_Drivers.dir/__/__/Drivers/STM32G4xx_HAL_Driver/Src/stm32g4xx_hal_tim_ex.c.obj
LOAD cmake/stm32cubemx/CMakeFiles/STM32_Drivers.dir/__/__/Drivers/STM32G4xx_HAL_Driver/Src/stm32g4xx_hal_uart.c.obj
LOAD cmake/stm32cubemx/CMakeFiles/STM32_Drivers.dir/__/__/Drivers/STM32G4xx_HAL_Driver/Src/stm32g4xx_hal_uart_ex.c.obj
LOAD CMakeFiles/Three-phase_inverter.dir/Core/Src/MY_OLED.c.obj
LOAD CMakeFiles/Three-phase_inverter.dir/Core/Src/OLED.c.obj
LOAD CMakeFiles/Three-phase_inverter.dir/Core/Src/OLED_Data.c.obj
LOAD CMakeFiles/Three-phase_inverter.dir/Core/Src/main.c.obj
LOAD CMakeFiles/Three-phase_inverter.dir/Core/Src/gpio.c.obj
LOAD CMakeFiles/Three-phase_inverter.dir/Core/Src/adc.c.obj
LOAD CMakeFiles/Three-phase_inverter.dir/Core/Src/dma.c.obj
LOAD CMakeFiles/Three-phase_inverter.dir/Core/Src/hrtim.c.obj
LOAD CMakeFiles/Three-phase_inverter.dir/Core/Src/spi.c.obj
LOAD CMakeFiles/Three-phase_inverter.dir/Core/Src/tim.c.obj
LOAD CMakeFiles/Three-phase_inverter.dir/Core/Src/usart.c.obj
LOAD CMakeFiles/Three-phase_inverter.dir/Core/Src/stm32g4xx_it.c.obj
LOAD CMakeFiles/Three-phase_inverter.dir/Core/Src/stm32g4xx_hal_msp.c.obj
LOAD CMakeFiles/Three-phase_inverter.dir/Core/Src/sysmem.c.obj
LOAD CMakeFiles/Three-phase_inverter.dir/Core/Src/syscalls.c.obj
LOAD CMakeFiles/Three-phase_inverter.dir/startup_stm32g474xx.s.obj
LOAD F:/CLION__Project/Three-phase_inverter/cmake/stm32cubemx/../../Middlewares/ST/ARM/DSP/Lib/libarm_cortexM4lf_math.a
LOAD F:/STM32CubeCLT/STM32CubeCLT_1.18.0/GNU-tools-for-STM32/bin/../lib/gcc/arm-none-eabi/13.3.1/../../../../arm-none-eabi/lib/thumb/v7e-m+fp/hard\libm.a
START GROUP
LOAD F:/STM32CubeCLT/STM32CubeCLT_1.18.0/GNU-tools-for-STM32/bin/../lib/gcc/arm-none-eabi/13.3.1/thumb/v7e-m+fp/hard\libgcc.a
LOAD F:/STM32CubeCLT/STM32CubeCLT_1.18.0/GNU-tools-for-STM32/bin/../lib/gcc/arm-none-eabi/13.3.1/../../../../arm-none-eabi/lib/thumb/v7e-m+fp/hard\libg_nano.a
LOAD F:/STM32CubeCLT/STM32CubeCLT_1.18.0/GNU-tools-for-STM32/bin/../lib/gcc/arm-none-eabi/13.3.1/../../../../arm-none-eabi/lib/thumb/v7e-m+fp/hard\libc_nano.a
END GROUP
START GROUP
LOAD F:/STM32CubeCLT/STM32CubeCLT_1.18.0/GNU-tools-for-STM32/bin/../lib/gcc/arm-none-eabi/13.3.1/thumb/v7e-m+fp/hard\libgcc.a
LOAD F:/STM32CubeCLT/STM32CubeCLT_1.18.0/GNU-tools-for-STM32/bin/../lib/gcc/arm-none-eabi/13.3.1/../../../../arm-none-eabi/lib/thumb/v7e-m+fp/hard\libc_nano.a
END GROUP
LOAD F:/STM32CubeCLT/STM32CubeCLT_1.18.0/GNU-tools-for-STM32/bin/../lib/gcc/arm-none-eabi/13.3.1/thumb/v7e-m+fp/hard/crtend.o
LOAD F:/STM32CubeCLT/STM32CubeCLT_1.18.0/GNU-tools-for-STM32/bin/../lib/gcc/arm-none-eabi/13.3.1/thumb/v7e-m+fp/hard/crtn.o
                0x20020000                        _estack = (ORIGIN (RAM) + LENGTH (RAM))
                0x00000200                        _Min_Heap_Size = 0x200
                0x00000400                        _Min_Stack_Size = 0x400

.isr_vector     0x08000000      0x1d8
                0x08000000                        . = ALIGN (0x4)
 *(.isr_vector)
 .isr_vector    0x08000000      0x1d8 CMakeFiles/Three-phase_inverter.dir/startup_stm32g474xx.s.obj
                0x08000000                g_pfnVectors
                0x080001d8                        . = ALIGN (0x4)

.text           0x080001d8     0xda4c
                0x080001d8                        . = ALIGN (0x4)
 *(.text)
 .text          0x080001d8       0x40 F:/STM32CubeCLT/STM32CubeCLT_1.18.0/GNU-tools-for-STM32/bin/../lib/gcc/arm-none-eabi/13.3.1/thumb/v7e-m+fp/hard/crtbegin.o
 .text          0x08000218      0x378 F:/STM32CubeCLT/STM32CubeCLT_1.18.0/GNU-tools-for-STM32/bin/../lib/gcc/arm-none-eabi/13.3.1/thumb/v7e-m+fp/hard\libgcc.a(_arm_addsubdf3.o)
                0x08000218                __aeabi_drsub
                0x08000220                __aeabi_dsub
                0x08000220                __subdf3
                0x08000224                __aeabi_dadd
                0x08000224                __adddf3
                0x0800049c                __floatunsidf
                0x0800049c                __aeabi_ui2d
                0x080004bc                __floatsidf
                0x080004bc                __aeabi_i2d
                0x080004e0                __aeabi_f2d
                0x080004e0                __extendsfdf2
                0x08000524                __floatundidf
                0x08000524                __aeabi_ul2d
                0x08000534                __floatdidf
                0x08000534                __aeabi_l2d
 .text          0x08000590      0x424 F:/STM32CubeCLT/STM32CubeCLT_1.18.0/GNU-tools-for-STM32/bin/../lib/gcc/arm-none-eabi/13.3.1/thumb/v7e-m+fp/hard\libgcc.a(_arm_muldivdf3.o)
                0x08000590                __aeabi_dmul
                0x08000590                __muldf3
                0x080007e4                __divdf3
                0x080007e4                __aeabi_ddiv
 .text          0x080009b4      0x110 F:/STM32CubeCLT/STM32CubeCLT_1.18.0/GNU-tools-for-STM32/bin/../lib/gcc/arm-none-eabi/13.3.1/thumb/v7e-m+fp/hard\libgcc.a(_arm_cmpdf2.o)
                0x080009b4                __gtdf2
                0x080009b4                __gedf2
                0x080009bc                __ltdf2
                0x080009bc                __ledf2
                0x080009c4                __nedf2
                0x080009c4                __eqdf2
                0x080009c4                __cmpdf2
                0x08000a40                __aeabi_cdrcmple
                0x08000a50                __aeabi_cdcmpeq
                0x08000a50                __aeabi_cdcmple
                0x08000a60                __aeabi_dcmpeq
                0x08000a74                __aeabi_dcmplt
                0x08000a88                __aeabi_dcmple
                0x08000a9c                __aeabi_dcmpge
                0x08000ab0                __aeabi_dcmpgt
 .text          0x08000ac4       0x50 F:/STM32CubeCLT/STM32CubeCLT_1.18.0/GNU-tools-for-STM32/bin/../lib/gcc/arm-none-eabi/13.3.1/thumb/v7e-m+fp/hard\libgcc.a(_arm_fixdfsi.o)
                0x08000ac4                __aeabi_d2iz
                0x08000ac4                __fixdfsi
 .text          0x08000b14       0x40 F:/STM32CubeCLT/STM32CubeCLT_1.18.0/GNU-tools-for-STM32/bin/../lib/gcc/arm-none-eabi/13.3.1/thumb/v7e-m+fp/hard\libgcc.a(_arm_fixunsdfsi.o)
                0x08000b14                __aeabi_d2uiz
                0x08000b14                __fixunsdfsi
 .text          0x08000b54       0xa0 F:/STM32CubeCLT/STM32CubeCLT_1.18.0/GNU-tools-for-STM32/bin/../lib/gcc/arm-none-eabi/13.3.1/thumb/v7e-m+fp/hard\libgcc.a(_arm_truncdfsf2.o)
                0x08000b54                __truncdfsf2
                0x08000b54                __aeabi_d2f
 .text          0x08000bf4       0x30 F:/STM32CubeCLT/STM32CubeCLT_1.18.0/GNU-tools-for-STM32/bin/../lib/gcc/arm-none-eabi/13.3.1/thumb/v7e-m+fp/hard\libgcc.a(_aeabi_uldivmod.o)
                0x08000bf4                __aeabi_uldivmod
 .text          0x08000c24      0x2f8 F:/STM32CubeCLT/STM32CubeCLT_1.18.0/GNU-tools-for-STM32/bin/../lib/gcc/arm-none-eabi/13.3.1/thumb/v7e-m+fp/hard\libgcc.a(_udivmoddi4.o)
                0x08000c24                __udivmoddi4
 .text          0x08000f1c        0x4 F:/STM32CubeCLT/STM32CubeCLT_1.18.0/GNU-tools-for-STM32/bin/../lib/gcc/arm-none-eabi/13.3.1/thumb/v7e-m+fp/hard\libgcc.a(_dvmd_tls.o)
                0x08000f1c                __aeabi_idiv0
                0x08000f1c                __aeabi_ldiv0
 .text          0x08000f20       0x14 F:/STM32CubeCLT/STM32CubeCLT_1.18.0/GNU-tools-for-STM32/bin/../lib/gcc/arm-none-eabi/13.3.1/../../../../arm-none-eabi/lib/thumb/v7e-m+fp/hard\libg_nano.a(libc_a-strcmp.o)
                0x08000f20                strcmp
 *(.text*)
 .text.SystemInit
                0x08000f34       0x24 cmake/stm32cubemx/CMakeFiles/STM32_Drivers.dir/__/__/Core/Src/system_stm32g4xx.c.obj
                0x08000f34                SystemInit
 .text.LL_ADC_SetCommonClock
                0x08000f58       0x26 cmake/stm32cubemx/CMakeFiles/STM32_Drivers.dir/__/__/Drivers/STM32G4xx_HAL_Driver/Src/stm32g4xx_hal_adc.c.obj
 .text.LL_ADC_SetCommonPathInternalCh
                0x08000f7e       0x26 cmake/stm32cubemx/CMakeFiles/STM32_Drivers.dir/__/__/Drivers/STM32G4xx_HAL_Driver/Src/stm32g4xx_hal_adc.c.obj
 .text.LL_ADC_GetCommonPathInternalCh
                0x08000fa4       0x1c cmake/stm32cubemx/CMakeFiles/STM32_Drivers.dir/__/__/Drivers/STM32G4xx_HAL_Driver/Src/stm32g4xx_hal_adc.c.obj
 .text.LL_ADC_SetOffset
                0x08000fc0       0x48 cmake/stm32cubemx/CMakeFiles/STM32_Drivers.dir/__/__/Drivers/STM32G4xx_HAL_Driver/Src/stm32g4xx_hal_adc.c.obj
 .text.LL_ADC_GetOffsetChannel
                0x08001008       0x2c cmake/stm32cubemx/CMakeFiles/STM32_Drivers.dir/__/__/Drivers/STM32G4xx_HAL_Driver/Src/stm32g4xx_hal_adc.c.obj
 .text.LL_ADC_SetOffsetState
                0x08001034       0x36 cmake/stm32cubemx/CMakeFiles/STM32_Drivers.dir/__/__/Drivers/STM32G4xx_HAL_Driver/Src/stm32g4xx_hal_adc.c.obj
 .text.LL_ADC_SetOffsetSign
                0x0800106a       0x36 cmake/stm32cubemx/CMakeFiles/STM32_Drivers.dir/__/__/Drivers/STM32G4xx_HAL_Driver/Src/stm32g4xx_hal_adc.c.obj
 .text.LL_ADC_SetOffsetSaturation
                0x080010a0       0x36 cmake/stm32cubemx/CMakeFiles/STM32_Drivers.dir/__/__/Drivers/STM32G4xx_HAL_Driver/Src/stm32g4xx_hal_adc.c.obj
 .text.LL_ADC_SetSamplingTimeCommonConfig
                0x080010d6       0x26 cmake/stm32cubemx/CMakeFiles/STM32_Drivers.dir/__/__/Drivers/STM32G4xx_HAL_Driver/Src/stm32g4xx_hal_adc.c.obj
 .text.LL_ADC_REG_IsTriggerSourceSWStart
                0x080010fc       0x26 cmake/stm32cubemx/CMakeFiles/STM32_Drivers.dir/__/__/Drivers/STM32G4xx_HAL_Driver/Src/stm32g4xx_hal_adc.c.obj
 .text.LL_ADC_REG_SetSequencerRanks
                0x08001122       0x58 cmake/stm32cubemx/CMakeFiles/STM32_Drivers.dir/__/__/Drivers/STM32G4xx_HAL_Driver/Src/stm32g4xx_hal_adc.c.obj
 .text.LL_ADC_INJ_IsTriggerSourceSWStart
                0x0800117a       0x26 cmake/stm32cubemx/CMakeFiles/STM32_Drivers.dir/__/__/Drivers/STM32G4xx_HAL_Driver/Src/stm32g4xx_hal_adc.c.obj
 .text.LL_ADC_SetChannelSamplingTime
                0x080011a0       0x56 cmake/stm32cubemx/CMakeFiles/STM32_Drivers.dir/__/__/Drivers/STM32G4xx_HAL_Driver/Src/stm32g4xx_hal_adc.c.obj
 *fill*         0x080011f6        0x2 
 .text.LL_ADC_SetChannelSingleDiff
                0x080011f8       0x48 cmake/stm32cubemx/CMakeFiles/STM32_Drivers.dir/__/__/Drivers/STM32G4xx_HAL_Driver/Src/stm32g4xx_hal_adc.c.obj
 .text.LL_ADC_GetMultimode
                0x08001240       0x1c cmake/stm32cubemx/CMakeFiles/STM32_Drivers.dir/__/__/Drivers/STM32G4xx_HAL_Driver/Src/stm32g4xx_hal_adc.c.obj
 .text.LL_ADC_GetMultiDMATransfer
                0x0800125c       0x1c cmake/stm32cubemx/CMakeFiles/STM32_Drivers.dir/__/__/Drivers/STM32G4xx_HAL_Driver/Src/stm32g4xx_hal_adc.c.obj
 .text.LL_ADC_DisableDeepPowerDown
                0x08001278       0x24 cmake/stm32cubemx/CMakeFiles/STM32_Drivers.dir/__/__/Drivers/STM32G4xx_HAL_Driver/Src/stm32g4xx_hal_adc.c.obj
 .text.LL_ADC_IsDeepPowerDownEnabled
                0x0800129c       0x28 cmake/stm32cubemx/CMakeFiles/STM32_Drivers.dir/__/__/Drivers/STM32G4xx_HAL_Driver/Src/stm32g4xx_hal_adc.c.obj
 .text.LL_ADC_EnableInternalRegulator
                0x080012c4       0x28 cmake/stm32cubemx/CMakeFiles/STM32_Drivers.dir/__/__/Drivers/STM32G4xx_HAL_Driver/Src/stm32g4xx_hal_adc.c.obj
 .text.LL_ADC_IsInternalRegulatorEnabled
                0x080012ec       0x28 cmake/stm32cubemx/CMakeFiles/STM32_Drivers.dir/__/__/Drivers/STM32G4xx_HAL_Driver/Src/stm32g4xx_hal_adc.c.obj
 .text.LL_ADC_Enable
                0x08001314       0x28 cmake/stm32cubemx/CMakeFiles/STM32_Drivers.dir/__/__/Drivers/STM32G4xx_HAL_Driver/Src/stm32g4xx_hal_adc.c.obj
 .text.LL_ADC_Disable
                0x0800133c       0x28 cmake/stm32cubemx/CMakeFiles/STM32_Drivers.dir/__/__/Drivers/STM32G4xx_HAL_Driver/Src/stm32g4xx_hal_adc.c.obj
 .text.LL_ADC_IsEnabled
                0x08001364       0x26 cmake/stm32cubemx/CMakeFiles/STM32_Drivers.dir/__/__/Drivers/STM32G4xx_HAL_Driver/Src/stm32g4xx_hal_adc.c.obj
 .text.LL_ADC_IsDisableOngoing
                0x0800138a       0x26 cmake/stm32cubemx/CMakeFiles/STM32_Drivers.dir/__/__/Drivers/STM32G4xx_HAL_Driver/Src/stm32g4xx_hal_adc.c.obj
 .text.LL_ADC_REG_StartConversion
                0x080013b0       0x28 cmake/stm32cubemx/CMakeFiles/STM32_Drivers.dir/__/__/Drivers/STM32G4xx_HAL_Driver/Src/stm32g4xx_hal_adc.c.obj
 .text.LL_ADC_REG_IsConversionOngoing
                0x080013d8       0x26 cmake/stm32cubemx/CMakeFiles/STM32_Drivers.dir/__/__/Drivers/STM32G4xx_HAL_Driver/Src/stm32g4xx_hal_adc.c.obj
 .text.LL_ADC_INJ_IsConversionOngoing
                0x080013fe       0x26 cmake/stm32cubemx/CMakeFiles/STM32_Drivers.dir/__/__/Drivers/STM32G4xx_HAL_Driver/Src/stm32g4xx_hal_adc.c.obj
 .text.HAL_ADC_Init
                0x08001424      0x378 cmake/stm32cubemx/CMakeFiles/STM32_Drivers.dir/__/__/Drivers/STM32G4xx_HAL_Driver/Src/stm32g4xx_hal_adc.c.obj
                0x08001424                HAL_ADC_Init
 .text.HAL_ADC_Start_DMA
                0x0800179c      0x1a8 cmake/stm32cubemx/CMakeFiles/STM32_Drivers.dir/__/__/Drivers/STM32G4xx_HAL_Driver/Src/stm32g4xx_hal_adc.c.obj
                0x0800179c                HAL_ADC_Start_DMA
 .text.HAL_ADC_IRQHandler
                0x08001944      0x4c0 cmake/stm32cubemx/CMakeFiles/STM32_Drivers.dir/__/__/Drivers/STM32G4xx_HAL_Driver/Src/stm32g4xx_hal_adc.c.obj
                0x08001944                HAL_ADC_IRQHandler
 .text.HAL_ADC_ConvCpltCallback
                0x08001e04       0x14 cmake/stm32cubemx/CMakeFiles/STM32_Drivers.dir/__/__/Drivers/STM32G4xx_HAL_Driver/Src/stm32g4xx_hal_adc.c.obj
                0x08001e04                HAL_ADC_ConvCpltCallback
 .text.HAL_ADC_ConvHalfCpltCallback
                0x08001e18       0x14 cmake/stm32cubemx/CMakeFiles/STM32_Drivers.dir/__/__/Drivers/STM32G4xx_HAL_Driver/Src/stm32g4xx_hal_adc.c.obj
                0x08001e18                HAL_ADC_ConvHalfCpltCallback
 .text.HAL_ADC_LevelOutOfWindowCallback
                0x08001e2c       0x14 cmake/stm32cubemx/CMakeFiles/STM32_Drivers.dir/__/__/Drivers/STM32G4xx_HAL_Driver/Src/stm32g4xx_hal_adc.c.obj
                0x08001e2c                HAL_ADC_LevelOutOfWindowCallback
 .text.HAL_ADC_ErrorCallback
                0x08001e40       0x14 cmake/stm32cubemx/CMakeFiles/STM32_Drivers.dir/__/__/Drivers/STM32G4xx_HAL_Driver/Src/stm32g4xx_hal_adc.c.obj
                0x08001e40                HAL_ADC_ErrorCallback
 .text.HAL_ADC_ConfigChannel
                0x08001e54      0x880 cmake/stm32cubemx/CMakeFiles/STM32_Drivers.dir/__/__/Drivers/STM32G4xx_HAL_Driver/Src/stm32g4xx_hal_adc.c.obj
                0x08001e54                HAL_ADC_ConfigChannel
 .text.ADC_Enable
                0x080026d4      0x12c cmake/stm32cubemx/CMakeFiles/STM32_Drivers.dir/__/__/Drivers/STM32G4xx_HAL_Driver/Src/stm32g4xx_hal_adc.c.obj
                0x080026d4                ADC_Enable
 .text.ADC_Disable
                0x08002800       0xbe cmake/stm32cubemx/CMakeFiles/STM32_Drivers.dir/__/__/Drivers/STM32G4xx_HAL_Driver/Src/stm32g4xx_hal_adc.c.obj
                0x08002800                ADC_Disable
 .text.ADC_DMAConvCplt
                0x080028be       0xd8 cmake/stm32cubemx/CMakeFiles/STM32_Drivers.dir/__/__/Drivers/STM32G4xx_HAL_Driver/Src/stm32g4xx_hal_adc.c.obj
                0x080028be                ADC_DMAConvCplt
 .text.ADC_DMAHalfConvCplt
                0x08002996       0x1c cmake/stm32cubemx/CMakeFiles/STM32_Drivers.dir/__/__/Drivers/STM32G4xx_HAL_Driver/Src/stm32g4xx_hal_adc.c.obj
                0x08002996                ADC_DMAHalfConvCplt
 .text.ADC_DMAError
                0x080029b2       0x34 cmake/stm32cubemx/CMakeFiles/STM32_Drivers.dir/__/__/Drivers/STM32G4xx_HAL_Driver/Src/stm32g4xx_hal_adc.c.obj
                0x080029b2                ADC_DMAError
 .text.LL_ADC_IsEnabled
                0x080029e6       0x26 cmake/stm32cubemx/CMakeFiles/STM32_Drivers.dir/__/__/Drivers/STM32G4xx_HAL_Driver/Src/stm32g4xx_hal_adc_ex.c.obj
 .text.LL_ADC_StartCalibration
                0x08002a0c       0x32 cmake/stm32cubemx/CMakeFiles/STM32_Drivers.dir/__/__/Drivers/STM32G4xx_HAL_Driver/Src/stm32g4xx_hal_adc_ex.c.obj
 .text.LL_ADC_IsCalibrationOnGoing
                0x08002a3e       0x28 cmake/stm32cubemx/CMakeFiles/STM32_Drivers.dir/__/__/Drivers/STM32G4xx_HAL_Driver/Src/stm32g4xx_hal_adc_ex.c.obj
 .text.LL_ADC_REG_IsConversionOngoing
                0x08002a66       0x26 cmake/stm32cubemx/CMakeFiles/STM32_Drivers.dir/__/__/Drivers/STM32G4xx_HAL_Driver/Src/stm32g4xx_hal_adc_ex.c.obj
 .text.HAL_ADCEx_Calibration_Start
                0x08002a8c       0xc4 cmake/stm32cubemx/CMakeFiles/STM32_Drivers.dir/__/__/Drivers/STM32G4xx_HAL_Driver/Src/stm32g4xx_hal_adc_ex.c.obj
                0x08002a8c                HAL_ADCEx_Calibration_Start
 .text.HAL_ADCEx_InjectedConvCpltCallback
                0x08002b50       0x14 cmake/stm32cubemx/CMakeFiles/STM32_Drivers.dir/__/__/Drivers/STM32G4xx_HAL_Driver/Src/stm32g4xx_hal_adc_ex.c.obj
                0x08002b50                HAL_ADCEx_InjectedConvCpltCallback
 .text.HAL_ADCEx_InjectedQueueOverflowCallback
                0x08002b64       0x14 cmake/stm32cubemx/CMakeFiles/STM32_Drivers.dir/__/__/Drivers/STM32G4xx_HAL_Driver/Src/stm32g4xx_hal_adc_ex.c.obj
                0x08002b64                HAL_ADCEx_InjectedQueueOverflowCallback
 .text.HAL_ADCEx_LevelOutOfWindow2Callback
                0x08002b78       0x14 cmake/stm32cubemx/CMakeFiles/STM32_Drivers.dir/__/__/Drivers/STM32G4xx_HAL_Driver/Src/stm32g4xx_hal_adc_ex.c.obj
                0x08002b78                HAL_ADCEx_LevelOutOfWindow2Callback
 .text.HAL_ADCEx_LevelOutOfWindow3Callback
                0x08002b8c       0x14 cmake/stm32cubemx/CMakeFiles/STM32_Drivers.dir/__/__/Drivers/STM32G4xx_HAL_Driver/Src/stm32g4xx_hal_adc_ex.c.obj
                0x08002b8c                HAL_ADCEx_LevelOutOfWindow3Callback
 .text.HAL_ADCEx_EndOfSamplingCallback
                0x08002ba0       0x14 cmake/stm32cubemx/CMakeFiles/STM32_Drivers.dir/__/__/Drivers/STM32G4xx_HAL_Driver/Src/stm32g4xx_hal_adc_ex.c.obj
                0x08002ba0                HAL_ADCEx_EndOfSamplingCallback
 .text.HAL_ADCEx_MultiModeConfigChannel
                0x08002bb4      0x210 cmake/stm32cubemx/CMakeFiles/STM32_Drivers.dir/__/__/Drivers/STM32G4xx_HAL_Driver/Src/stm32g4xx_hal_adc_ex.c.obj
                0x08002bb4                HAL_ADCEx_MultiModeConfigChannel
 .text.HAL_Init
                0x08002dc4       0x30 cmake/stm32cubemx/CMakeFiles/STM32_Drivers.dir/__/__/Drivers/STM32G4xx_HAL_Driver/Src/stm32g4xx_hal.c.obj
                0x08002dc4                HAL_Init
 .text.HAL_InitTick
                0x08002df4       0x74 cmake/stm32cubemx/CMakeFiles/STM32_Drivers.dir/__/__/Drivers/STM32G4xx_HAL_Driver/Src/stm32g4xx_hal.c.obj
                0x08002df4                HAL_InitTick
 .text.HAL_IncTick
                0x08002e68       0x24 cmake/stm32cubemx/CMakeFiles/STM32_Drivers.dir/__/__/Drivers/STM32G4xx_HAL_Driver/Src/stm32g4xx_hal.c.obj
                0x08002e68                HAL_IncTick
 .text.HAL_GetTick
                0x08002e8c       0x18 cmake/stm32cubemx/CMakeFiles/STM32_Drivers.dir/__/__/Drivers/STM32G4xx_HAL_Driver/Src/stm32g4xx_hal.c.obj
                0x08002e8c                HAL_GetTick
 .text.HAL_Delay
                0x08002ea4       0x44 cmake/stm32cubemx/CMakeFiles/STM32_Drivers.dir/__/__/Drivers/STM32G4xx_HAL_Driver/Src/stm32g4xx_hal.c.obj
                0x08002ea4                HAL_Delay
 .text.HAL_SYSCFG_VREFBUF_VoltageScalingConfig
                0x08002ee8       0x28 cmake/stm32cubemx/CMakeFiles/STM32_Drivers.dir/__/__/Drivers/STM32G4xx_HAL_Driver/Src/stm32g4xx_hal.c.obj
                0x08002ee8                HAL_SYSCFG_VREFBUF_VoltageScalingConfig
 .text.HAL_SYSCFG_VREFBUF_HighImpedanceConfig
                0x08002f10       0x28 cmake/stm32cubemx/CMakeFiles/STM32_Drivers.dir/__/__/Drivers/STM32G4xx_HAL_Driver/Src/stm32g4xx_hal.c.obj
                0x08002f10                HAL_SYSCFG_VREFBUF_HighImpedanceConfig
 .text.HAL_SYSCFG_EnableVREFBUF
                0x08002f38       0x48 cmake/stm32cubemx/CMakeFiles/STM32_Drivers.dir/__/__/Drivers/STM32G4xx_HAL_Driver/Src/stm32g4xx_hal.c.obj
                0x08002f38                HAL_SYSCFG_EnableVREFBUF
 .text.HAL_RCC_OscConfig
                0x08002f80      0x624 cmake/stm32cubemx/CMakeFiles/STM32_Drivers.dir/__/__/Drivers/STM32G4xx_HAL_Driver/Src/stm32g4xx_hal_rcc.c.obj
                0x08002f80                HAL_RCC_OscConfig
 .text.HAL_RCC_ClockConfig
                0x080035a4      0x278 cmake/stm32cubemx/CMakeFiles/STM32_Drivers.dir/__/__/Drivers/STM32G4xx_HAL_Driver/Src/stm32g4xx_hal_rcc.c.obj
                0x080035a4                HAL_RCC_ClockConfig
 .text.HAL_RCC_GetSysClockFreq
                0x0800381c       0xc4 cmake/stm32cubemx/CMakeFiles/STM32_Drivers.dir/__/__/Drivers/STM32G4xx_HAL_Driver/Src/stm32g4xx_hal_rcc.c.obj
                0x0800381c                HAL_RCC_GetSysClockFreq
 .text.HAL_RCC_GetHCLKFreq
                0x080038e0       0x18 cmake/stm32cubemx/CMakeFiles/STM32_Drivers.dir/__/__/Drivers/STM32G4xx_HAL_Driver/Src/stm32g4xx_hal_rcc.c.obj
                0x080038e0                HAL_RCC_GetHCLKFreq
 .text.HAL_RCC_GetPCLK1Freq
                0x080038f8       0x2c cmake/stm32cubemx/CMakeFiles/STM32_Drivers.dir/__/__/Drivers/STM32G4xx_HAL_Driver/Src/stm32g4xx_hal_rcc.c.obj
                0x080038f8                HAL_RCC_GetPCLK1Freq
 .text.HAL_RCC_GetPCLK2Freq
                0x08003924       0x2c cmake/stm32cubemx/CMakeFiles/STM32_Drivers.dir/__/__/Drivers/STM32G4xx_HAL_Driver/Src/stm32g4xx_hal_rcc.c.obj
                0x08003924                HAL_RCC_GetPCLK2Freq
 .text.RCC_GetSysClockFreqFromPLLSource
                0x08003950       0x8c cmake/stm32cubemx/CMakeFiles/STM32_Drivers.dir/__/__/Drivers/STM32G4xx_HAL_Driver/Src/stm32g4xx_hal_rcc.c.obj
 .text.HAL_RCCEx_PeriphCLKConfig
                0x080039dc      0x49c cmake/stm32cubemx/CMakeFiles/STM32_Drivers.dir/__/__/Drivers/STM32G4xx_HAL_Driver/Src/stm32g4xx_hal_rcc_ex.c.obj
                0x080039dc                HAL_RCCEx_PeriphCLKConfig
 .text.HAL_GPIO_Init
                0x08003e78      0x318 cmake/stm32cubemx/CMakeFiles/STM32_Drivers.dir/__/__/Drivers/STM32G4xx_HAL_Driver/Src/stm32g4xx_hal_gpio.c.obj
                0x08003e78                HAL_GPIO_Init
 .text.HAL_GPIO_ReadPin
                0x08004190       0x30 cmake/stm32cubemx/CMakeFiles/STM32_Drivers.dir/__/__/Drivers/STM32G4xx_HAL_Driver/Src/stm32g4xx_hal_gpio.c.obj
                0x08004190                HAL_GPIO_ReadPin
 .text.HAL_GPIO_WritePin
                0x080041c0       0x30 cmake/stm32cubemx/CMakeFiles/STM32_Drivers.dir/__/__/Drivers/STM32G4xx_HAL_Driver/Src/stm32g4xx_hal_gpio.c.obj
                0x080041c0                HAL_GPIO_WritePin
 .text.HAL_GPIO_EXTI_IRQHandler
                0x080041f0       0x30 cmake/stm32cubemx/CMakeFiles/STM32_Drivers.dir/__/__/Drivers/STM32G4xx_HAL_Driver/Src/stm32g4xx_hal_gpio.c.obj
                0x080041f0                HAL_GPIO_EXTI_IRQHandler
 .text.HAL_DMA_Init
                0x08004220      0x150 cmake/stm32cubemx/CMakeFiles/STM32_Drivers.dir/__/__/Drivers/STM32G4xx_HAL_Driver/Src/stm32g4xx_hal_dma.c.obj
                0x08004220                HAL_DMA_Init
 .text.HAL_DMA_Start_IT
                0x08004370       0xf6 cmake/stm32cubemx/CMakeFiles/STM32_Drivers.dir/__/__/Drivers/STM32G4xx_HAL_Driver/Src/stm32g4xx_hal_dma.c.obj
                0x08004370                HAL_DMA_Start_IT
 .text.HAL_DMA_Abort
                0x08004466       0xbc cmake/stm32cubemx/CMakeFiles/STM32_Drivers.dir/__/__/Drivers/STM32G4xx_HAL_Driver/Src/stm32g4xx_hal_dma.c.obj
                0x08004466                HAL_DMA_Abort
 .text.HAL_DMA_Abort_IT
                0x08004522       0xce cmake/stm32cubemx/CMakeFiles/STM32_Drivers.dir/__/__/Drivers/STM32G4xx_HAL_Driver/Src/stm32g4xx_hal_dma.c.obj
                0x08004522                HAL_DMA_Abort_IT
 .text.HAL_DMA_IRQHandler
                0x080045f0      0x15e cmake/stm32cubemx/CMakeFiles/STM32_Drivers.dir/__/__/Drivers/STM32G4xx_HAL_Driver/Src/stm32g4xx_hal_dma.c.obj
                0x080045f0                HAL_DMA_IRQHandler
 .text.DMA_SetConfig
                0x0800474e       0x7c cmake/stm32cubemx/CMakeFiles/STM32_Drivers.dir/__/__/Drivers/STM32G4xx_HAL_Driver/Src/stm32g4xx_hal_dma.c.obj
 *fill*         0x080047ca        0x2 
 .text.DMA_CalcDMAMUXChannelBaseAndMask
                0x080047cc       0x90 cmake/stm32cubemx/CMakeFiles/STM32_Drivers.dir/__/__/Drivers/STM32G4xx_HAL_Driver/Src/stm32g4xx_hal_dma.c.obj
 .text.DMA_CalcDMAMUXRequestGenBaseAndMask
                0x0800485c       0x4c cmake/stm32cubemx/CMakeFiles/STM32_Drivers.dir/__/__/Drivers/STM32G4xx_HAL_Driver/Src/stm32g4xx_hal_dma.c.obj
 .text.HAL_PWREx_ControlVoltageScaling
                0x080048a8      0x148 cmake/stm32cubemx/CMakeFiles/STM32_Drivers.dir/__/__/Drivers/STM32G4xx_HAL_Driver/Src/stm32g4xx_hal_pwr_ex.c.obj
                0x080048a8                HAL_PWREx_ControlVoltageScaling
 .text.HAL_PWREx_DisableUCPDDeadBattery
                0x080049f0       0x20 cmake/stm32cubemx/CMakeFiles/STM32_Drivers.dir/__/__/Drivers/STM32G4xx_HAL_Driver/Src/stm32g4xx_hal_pwr_ex.c.obj
                0x080049f0                HAL_PWREx_DisableUCPDDeadBattery
 .text.__NVIC_SetPriorityGrouping
                0x08004a10       0x48 cmake/stm32cubemx/CMakeFiles/STM32_Drivers.dir/__/__/Drivers/STM32G4xx_HAL_Driver/Src/stm32g4xx_hal_cortex.c.obj
 .text.__NVIC_GetPriorityGrouping
                0x08004a58       0x1c cmake/stm32cubemx/CMakeFiles/STM32_Drivers.dir/__/__/Drivers/STM32G4xx_HAL_Driver/Src/stm32g4xx_hal_cortex.c.obj
 .text.__NVIC_EnableIRQ
                0x08004a74       0x3c cmake/stm32cubemx/CMakeFiles/STM32_Drivers.dir/__/__/Drivers/STM32G4xx_HAL_Driver/Src/stm32g4xx_hal_cortex.c.obj
 .text.__NVIC_SetPriority
                0x08004ab0       0x54 cmake/stm32cubemx/CMakeFiles/STM32_Drivers.dir/__/__/Drivers/STM32G4xx_HAL_Driver/Src/stm32g4xx_hal_cortex.c.obj
 .text.NVIC_EncodePriority
                0x08004b04       0x66 cmake/stm32cubemx/CMakeFiles/STM32_Drivers.dir/__/__/Drivers/STM32G4xx_HAL_Driver/Src/stm32g4xx_hal_cortex.c.obj
 *fill*         0x08004b6a        0x2 
 .text.SysTick_Config
                0x08004b6c       0x44 cmake/stm32cubemx/CMakeFiles/STM32_Drivers.dir/__/__/Drivers/STM32G4xx_HAL_Driver/Src/stm32g4xx_hal_cortex.c.obj
 .text.HAL_NVIC_SetPriorityGrouping
                0x08004bb0       0x16 cmake/stm32cubemx/CMakeFiles/STM32_Drivers.dir/__/__/Drivers/STM32G4xx_HAL_Driver/Src/stm32g4xx_hal_cortex.c.obj
                0x08004bb0                HAL_NVIC_SetPriorityGrouping
 .text.HAL_NVIC_SetPriority
                0x08004bc6       0x34 cmake/stm32cubemx/CMakeFiles/STM32_Drivers.dir/__/__/Drivers/STM32G4xx_HAL_Driver/Src/stm32g4xx_hal_cortex.c.obj
                0x08004bc6                HAL_NVIC_SetPriority
 .text.HAL_NVIC_EnableIRQ
                0x08004bfa       0x1c cmake/stm32cubemx/CMakeFiles/STM32_Drivers.dir/__/__/Drivers/STM32G4xx_HAL_Driver/Src/stm32g4xx_hal_cortex.c.obj
                0x08004bfa                HAL_NVIC_EnableIRQ
 .text.HAL_SYSTICK_Config
                0x08004c16       0x18 cmake/stm32cubemx/CMakeFiles/STM32_Drivers.dir/__/__/Drivers/STM32G4xx_HAL_Driver/Src/stm32g4xx_hal_cortex.c.obj
                0x08004c16                HAL_SYSTICK_Config
 *fill*         0x08004c2e        0x2 
 .text.HAL_HRTIM_Init
                0x08004c30      0x1a0 cmake/stm32cubemx/CMakeFiles/STM32_Drivers.dir/__/__/Drivers/STM32G4xx_HAL_Driver/Src/stm32g4xx_hal_hrtim.c.obj
                0x08004c30                HAL_HRTIM_Init
 .text.HAL_HRTIM_TimeBaseConfig
                0x08004dd0       0x50 cmake/stm32cubemx/CMakeFiles/STM32_Drivers.dir/__/__/Drivers/STM32G4xx_HAL_Driver/Src/stm32g4xx_hal_hrtim.c.obj
                0x08004dd0                HAL_HRTIM_TimeBaseConfig
 .text.HAL_HRTIM_RollOverModeConfig
                0x08004e20       0x5e cmake/stm32cubemx/CMakeFiles/STM32_Drivers.dir/__/__/Drivers/STM32G4xx_HAL_Driver/Src/stm32g4xx_hal_hrtim.c.obj
                0x08004e20                HAL_HRTIM_RollOverModeConfig
 .text.HAL_HRTIM_WaveformTimerConfig
                0x08004e7e      0x11a cmake/stm32cubemx/CMakeFiles/STM32_Drivers.dir/__/__/Drivers/STM32G4xx_HAL_Driver/Src/stm32g4xx_hal_hrtim.c.obj
                0x08004e7e                HAL_HRTIM_WaveformTimerConfig
 .text.HAL_HRTIM_WaveformTimerControl
                0x08004f98       0x5e cmake/stm32cubemx/CMakeFiles/STM32_Drivers.dir/__/__/Drivers/STM32G4xx_HAL_Driver/Src/stm32g4xx_hal_hrtim.c.obj
                0x08004f98                HAL_HRTIM_WaveformTimerControl
 *fill*         0x08004ff6        0x2 
 .text.HAL_HRTIM_DeadTimeConfig
                0x08004ff8      0x100 cmake/stm32cubemx/CMakeFiles/STM32_Drivers.dir/__/__/Drivers/STM32G4xx_HAL_Driver/Src/stm32g4xx_hal_hrtim.c.obj
                0x08004ff8                HAL_HRTIM_DeadTimeConfig
 .text.HAL_HRTIM_WaveformCompareConfig
                0x080050f8      0x2dc cmake/stm32cubemx/CMakeFiles/STM32_Drivers.dir/__/__/Drivers/STM32G4xx_HAL_Driver/Src/stm32g4xx_hal_hrtim.c.obj
                0x080050f8                HAL_HRTIM_WaveformCompareConfig
 .text.HAL_HRTIM_WaveformOutputConfig
                0x080053d4       0x62 cmake/stm32cubemx/CMakeFiles/STM32_Drivers.dir/__/__/Drivers/STM32G4xx_HAL_Driver/Src/stm32g4xx_hal_hrtim.c.obj
                0x080053d4                HAL_HRTIM_WaveformOutputConfig
 .text.HAL_HRTIM_WaveformOutputStart
                0x08005436       0x5a cmake/stm32cubemx/CMakeFiles/STM32_Drivers.dir/__/__/Drivers/STM32G4xx_HAL_Driver/Src/stm32g4xx_hal_hrtim.c.obj
                0x08005436                HAL_HRTIM_WaveformOutputStart
 .text.HAL_HRTIM_WaveformCountStart
                0x08005490       0x56 cmake/stm32cubemx/CMakeFiles/STM32_Drivers.dir/__/__/Drivers/STM32G4xx_HAL_Driver/Src/stm32g4xx_hal_hrtim.c.obj
                0x08005490                HAL_HRTIM_WaveformCountStart
 .text.HAL_HRTIM_IRQHandler
                0x080054e6       0x36 cmake/stm32cubemx/CMakeFiles/STM32_Drivers.dir/__/__/Drivers/STM32G4xx_HAL_Driver/Src/stm32g4xx_hal_hrtim.c.obj
                0x080054e6                HAL_HRTIM_IRQHandler
 .text.HAL_HRTIM_Fault1Callback
                0x0800551c       0x14 cmake/stm32cubemx/CMakeFiles/STM32_Drivers.dir/__/__/Drivers/STM32G4xx_HAL_Driver/Src/stm32g4xx_hal_hrtim.c.obj
                0x0800551c                HAL_HRTIM_Fault1Callback
 .text.HAL_HRTIM_Fault2Callback
                0x08005530       0x14 cmake/stm32cubemx/CMakeFiles/STM32_Drivers.dir/__/__/Drivers/STM32G4xx_HAL_Driver/Src/stm32g4xx_hal_hrtim.c.obj
                0x08005530                HAL_HRTIM_Fault2Callback
 .text.HAL_HRTIM_Fault3Callback
                0x08005544       0x14 cmake/stm32cubemx/CMakeFiles/STM32_Drivers.dir/__/__/Drivers/STM32G4xx_HAL_Driver/Src/stm32g4xx_hal_hrtim.c.obj
                0x08005544                HAL_HRTIM_Fault3Callback
 .text.HAL_HRTIM_Fault4Callback
                0x08005558       0x14 cmake/stm32cubemx/CMakeFiles/STM32_Drivers.dir/__/__/Drivers/STM32G4xx_HAL_Driver/Src/stm32g4xx_hal_hrtim.c.obj
                0x08005558                HAL_HRTIM_Fault4Callback
 .text.HAL_HRTIM_Fault5Callback
                0x0800556c       0x14 cmake/stm32cubemx/CMakeFiles/STM32_Drivers.dir/__/__/Drivers/STM32G4xx_HAL_Driver/Src/stm32g4xx_hal_hrtim.c.obj
                0x0800556c                HAL_HRTIM_Fault5Callback
 .text.HAL_HRTIM_Fault6Callback
                0x08005580       0x14 cmake/stm32cubemx/CMakeFiles/STM32_Drivers.dir/__/__/Drivers/STM32G4xx_HAL_Driver/Src/stm32g4xx_hal_hrtim.c.obj
                0x08005580                HAL_HRTIM_Fault6Callback
 .text.HAL_HRTIM_SystemFaultCallback
                0x08005594       0x14 cmake/stm32cubemx/CMakeFiles/STM32_Drivers.dir/__/__/Drivers/STM32G4xx_HAL_Driver/Src/stm32g4xx_hal_hrtim.c.obj
                0x08005594                HAL_HRTIM_SystemFaultCallback
 .text.HAL_HRTIM_DLLCalibrationReadyCallback
                0x080055a8       0x14 cmake/stm32cubemx/CMakeFiles/STM32_Drivers.dir/__/__/Drivers/STM32G4xx_HAL_Driver/Src/stm32g4xx_hal_hrtim.c.obj
                0x080055a8                HAL_HRTIM_DLLCalibrationReadyCallback
 .text.HAL_HRTIM_BurstModePeriodCallback
                0x080055bc       0x14 cmake/stm32cubemx/CMakeFiles/STM32_Drivers.dir/__/__/Drivers/STM32G4xx_HAL_Driver/Src/stm32g4xx_hal_hrtim.c.obj
                0x080055bc                HAL_HRTIM_BurstModePeriodCallback
 .text.HAL_HRTIM_SynchronizationEventCallback
                0x080055d0       0x14 cmake/stm32cubemx/CMakeFiles/STM32_Drivers.dir/__/__/Drivers/STM32G4xx_HAL_Driver/Src/stm32g4xx_hal_hrtim.c.obj
                0x080055d0                HAL_HRTIM_SynchronizationEventCallback
 .text.HAL_HRTIM_RepetitionEventCallback
                0x080055e4       0x16 cmake/stm32cubemx/CMakeFiles/STM32_Drivers.dir/__/__/Drivers/STM32G4xx_HAL_Driver/Src/stm32g4xx_hal_hrtim.c.obj
                0x080055e4                HAL_HRTIM_RepetitionEventCallback
 .text.HAL_HRTIM_Compare1EventCallback
                0x080055fa       0x16 cmake/stm32cubemx/CMakeFiles/STM32_Drivers.dir/__/__/Drivers/STM32G4xx_HAL_Driver/Src/stm32g4xx_hal_hrtim.c.obj
                0x080055fa                HAL_HRTIM_Compare1EventCallback
 .text.HAL_HRTIM_Compare2EventCallback
                0x08005610       0x16 cmake/stm32cubemx/CMakeFiles/STM32_Drivers.dir/__/__/Drivers/STM32G4xx_HAL_Driver/Src/stm32g4xx_hal_hrtim.c.obj
                0x08005610                HAL_HRTIM_Compare2EventCallback
 .text.HAL_HRTIM_Compare3EventCallback
                0x08005626       0x16 cmake/stm32cubemx/CMakeFiles/STM32_Drivers.dir/__/__/Drivers/STM32G4xx_HAL_Driver/Src/stm32g4xx_hal_hrtim.c.obj
                0x08005626                HAL_HRTIM_Compare3EventCallback
 .text.HAL_HRTIM_Compare4EventCallback
                0x0800563c       0x16 cmake/stm32cubemx/CMakeFiles/STM32_Drivers.dir/__/__/Drivers/STM32G4xx_HAL_Driver/Src/stm32g4xx_hal_hrtim.c.obj
                0x0800563c                HAL_HRTIM_Compare4EventCallback
 .text.HAL_HRTIM_Capture1EventCallback
                0x08005652       0x16 cmake/stm32cubemx/CMakeFiles/STM32_Drivers.dir/__/__/Drivers/STM32G4xx_HAL_Driver/Src/stm32g4xx_hal_hrtim.c.obj
                0x08005652                HAL_HRTIM_Capture1EventCallback
 .text.HAL_HRTIM_Capture2EventCallback
                0x08005668       0x16 cmake/stm32cubemx/CMakeFiles/STM32_Drivers.dir/__/__/Drivers/STM32G4xx_HAL_Driver/Src/stm32g4xx_hal_hrtim.c.obj
                0x08005668                HAL_HRTIM_Capture2EventCallback
 .text.HAL_HRTIM_DelayedProtectionCallback
                0x0800567e       0x16 cmake/stm32cubemx/CMakeFiles/STM32_Drivers.dir/__/__/Drivers/STM32G4xx_HAL_Driver/Src/stm32g4xx_hal_hrtim.c.obj
                0x0800567e                HAL_HRTIM_DelayedProtectionCallback
 .text.HAL_HRTIM_CounterResetCallback
                0x08005694       0x16 cmake/stm32cubemx/CMakeFiles/STM32_Drivers.dir/__/__/Drivers/STM32G4xx_HAL_Driver/Src/stm32g4xx_hal_hrtim.c.obj
                0x08005694                HAL_HRTIM_CounterResetCallback
 .text.HAL_HRTIM_Output1SetCallback
                0x080056aa       0x16 cmake/stm32cubemx/CMakeFiles/STM32_Drivers.dir/__/__/Drivers/STM32G4xx_HAL_Driver/Src/stm32g4xx_hal_hrtim.c.obj
                0x080056aa                HAL_HRTIM_Output1SetCallback
 .text.HAL_HRTIM_Output1ResetCallback
                0x080056c0       0x16 cmake/stm32cubemx/CMakeFiles/STM32_Drivers.dir/__/__/Drivers/STM32G4xx_HAL_Driver/Src/stm32g4xx_hal_hrtim.c.obj
                0x080056c0                HAL_HRTIM_Output1ResetCallback
 .text.HAL_HRTIM_Output2SetCallback
                0x080056d6       0x16 cmake/stm32cubemx/CMakeFiles/STM32_Drivers.dir/__/__/Drivers/STM32G4xx_HAL_Driver/Src/stm32g4xx_hal_hrtim.c.obj
                0x080056d6                HAL_HRTIM_Output2SetCallback
 .text.HAL_HRTIM_Output2ResetCallback
                0x080056ec       0x16 cmake/stm32cubemx/CMakeFiles/STM32_Drivers.dir/__/__/Drivers/STM32G4xx_HAL_Driver/Src/stm32g4xx_hal_hrtim.c.obj
                0x080056ec                HAL_HRTIM_Output2ResetCallback
 .text.HRTIM_MasterBase_Config
                0x08005702       0x5e cmake/stm32cubemx/CMakeFiles/STM32_Drivers.dir/__/__/Drivers/STM32G4xx_HAL_Driver/Src/stm32g4xx_hal_hrtim.c.obj
 .text.HRTIM_TimingUnitBase_Config
                0x08005760       0x80 cmake/stm32cubemx/CMakeFiles/STM32_Drivers.dir/__/__/Drivers/STM32G4xx_HAL_Driver/Src/stm32g4xx_hal_hrtim.c.obj
 .text.HRTIM_MasterWaveform_Config
                0x080057e0      0x13a cmake/stm32cubemx/CMakeFiles/STM32_Drivers.dir/__/__/Drivers/STM32G4xx_HAL_Driver/Src/stm32g4xx_hal_hrtim.c.obj
 *fill*         0x0800591a        0x2 
 .text.HRTIM_TimingUnitWaveform_Config
                0x0800591c      0x314 cmake/stm32cubemx/CMakeFiles/STM32_Drivers.dir/__/__/Drivers/STM32G4xx_HAL_Driver/Src/stm32g4xx_hal_hrtim.c.obj
 .text.HRTIM_TimingUnitWaveform_Control
                0x08005c30       0xc0 cmake/stm32cubemx/CMakeFiles/STM32_Drivers.dir/__/__/Drivers/STM32G4xx_HAL_Driver/Src/stm32g4xx_hal_hrtim.c.obj
 .text.HRTIM_TimingUnitRollOver_Config
                0x08005cf0       0x5c cmake/stm32cubemx/CMakeFiles/STM32_Drivers.dir/__/__/Drivers/STM32G4xx_HAL_Driver/Src/stm32g4xx_hal_hrtim.c.obj
 .text.HRTIM_OutputConfig
                0x08005d4c      0x1d0 cmake/stm32cubemx/CMakeFiles/STM32_Drivers.dir/__/__/Drivers/STM32G4xx_HAL_Driver/Src/stm32g4xx_hal_hrtim.c.obj
 .text.HRTIM_ForceRegistersUpdate
                0x08005f1c       0xdc cmake/stm32cubemx/CMakeFiles/STM32_Drivers.dir/__/__/Drivers/STM32G4xx_HAL_Driver/Src/stm32g4xx_hal_hrtim.c.obj
 .text.HRTIM_HRTIM_ISR
                0x08005ff8      0x120 cmake/stm32cubemx/CMakeFiles/STM32_Drivers.dir/__/__/Drivers/STM32G4xx_HAL_Driver/Src/stm32g4xx_hal_hrtim.c.obj
 .text.HRTIM_Master_ISR
                0x08006118      0x18a cmake/stm32cubemx/CMakeFiles/STM32_Drivers.dir/__/__/Drivers/STM32G4xx_HAL_Driver/Src/stm32g4xx_hal_hrtim.c.obj
 .text.HRTIM_Timer_ISR
                0x080062a2      0x2aa cmake/stm32cubemx/CMakeFiles/STM32_Drivers.dir/__/__/Drivers/STM32G4xx_HAL_Driver/Src/stm32g4xx_hal_hrtim.c.obj
 .text.HAL_SPI_Init
                0x0800654c      0x156 cmake/stm32cubemx/CMakeFiles/STM32_Drivers.dir/__/__/Drivers/STM32G4xx_HAL_Driver/Src/stm32g4xx_hal_spi.c.obj
                0x0800654c                HAL_SPI_Init
 *fill*         0x080066a2        0x2 
 .text.HAL_SPI_Transmit_DMA
                0x080066a4      0x1dc cmake/stm32cubemx/CMakeFiles/STM32_Drivers.dir/__/__/Drivers/STM32G4xx_HAL_Driver/Src/stm32g4xx_hal_spi.c.obj
                0x080066a4                HAL_SPI_Transmit_DMA
 .text.HAL_SPI_IRQHandler
                0x08006880      0x200 cmake/stm32cubemx/CMakeFiles/STM32_Drivers.dir/__/__/Drivers/STM32G4xx_HAL_Driver/Src/stm32g4xx_hal_spi.c.obj
                0x08006880                HAL_SPI_IRQHandler
 .text.HAL_SPI_TxCpltCallback
                0x08006a80       0x14 cmake/stm32cubemx/CMakeFiles/STM32_Drivers.dir/__/__/Drivers/STM32G4xx_HAL_Driver/Src/stm32g4xx_hal_spi.c.obj
                0x08006a80                HAL_SPI_TxCpltCallback
 .text.HAL_SPI_TxHalfCpltCallback
                0x08006a94       0x14 cmake/stm32cubemx/CMakeFiles/STM32_Drivers.dir/__/__/Drivers/STM32G4xx_HAL_Driver/Src/stm32g4xx_hal_spi.c.obj
                0x08006a94                HAL_SPI_TxHalfCpltCallback
 .text.HAL_SPI_ErrorCallback
                0x08006aa8       0x14 cmake/stm32cubemx/CMakeFiles/STM32_Drivers.dir/__/__/Drivers/STM32G4xx_HAL_Driver/Src/stm32g4xx_hal_spi.c.obj
                0x08006aa8                HAL_SPI_ErrorCallback
 .text.SPI_DMATransmitCplt
                0x08006abc       0xa6 cmake/stm32cubemx/CMakeFiles/STM32_Drivers.dir/__/__/Drivers/STM32G4xx_HAL_Driver/Src/stm32g4xx_hal_spi.c.obj
 .text.SPI_DMAHalfTransmitCplt
                0x08006b62       0x1c cmake/stm32cubemx/CMakeFiles/STM32_Drivers.dir/__/__/Drivers/STM32G4xx_HAL_Driver/Src/stm32g4xx_hal_spi.c.obj
 .text.SPI_DMAError
                0x08006b7e       0x40 cmake/stm32cubemx/CMakeFiles/STM32_Drivers.dir/__/__/Drivers/STM32G4xx_HAL_Driver/Src/stm32g4xx_hal_spi.c.obj
 .text.SPI_DMAAbortOnError
                0x08006bbe       0x2a cmake/stm32cubemx/CMakeFiles/STM32_Drivers.dir/__/__/Drivers/STM32G4xx_HAL_Driver/Src/stm32g4xx_hal_spi.c.obj
 .text.SPI_WaitFlagStateUntilTimeout
                0x08006be8      0x110 cmake/stm32cubemx/CMakeFiles/STM32_Drivers.dir/__/__/Drivers/STM32G4xx_HAL_Driver/Src/stm32g4xx_hal_spi.c.obj
 .text.SPI_WaitFifoStateUntilTimeout
                0x08006cf8      0x12c cmake/stm32cubemx/CMakeFiles/STM32_Drivers.dir/__/__/Drivers/STM32G4xx_HAL_Driver/Src/stm32g4xx_hal_spi.c.obj
 .text.SPI_EndRxTxTransaction
                0x08006e24       0x8c cmake/stm32cubemx/CMakeFiles/STM32_Drivers.dir/__/__/Drivers/STM32G4xx_HAL_Driver/Src/stm32g4xx_hal_spi.c.obj
 .text.HAL_TIM_Base_Init
                0x08006eb0       0xae cmake/stm32cubemx/CMakeFiles/STM32_Drivers.dir/__/__/Drivers/STM32G4xx_HAL_Driver/Src/stm32g4xx_hal_tim.c.obj
                0x08006eb0                HAL_TIM_Base_Init
 *fill*         0x08006f5e        0x2 
 .text.HAL_TIM_Base_Start
                0x08006f60       0xe0 cmake/stm32cubemx/CMakeFiles/STM32_Drivers.dir/__/__/Drivers/STM32G4xx_HAL_Driver/Src/stm32g4xx_hal_tim.c.obj
                0x08006f60                HAL_TIM_Base_Start
 .text.HAL_TIM_Base_Stop
                0x08007040       0x50 cmake/stm32cubemx/CMakeFiles/STM32_Drivers.dir/__/__/Drivers/STM32G4xx_HAL_Driver/Src/stm32g4xx_hal_tim.c.obj
                0x08007040                HAL_TIM_Base_Stop
 .text.HAL_TIM_PWM_Init
                0x08007090       0xae cmake/stm32cubemx/CMakeFiles/STM32_Drivers.dir/__/__/Drivers/STM32G4xx_HAL_Driver/Src/stm32g4xx_hal_tim.c.obj
                0x08007090                HAL_TIM_PWM_Init
 .text.HAL_TIM_PWM_MspInit
                0x0800713e       0x14 cmake/stm32cubemx/CMakeFiles/STM32_Drivers.dir/__/__/Drivers/STM32G4xx_HAL_Driver/Src/stm32g4xx_hal_tim.c.obj
                0x0800713e                HAL_TIM_PWM_MspInit
 *fill*         0x08007152        0x2 
 .text.HAL_TIM_PWM_Start
                0x08007154      0x224 cmake/stm32cubemx/CMakeFiles/STM32_Drivers.dir/__/__/Drivers/STM32G4xx_HAL_Driver/Src/stm32g4xx_hal_tim.c.obj
                0x08007154                HAL_TIM_PWM_Start
 .text.HAL_TIM_PWM_Stop
                0x08007378      0x13c cmake/stm32cubemx/CMakeFiles/STM32_Drivers.dir/__/__/Drivers/STM32G4xx_HAL_Driver/Src/stm32g4xx_hal_tim.c.obj
                0x08007378                HAL_TIM_PWM_Stop
 .text.HAL_TIM_PWM_ConfigChannel
                0x080074b4      0x228 cmake/stm32cubemx/CMakeFiles/STM32_Drivers.dir/__/__/Drivers/STM32G4xx_HAL_Driver/Src/stm32g4xx_hal_tim.c.obj
                0x080074b4                HAL_TIM_PWM_ConfigChannel
 .text.HAL_TIM_ConfigClockSource
                0x080076dc      0x22c cmake/stm32cubemx/CMakeFiles/STM32_Drivers.dir/__/__/Drivers/STM32G4xx_HAL_Driver/Src/stm32g4xx_hal_tim.c.obj
                0x080076dc                HAL_TIM_ConfigClockSource
 .text.TIM_Base_SetConfig
                0x08007908      0x15c cmake/stm32cubemx/CMakeFiles/STM32_Drivers.dir/__/__/Drivers/STM32G4xx_HAL_Driver/Src/stm32g4xx_hal_tim.c.obj
                0x08007908                TIM_Base_SetConfig
 .text.TIM_OC1_SetConfig
                0x08007a64      0x138 cmake/stm32cubemx/CMakeFiles/STM32_Drivers.dir/__/__/Drivers/STM32G4xx_HAL_Driver/Src/stm32g4xx_hal_tim.c.obj
 .text.TIM_OC2_SetConfig
                0x08007b9c      0x12c cmake/stm32cubemx/CMakeFiles/STM32_Drivers.dir/__/__/Drivers/STM32G4xx_HAL_Driver/Src/stm32g4xx_hal_tim.c.obj
                0x08007b9c                TIM_OC2_SetConfig
 .text.TIM_OC3_SetConfig
                0x08007cc8      0x128 cmake/stm32cubemx/CMakeFiles/STM32_Drivers.dir/__/__/Drivers/STM32G4xx_HAL_Driver/Src/stm32g4xx_hal_tim.c.obj
 .text.TIM_OC4_SetConfig
                0x08007df0      0x12c cmake/stm32cubemx/CMakeFiles/STM32_Drivers.dir/__/__/Drivers/STM32G4xx_HAL_Driver/Src/stm32g4xx_hal_tim.c.obj
 .text.TIM_OC5_SetConfig
                0x08007f1c       0xd4 cmake/stm32cubemx/CMakeFiles/STM32_Drivers.dir/__/__/Drivers/STM32G4xx_HAL_Driver/Src/stm32g4xx_hal_tim.c.obj
 .text.TIM_OC6_SetConfig
                0x08007ff0       0xd8 cmake/stm32cubemx/CMakeFiles/STM32_Drivers.dir/__/__/Drivers/STM32G4xx_HAL_Driver/Src/stm32g4xx_hal_tim.c.obj
 .text.TIM_TI1_ConfigInputStage
                0x080080c8       0xb4 cmake/stm32cubemx/CMakeFiles/STM32_Drivers.dir/__/__/Drivers/STM32G4xx_HAL_Driver/Src/stm32g4xx_hal_tim.c.obj
 .text.TIM_TI2_ConfigInputStage
                0x0800817c       0x90 cmake/stm32cubemx/CMakeFiles/STM32_Drivers.dir/__/__/Drivers/STM32G4xx_HAL_Driver/Src/stm32g4xx_hal_tim.c.obj
 .text.TIM_ITRx_SetConfig
                0x0800820c       0x3a cmake/stm32cubemx/CMakeFiles/STM32_Drivers.dir/__/__/Drivers/STM32G4xx_HAL_Driver/Src/stm32g4xx_hal_tim.c.obj
 .text.TIM_ETR_SetConfig
                0x08008246       0x40 cmake/stm32cubemx/CMakeFiles/STM32_Drivers.dir/__/__/Drivers/STM32G4xx_HAL_Driver/Src/stm32g4xx_hal_tim.c.obj
                0x08008246                TIM_ETR_SetConfig
 .text.TIM_CCxChannelCmd
                0x08008286       0x4a cmake/stm32cubemx/CMakeFiles/STM32_Drivers.dir/__/__/Drivers/STM32G4xx_HAL_Driver/Src/stm32g4xx_hal_tim.c.obj
                0x08008286                TIM_CCxChannelCmd
 .text.HAL_TIMEx_MasterConfigSynchronization
                0x080082d0      0x12c cmake/stm32cubemx/CMakeFiles/STM32_Drivers.dir/__/__/Drivers/STM32G4xx_HAL_Driver/Src/stm32g4xx_hal_tim_ex.c.obj
                0x080082d0                HAL_TIMEx_MasterConfigSynchronization
 .text.HAL_UART_Init
                0x080083fc       0xa0 cmake/stm32cubemx/CMakeFiles/STM32_Drivers.dir/__/__/Drivers/STM32G4xx_HAL_Driver/Src/stm32g4xx_hal_uart.c.obj
                0x080083fc                HAL_UART_Init
 .text.HAL_UART_IRQHandler
                0x0800849c      0x684 cmake/stm32cubemx/CMakeFiles/STM32_Drivers.dir/__/__/Drivers/STM32G4xx_HAL_Driver/Src/stm32g4xx_hal_uart.c.obj
                0x0800849c                HAL_UART_IRQHandler
 .text.HAL_UART_TxCpltCallback
                0x08008b20       0x14 cmake/stm32cubemx/CMakeFiles/STM32_Drivers.dir/__/__/Drivers/STM32G4xx_HAL_Driver/Src/stm32g4xx_hal_uart.c.obj
                0x08008b20                HAL_UART_TxCpltCallback
 .text.HAL_UART_ErrorCallback
                0x08008b34       0x14 cmake/stm32cubemx/CMakeFiles/STM32_Drivers.dir/__/__/Drivers/STM32G4xx_HAL_Driver/Src/stm32g4xx_hal_uart.c.obj
                0x08008b34                HAL_UART_ErrorCallback
 .text.HAL_UARTEx_RxEventCallback
                0x08008b48       0x18 cmake/stm32cubemx/CMakeFiles/STM32_Drivers.dir/__/__/Drivers/STM32G4xx_HAL_Driver/Src/stm32g4xx_hal_uart.c.obj
                0x08008b48                HAL_UARTEx_RxEventCallback
 .text.UART_SetConfig
                0x08008b60      0x5f8 cmake/stm32cubemx/CMakeFiles/STM32_Drivers.dir/__/__/Drivers/STM32G4xx_HAL_Driver/Src/stm32g4xx_hal_uart.c.obj
                0x08008b60                UART_SetConfig
 .text.UART_AdvFeatureConfig
                0x08009158      0x144 cmake/stm32cubemx/CMakeFiles/STM32_Drivers.dir/__/__/Drivers/STM32G4xx_HAL_Driver/Src/stm32g4xx_hal_uart.c.obj
                0x08009158                UART_AdvFeatureConfig
 .text.UART_CheckIdleState
                0x0800929c      0x154 cmake/stm32cubemx/CMakeFiles/STM32_Drivers.dir/__/__/Drivers/STM32G4xx_HAL_Driver/Src/stm32g4xx_hal_uart.c.obj
                0x0800929c                UART_CheckIdleState
 .text.UART_WaitOnFlagUntilTimeout
                0x080093f0       0xda cmake/stm32cubemx/CMakeFiles/STM32_Drivers.dir/__/__/Drivers/STM32G4xx_HAL_Driver/Src/stm32g4xx_hal_uart.c.obj
                0x080093f0                UART_WaitOnFlagUntilTimeout
 .text.UART_EndRxTransfer
                0x080094ca       0xcc cmake/stm32cubemx/CMakeFiles/STM32_Drivers.dir/__/__/Drivers/STM32G4xx_HAL_Driver/Src/stm32g4xx_hal_uart.c.obj
 .text.UART_DMAAbortOnError
                0x08009596       0x1c cmake/stm32cubemx/CMakeFiles/STM32_Drivers.dir/__/__/Drivers/STM32G4xx_HAL_Driver/Src/stm32g4xx_hal_uart.c.obj
 .text.UART_EndTransmit_IT
                0x080095b2       0x56 cmake/stm32cubemx/CMakeFiles/STM32_Drivers.dir/__/__/Drivers/STM32G4xx_HAL_Driver/Src/stm32g4xx_hal_uart.c.obj
 .text.HAL_UARTEx_WakeupCallback
                0x08009608       0x14 cmake/stm32cubemx/CMakeFiles/STM32_Drivers.dir/__/__/Drivers/STM32G4xx_HAL_Driver/Src/stm32g4xx_hal_uart_ex.c.obj
                0x08009608                HAL_UARTEx_WakeupCallback
 .text.HAL_UARTEx_RxFifoFullCallback
                0x0800961c       0x14 cmake/stm32cubemx/CMakeFiles/STM32_Drivers.dir/__/__/Drivers/STM32G4xx_HAL_Driver/Src/stm32g4xx_hal_uart_ex.c.obj
                0x0800961c                HAL_UARTEx_RxFifoFullCallback
 .text.HAL_UARTEx_TxFifoEmptyCallback
                0x08009630       0x14 cmake/stm32cubemx/CMakeFiles/STM32_Drivers.dir/__/__/Drivers/STM32G4xx_HAL_Driver/Src/stm32g4xx_hal_uart_ex.c.obj
                0x08009630                HAL_UARTEx_TxFifoEmptyCallback
 .text.HAL_UARTEx_DisableFifoMode
                0x08009644       0x72 cmake/stm32cubemx/CMakeFiles/STM32_Drivers.dir/__/__/Drivers/STM32G4xx_HAL_Driver/Src/stm32g4xx_hal_uart_ex.c.obj
                0x08009644                HAL_UARTEx_DisableFifoMode
 .text.HAL_UARTEx_SetTxFifoThreshold
                0x080096b6       0x7c cmake/stm32cubemx/CMakeFiles/STM32_Drivers.dir/__/__/Drivers/STM32G4xx_HAL_Driver/Src/stm32g4xx_hal_uart_ex.c.obj
                0x080096b6                HAL_UARTEx_SetTxFifoThreshold
 .text.HAL_UARTEx_SetRxFifoThreshold
                0x08009732       0x7c cmake/stm32cubemx/CMakeFiles/STM32_Drivers.dir/__/__/Drivers/STM32G4xx_HAL_Driver/Src/stm32g4xx_hal_uart_ex.c.obj
                0x08009732                HAL_UARTEx_SetRxFifoThreshold
 *fill*         0x080097ae        0x2 
 .text.UARTEx_SetNbDataToProcess
                0x080097b0       0x9c cmake/stm32cubemx/CMakeFiles/STM32_Drivers.dir/__/__/Drivers/STM32G4xx_HAL_Driver/Src/stm32g4xx_hal_uart_ex.c.obj
 .text.three_phase_inverter_interface_head
                0x0800984c       0x50 CMakeFiles/Three-phase_inverter.dir/Core/Src/MY_OLED.c.obj
                0x0800984c                three_phase_inverter_interface_head
 .text.three_phase_inverter_interface_main
                0x0800989c       0x98 CMakeFiles/Three-phase_inverter.dir/Core/Src/MY_OLED.c.obj
                0x0800989c                three_phase_inverter_interface_main
 .text.DeBug_interface_head
                0x08009934       0x8c CMakeFiles/Three-phase_inverter.dir/Core/Src/MY_OLED.c.obj
                0x08009934                DeBug_interface_head
 .text.DeBug_interface_main
                0x080099c0      0x1fc CMakeFiles/Three-phase_inverter.dir/Core/Src/MY_OLED.c.obj
                0x080099c0                DeBug_interface_main
 .text.OLED_W_RES
                0x08009bbc       0x24 CMakeFiles/Three-phase_inverter.dir/Core/Src/OLED.c.obj
                0x08009bbc                OLED_W_RES
 .text.OLED_W_DC
                0x08009be0       0x24 CMakeFiles/Three-phase_inverter.dir/Core/Src/OLED.c.obj
                0x08009be0                OLED_W_DC
 .text.OLED_GPIO_Init
                0x08009c04       0x5a CMakeFiles/Three-phase_inverter.dir/Core/Src/OLED.c.obj
                0x08009c04                OLED_GPIO_Init
 *fill*         0x08009c5e        0x2 
 .text.OLED_SPI_SendByte
                0x08009c60       0x24 CMakeFiles/Three-phase_inverter.dir/Core/Src/OLED.c.obj
                0x08009c60                OLED_SPI_SendByte
 .text.OLED_WriteCommand
                0x08009c84       0x20 CMakeFiles/Three-phase_inverter.dir/Core/Src/OLED.c.obj
                0x08009c84                OLED_WriteCommand
 .text.OLED_WriteData
                0x08009ca4       0x3e CMakeFiles/Three-phase_inverter.dir/Core/Src/OLED.c.obj
                0x08009ca4                OLED_WriteData
 .text.OLED_Init
                0x08009ce2       0x9e CMakeFiles/Three-phase_inverter.dir/Core/Src/OLED.c.obj
                0x08009ce2                OLED_Init
 .text.OLED_SetCursor
                0x08009d80       0x46 CMakeFiles/Three-phase_inverter.dir/Core/Src/OLED.c.obj
                0x08009d80                OLED_SetCursor
 .text.OLED_Pow
                0x08009dc6       0x32 CMakeFiles/Three-phase_inverter.dir/Core/Src/OLED.c.obj
                0x08009dc6                OLED_Pow
 .text.OLED_Update
                0x08009df8       0x40 CMakeFiles/Three-phase_inverter.dir/Core/Src/OLED.c.obj
                0x08009df8                OLED_Update
 .text.OLED_Clear
                0x08009e38       0x50 CMakeFiles/Three-phase_inverter.dir/Core/Src/OLED.c.obj
                0x08009e38                OLED_Clear
 .text.OLED_ClearArea
                0x08009e88       0xec CMakeFiles/Three-phase_inverter.dir/Core/Src/OLED.c.obj
                0x08009e88                OLED_ClearArea
 .text.OLED_ShowChar
                0x08009f74       0x7c CMakeFiles/Three-phase_inverter.dir/Core/Src/OLED.c.obj
                0x08009f74                OLED_ShowChar
 .text.OLED_ShowString
                0x08009ff0      0x284 CMakeFiles/Three-phase_inverter.dir/Core/Src/OLED.c.obj
                0x08009ff0                OLED_ShowString
 .text.OLED_ShowNum
                0x0800a274       0x90 CMakeFiles/Three-phase_inverter.dir/Core/Src/OLED.c.obj
                0x0800a274                OLED_ShowNum
 .text.OLED_ShowFloatNum
                0x0800a304      0x15c CMakeFiles/Three-phase_inverter.dir/Core/Src/OLED.c.obj
                0x0800a304                OLED_ShowFloatNum
 .text.OLED_ShowImage
                0x0800a460      0x1c8 CMakeFiles/Three-phase_inverter.dir/Core/Src/OLED.c.obj
                0x0800a460                OLED_ShowImage
 .text.main     0x0800a628      0x270 CMakeFiles/Three-phase_inverter.dir/Core/Src/main.c.obj
                0x0800a628                main
 .text.SystemClock_Config
                0x0800a898       0x92 CMakeFiles/Three-phase_inverter.dir/Core/Src/main.c.obj
                0x0800a898                SystemClock_Config
 *fill*         0x0800a92a        0x2 
 .text.QPR_Init
                0x0800a92c      0x1a4 CMakeFiles/Three-phase_inverter.dir/Core/Src/main.c.obj
                0x0800a92c                QPR_Init
 .text.QPR_QSG_Compute
                0x0800aad0       0xf0 CMakeFiles/Three-phase_inverter.dir/Core/Src/main.c.obj
                0x0800aad0                QPR_QSG_Compute
 .text.SV_init  0x0800abc0       0x60 CMakeFiles/Three-phase_inverter.dir/Core/Src/main.c.obj
                0x0800abc0                SV_init
 .text.calc_conv_phy
                0x0800ac20       0x74 CMakeFiles/Three-phase_inverter.dir/Core/Src/main.c.obj
                0x0800ac20                calc_conv_phy
 .text.SVPWM_init
                0x0800ac94       0x90 CMakeFiles/Three-phase_inverter.dir/Core/Src/main.c.obj
                0x0800ac94                SVPWM_init
 .text.harmonic_insert
                0x0800ad24      0x130 CMakeFiles/Three-phase_inverter.dir/Core/Src/main.c.obj
                0x0800ad24                harmonic_insert
 .text.frequency_conv
                0x0800ae54       0xbc CMakeFiles/Three-phase_inverter.dir/Core/Src/main.c.obj
                0x0800ae54                frequency_conv
 .text.get_va_setpoint_data
                0x0800af10       0x98 CMakeFiles/Three-phase_inverter.dir/Core/Src/main.c.obj
                0x0800af10                get_va_setpoint_data
 .text.get_vb_setpoint_data
                0x0800afa8       0xb8 CMakeFiles/Three-phase_inverter.dir/Core/Src/main.c.obj
                0x0800afa8                get_vb_setpoint_data
 .text.HAL_HRTIM_RegistersUpdateCallback
                0x0800b060      0x1dc CMakeFiles/Three-phase_inverter.dir/Core/Src/main.c.obj
                0x0800b060                HAL_HRTIM_RegistersUpdateCallback
 .text.HAL_GPIO_EXTI_Callback
                0x0800b23c      0x4d0 CMakeFiles/Three-phase_inverter.dir/Core/Src/main.c.obj
                0x0800b23c                HAL_GPIO_EXTI_Callback
 .text.Error_Handler
                0x0800b70c        0xc CMakeFiles/Three-phase_inverter.dir/Core/Src/main.c.obj
                0x0800b70c                Error_Handler
 .text.MX_GPIO_Init
                0x0800b718      0x170 CMakeFiles/Three-phase_inverter.dir/Core/Src/gpio.c.obj
                0x0800b718                MX_GPIO_Init
 .text.MX_ADC1_Init
                0x0800b888      0x134 CMakeFiles/Three-phase_inverter.dir/Core/Src/adc.c.obj
                0x0800b888                MX_ADC1_Init
 .text.MX_ADC2_Init
                0x0800b9bc      0x110 CMakeFiles/Three-phase_inverter.dir/Core/Src/adc.c.obj
                0x0800b9bc                MX_ADC2_Init
 .text.HAL_ADC_MspInit
                0x0800bacc      0x2d8 CMakeFiles/Three-phase_inverter.dir/Core/Src/adc.c.obj
                0x0800bacc                HAL_ADC_MspInit
 .text.MX_DMA_Init
                0x0800bda4       0x84 CMakeFiles/Three-phase_inverter.dir/Core/Src/dma.c.obj
                0x0800bda4                MX_DMA_Init
 .text.MX_HRTIM1_Init
                0x0800be28      0x3c4 CMakeFiles/Three-phase_inverter.dir/Core/Src/hrtim.c.obj
                0x0800be28                MX_HRTIM1_Init
 .text.HAL_HRTIM_MspInit
                0x0800c1ec       0x4c CMakeFiles/Three-phase_inverter.dir/Core/Src/hrtim.c.obj
                0x0800c1ec                HAL_HRTIM_MspInit
 .text.HAL_HRTIM_MspPostInit
                0x0800c238       0xac CMakeFiles/Three-phase_inverter.dir/Core/Src/hrtim.c.obj
                0x0800c238                HAL_HRTIM_MspPostInit
 .text.MX_SPI3_Init
                0x0800c2e4       0x7c CMakeFiles/Three-phase_inverter.dir/Core/Src/spi.c.obj
                0x0800c2e4                MX_SPI3_Init
 .text.HAL_SPI_MspInit
                0x0800c360      0x130 CMakeFiles/Three-phase_inverter.dir/Core/Src/spi.c.obj
                0x0800c360                HAL_SPI_MspInit
 .text.MX_TIM3_Init
                0x0800c490       0xf0 CMakeFiles/Three-phase_inverter.dir/Core/Src/tim.c.obj
                0x0800c490                MX_TIM3_Init
 .text.HAL_TIM_Base_MspInit
                0x0800c580       0x40 CMakeFiles/Three-phase_inverter.dir/Core/Src/tim.c.obj
                0x0800c580                HAL_TIM_Base_MspInit
 .text.HAL_TIM_MspPostInit
                0x0800c5c0       0x70 CMakeFiles/Three-phase_inverter.dir/Core/Src/tim.c.obj
                0x0800c5c0                HAL_TIM_MspPostInit
 .text.MX_UART4_Init
                0x0800c630       0x98 CMakeFiles/Three-phase_inverter.dir/Core/Src/usart.c.obj
                0x0800c630                MX_UART4_Init
 .text.HAL_UART_MspInit
                0x0800c6c8      0x11c CMakeFiles/Three-phase_inverter.dir/Core/Src/usart.c.obj
                0x0800c6c8                HAL_UART_MspInit
 .text.NMI_Handler
                0x0800c7e4        0x8 CMakeFiles/Three-phase_inverter.dir/Core/Src/stm32g4xx_it.c.obj
                0x0800c7e4                NMI_Handler
 .text.HardFault_Handler
                0x0800c7ec        0x8 CMakeFiles/Three-phase_inverter.dir/Core/Src/stm32g4xx_it.c.obj
                0x0800c7ec                HardFault_Handler
 .text.MemManage_Handler
                0x0800c7f4        0x8 CMakeFiles/Three-phase_inverter.dir/Core/Src/stm32g4xx_it.c.obj
                0x0800c7f4                MemManage_Handler
 .text.BusFault_Handler
                0x0800c7fc        0x8 CMakeFiles/Three-phase_inverter.dir/Core/Src/stm32g4xx_it.c.obj
                0x0800c7fc                BusFault_Handler
 .text.UsageFault_Handler
                0x0800c804        0x8 CMakeFiles/Three-phase_inverter.dir/Core/Src/stm32g4xx_it.c.obj
                0x0800c804                UsageFault_Handler
 .text.SVC_Handler
                0x0800c80c        0xe CMakeFiles/Three-phase_inverter.dir/Core/Src/stm32g4xx_it.c.obj
                0x0800c80c                SVC_Handler
 .text.DebugMon_Handler
                0x0800c81a        0xe CMakeFiles/Three-phase_inverter.dir/Core/Src/stm32g4xx_it.c.obj
                0x0800c81a                DebugMon_Handler
 .text.PendSV_Handler
                0x0800c828        0xe CMakeFiles/Three-phase_inverter.dir/Core/Src/stm32g4xx_it.c.obj
                0x0800c828                PendSV_Handler
 .text.SysTick_Handler
                0x0800c836        0xc CMakeFiles/Three-phase_inverter.dir/Core/Src/stm32g4xx_it.c.obj
                0x0800c836                SysTick_Handler
 .text.EXTI0_IRQHandler
                0x0800c842        0xe CMakeFiles/Three-phase_inverter.dir/Core/Src/stm32g4xx_it.c.obj
                0x0800c842                EXTI0_IRQHandler
 .text.EXTI2_IRQHandler
                0x0800c850        0xe CMakeFiles/Three-phase_inverter.dir/Core/Src/stm32g4xx_it.c.obj
                0x0800c850                EXTI2_IRQHandler
 *fill*         0x0800c85e        0x2 
 .text.DMA1_Channel1_IRQHandler
                0x0800c860       0x14 CMakeFiles/Three-phase_inverter.dir/Core/Src/stm32g4xx_it.c.obj
                0x0800c860                DMA1_Channel1_IRQHandler
 .text.DMA1_Channel2_IRQHandler
                0x0800c874       0x14 CMakeFiles/Three-phase_inverter.dir/Core/Src/stm32g4xx_it.c.obj
                0x0800c874                DMA1_Channel2_IRQHandler
 .text.DMA1_Channel3_IRQHandler
                0x0800c888       0x14 CMakeFiles/Three-phase_inverter.dir/Core/Src/stm32g4xx_it.c.obj
                0x0800c888                DMA1_Channel3_IRQHandler
 .text.DMA1_Channel4_IRQHandler
                0x0800c89c       0x14 CMakeFiles/Three-phase_inverter.dir/Core/Src/stm32g4xx_it.c.obj
                0x0800c89c                DMA1_Channel4_IRQHandler
 .text.ADC1_2_IRQHandler
                0x0800c8b0       0x1c CMakeFiles/Three-phase_inverter.dir/Core/Src/stm32g4xx_it.c.obj
                0x0800c8b0                ADC1_2_IRQHandler
 .text.EXTI15_10_IRQHandler
                0x0800c8cc       0x28 CMakeFiles/Three-phase_inverter.dir/Core/Src/stm32g4xx_it.c.obj
                0x0800c8cc                EXTI15_10_IRQHandler
 .text.SPI3_IRQHandler
                0x0800c8f4       0x14 CMakeFiles/Three-phase_inverter.dir/Core/Src/stm32g4xx_it.c.obj
                0x0800c8f4                SPI3_IRQHandler
 .text.UART4_IRQHandler
                0x0800c908       0x14 CMakeFiles/Three-phase_inverter.dir/Core/Src/stm32g4xx_it.c.obj
                0x0800c908                UART4_IRQHandler
 .text.HRTIM1_TIMA_IRQHandler
                0x0800c91c       0x14 CMakeFiles/Three-phase_inverter.dir/Core/Src/stm32g4xx_it.c.obj
                0x0800c91c                HRTIM1_TIMA_IRQHandler
 .text.HAL_MspInit
                0x0800c930       0x58 CMakeFiles/Three-phase_inverter.dir/Core/Src/stm32g4xx_hal_msp.c.obj
                0x0800c930                HAL_MspInit
 .text.Reset_Handler
                0x0800c988       0x50 CMakeFiles/Three-phase_inverter.dir/startup_stm32g474xx.s.obj
                0x0800c988                Reset_Handler
 .text.Default_Handler
                0x0800c9d8        0x2 CMakeFiles/Three-phase_inverter.dir/startup_stm32g474xx.s.obj
                0x0800c9d8                RTC_Alarm_IRQHandler
                0x0800c9d8                TIM8_TRG_COM_IRQHandler
                0x0800c9d8                TIM8_CC_IRQHandler
                0x0800c9d8                HRTIM1_Master_IRQHandler
                0x0800c9d8                SPI4_IRQHandler
                0x0800c9d8                FDCAN3_IT0_IRQHandler
                0x0800c9d8                TIM1_CC_IRQHandler
                0x0800c9d8                HRTIM1_FLT_IRQHandler
                0x0800c9d8                HRTIM1_TIMF_IRQHandler
                0x0800c9d8                USB_HP_IRQHandler
                0x0800c9d8                CORDIC_IRQHandler
                0x0800c9d8                HRTIM1_TIMD_IRQHandler
                0x0800c9d8                DMA2_Channel8_IRQHandler
                0x0800c9d8                EXTI3_IRQHandler
                0x0800c9d8                I2C3_ER_IRQHandler
                0x0800c9d8                I2C2_EV_IRQHandler
                0x0800c9d8                FPU_IRQHandler
                0x0800c9d8                FDCAN1_IT1_IRQHandler
                0x0800c9d8                TIM1_UP_TIM16_IRQHandler
                0x0800c9d8                HRTIM1_TIME_IRQHandler
                0x0800c9d8                SPI1_IRQHandler
                0x0800c9d8                TIM6_DAC_IRQHandler
                0x0800c9d8                HRTIM1_TIMC_IRQHandler
                0x0800c9d8                TIM8_UP_IRQHandler
                0x0800c9d8                DMA2_Channel2_IRQHandler
                0x0800c9d8                TIM20_TRG_COM_IRQHandler
                0x0800c9d8                USART3_IRQHandler
                0x0800c9d8                DMA1_Channel7_IRQHandler
                0x0800c9d8                UART5_IRQHandler
                0x0800c9d8                ADC3_IRQHandler
                0x0800c9d8                TIM4_IRQHandler
                0x0800c9d8                DMA2_Channel1_IRQHandler
                0x0800c9d8                QUADSPI_IRQHandler
                0x0800c9d8                I2C1_EV_IRQHandler
                0x0800c9d8                DMA1_Channel6_IRQHandler
                0x0800c9d8                DMA2_Channel4_IRQHandler
                0x0800c9d8                TIM3_IRQHandler
                0x0800c9d8                RCC_IRQHandler
                0x0800c9d8                TIM20_UP_IRQHandler
                0x0800c9d8                Default_Handler
                0x0800c9d8                DMA2_Channel7_IRQHandler
                0x0800c9d8                RTC_TAMP_LSECSS_IRQHandler
                0x0800c9d8                FMAC_IRQHandler
                0x0800c9d8                DMA1_Channel8_IRQHandler
                0x0800c9d8                TIM7_DAC_IRQHandler
                0x0800c9d8                FDCAN3_IT1_IRQHandler
                0x0800c9d8                TIM5_IRQHandler
                0x0800c9d8                UCPD1_IRQHandler
                0x0800c9d8                I2C3_EV_IRQHandler
                0x0800c9d8                EXTI9_5_IRQHandler
                0x0800c9d8                RTC_WKUP_IRQHandler
                0x0800c9d8                PVD_PVM_IRQHandler
                0x0800c9d8                SPI2_IRQHandler
                0x0800c9d8                ADC5_IRQHandler
                0x0800c9d8                DMA2_Channel5_IRQHandler
                0x0800c9d8                CRS_IRQHandler
                0x0800c9d8                DMA1_Channel5_IRQHandler
                0x0800c9d8                USB_LP_IRQHandler
                0x0800c9d8                EXTI4_IRQHandler
                0x0800c9d8                RNG_IRQHandler
                0x0800c9d8                HRTIM1_TIMB_IRQHandler
                0x0800c9d8                TIM1_TRG_COM_TIM17_IRQHandler
                0x0800c9d8                FDCAN2_IT1_IRQHandler
                0x0800c9d8                ADC4_IRQHandler
                0x0800c9d8                WWDG_IRQHandler
                0x0800c9d8                I2C4_EV_IRQHandler
                0x0800c9d8                FDCAN2_IT0_IRQHandler
                0x0800c9d8                LPUART1_IRQHandler
                0x0800c9d8                DMA2_Channel6_IRQHandler
                0x0800c9d8                FDCAN1_IT0_IRQHandler
                0x0800c9d8                TIM2_IRQHandler
                0x0800c9d8                COMP7_IRQHandler
                0x0800c9d8                COMP1_2_3_IRQHandler
                0x0800c9d8                EXTI1_IRQHandler
                0x0800c9d8                USART2_IRQHandler
                0x0800c9d8                COMP4_5_6_IRQHandler
                0x0800c9d8                TIM20_BRK_IRQHandler
                0x0800c9d8                I2C2_ER_IRQHandler
                0x0800c9d8                TIM8_BRK_IRQHandler
                0x0800c9d8                FLASH_IRQHandler
                0x0800c9d8                TIM20_CC_IRQHandler
                0x0800c9d8                USART1_IRQHandler
                0x0800c9d8                I2C1_ER_IRQHandler
                0x0800c9d8                FMC_IRQHandler
                0x0800c9d8                LPTIM1_IRQHandler
                0x0800c9d8                DMAMUX_OVR_IRQHandler
                0x0800c9d8                I2C4_ER_IRQHandler
                0x0800c9d8                USBWakeUp_IRQHandler
                0x0800c9d8                SAI1_IRQHandler
                0x0800c9d8                DMA2_Channel3_IRQHandler
                0x0800c9d8                TIM1_BRK_TIM15_IRQHandler
 *fill*         0x0800c9da        0x6 
 .text.cos      0x0800c9e0       0xa8 F:/STM32CubeCLT/STM32CubeCLT_1.18.0/GNU-tools-for-STM32/bin/../lib/gcc/arm-none-eabi/13.3.1/../../../../arm-none-eabi/lib/thumb/v7e-m+fp/hard\libm.a(libm_a-s_cos.o)
                0x0800c9e0                cos
 .text.sqrtf    0x0800ca88       0x3c F:/STM32CubeCLT/STM32CubeCLT_1.18.0/GNU-tools-for-STM32/bin/../lib/gcc/arm-none-eabi/13.3.1/../../../../arm-none-eabi/lib/thumb/v7e-m+fp/hard\libm.a(libm_a-wf_sqrt.o)
                0x0800ca88                sqrtf
 .text.fmaxf    0x0800cac4       0x3a F:/STM32CubeCLT/STM32CubeCLT_1.18.0/GNU-tools-for-STM32/bin/../lib/gcc/arm-none-eabi/13.3.1/../../../../arm-none-eabi/lib/thumb/v7e-m+fp/hard\libm.a(libm_a-sf_fmax.o)
                0x0800cac4                fmaxf
 .text.fminf    0x0800cafe       0x3a F:/STM32CubeCLT/STM32CubeCLT_1.18.0/GNU-tools-for-STM32/bin/../lib/gcc/arm-none-eabi/13.3.1/../../../../arm-none-eabi/lib/thumb/v7e-m+fp/hard\libm.a(libm_a-sf_fmin.o)
                0x0800cafe                fminf
 .text.__fpclassifyf
                0x0800cb38       0x38 F:/STM32CubeCLT/STM32CubeCLT_1.18.0/GNU-tools-for-STM32/bin/../lib/gcc/arm-none-eabi/13.3.1/../../../../arm-none-eabi/lib/thumb/v7e-m+fp/hard\libm.a(libm_a-sf_fpclassify.o)
                0x0800cb38                __fpclassifyf
 .text.__ieee754_sqrtf
                0x0800cb70        0x6 F:/STM32CubeCLT/STM32CubeCLT_1.18.0/GNU-tools-for-STM32/bin/../lib/gcc/arm-none-eabi/13.3.1/../../../../arm-none-eabi/lib/thumb/v7e-m+fp/hard\libm.a(libm_a-ef_sqrt.o)
                0x0800cb70                __ieee754_sqrtf
 *fill*         0x0800cb76        0x2 
 .text.round    0x0800cb78       0x8c F:/STM32CubeCLT/STM32CubeCLT_1.18.0/GNU-tools-for-STM32/bin/../lib/gcc/arm-none-eabi/13.3.1/../../../../arm-none-eabi/lib/thumb/v7e-m+fp/hard\libm.a(libm_a-s_round.o)
                0x0800cb78                round
 *fill*         0x0800cc04        0x4 
 .text.__kernel_cos
                0x0800cc08      0x18c F:/STM32CubeCLT/STM32CubeCLT_1.18.0/GNU-tools-for-STM32/bin/../lib/gcc/arm-none-eabi/13.3.1/../../../../arm-none-eabi/lib/thumb/v7e-m+fp/hard\libm.a(libm_a-k_cos.o)
                0x0800cc08                __kernel_cos
 *fill*         0x0800cd94        0x4 
 .text.__kernel_sin
                0x0800cd98      0x174 F:/STM32CubeCLT/STM32CubeCLT_1.18.0/GNU-tools-for-STM32/bin/../lib/gcc/arm-none-eabi/13.3.1/../../../../arm-none-eabi/lib/thumb/v7e-m+fp/hard\libm.a(libm_a-k_sin.o)
                0x0800cd98                __kernel_sin
 *fill*         0x0800cf0c        0x4 
 .text.__ieee754_rem_pio2
                0x0800cf10      0x3f8 F:/STM32CubeCLT/STM32CubeCLT_1.18.0/GNU-tools-for-STM32/bin/../lib/gcc/arm-none-eabi/13.3.1/../../../../arm-none-eabi/lib/thumb/v7e-m+fp/hard\libm.a(libm_a-e_rem_pio2.o)
                0x0800cf10                __ieee754_rem_pio2
 .text.fabs     0x0800d308       0x10 F:/STM32CubeCLT/STM32CubeCLT_1.18.0/GNU-tools-for-STM32/bin/../lib/gcc/arm-none-eabi/13.3.1/../../../../arm-none-eabi/lib/thumb/v7e-m+fp/hard\libm.a(libm_a-s_fabs.o)
                0x0800d308                fabs
 .text.__kernel_rem_pio2
                0x0800d318      0x6a0 F:/STM32CubeCLT/STM32CubeCLT_1.18.0/GNU-tools-for-STM32/bin/../lib/gcc/arm-none-eabi/13.3.1/../../../../arm-none-eabi/lib/thumb/v7e-m+fp/hard\libm.a(libm_a-k_rem_pio2.o)
                0x0800d318                __kernel_rem_pio2
 .text.scalbn   0x0800d9b8       0xf4 F:/STM32CubeCLT/STM32CubeCLT_1.18.0/GNU-tools-for-STM32/bin/../lib/gcc/arm-none-eabi/13.3.1/../../../../arm-none-eabi/lib/thumb/v7e-m+fp/hard\libm.a(libm_a-s_scalbn.o)
                0x0800d9b8                scalbn
 *fill*         0x0800daac        0x4 
 .text.floor    0x0800dab0       0xf8 F:/STM32CubeCLT/STM32CubeCLT_1.18.0/GNU-tools-for-STM32/bin/../lib/gcc/arm-none-eabi/13.3.1/../../../../arm-none-eabi/lib/thumb/v7e-m+fp/hard\libm.a(libm_a-s_floor.o)
                0x0800dab0                floor
 .text.memset   0x0800dba8       0x10 F:/STM32CubeCLT/STM32CubeCLT_1.18.0/GNU-tools-for-STM32/bin/../lib/gcc/arm-none-eabi/13.3.1/../../../../arm-none-eabi/lib/thumb/v7e-m+fp/hard\libg_nano.a(libc_a-memset.o)
                0x0800dba8                memset
 .text.__errno  0x0800dbb8        0xc F:/STM32CubeCLT/STM32CubeCLT_1.18.0/GNU-tools-for-STM32/bin/../lib/gcc/arm-none-eabi/13.3.1/../../../../arm-none-eabi/lib/thumb/v7e-m+fp/hard\libg_nano.a(libc_a-errno.o)
                0x0800dbb8                __errno
 .text.__libc_init_array
                0x0800dbc4       0x48 F:/STM32CubeCLT/STM32CubeCLT_1.18.0/GNU-tools-for-STM32/bin/../lib/gcc/arm-none-eabi/13.3.1/../../../../arm-none-eabi/lib/thumb/v7e-m+fp/hard\libg_nano.a(libc_a-init.o)
                0x0800dbc4                __libc_init_array
 *(.glue_7)
 .glue_7        0x0800dc0c        0x0 linker stubs
 *(.glue_7t)
 .glue_7t       0x0800dc0c        0x0 linker stubs
 *(.eh_frame)
 .eh_frame      0x0800dc0c        0x0 F:/STM32CubeCLT/STM32CubeCLT_1.18.0/GNU-tools-for-STM32/bin/../lib/gcc/arm-none-eabi/13.3.1/thumb/v7e-m+fp/hard/crtbegin.o
 *(.init)
 .init          0x0800dc0c        0x4 F:/STM32CubeCLT/STM32CubeCLT_1.18.0/GNU-tools-for-STM32/bin/../lib/gcc/arm-none-eabi/13.3.1/thumb/v7e-m+fp/hard/crti.o
                0x0800dc0c                _init
 .init          0x0800dc10        0x8 F:/STM32CubeCLT/STM32CubeCLT_1.18.0/GNU-tools-for-STM32/bin/../lib/gcc/arm-none-eabi/13.3.1/thumb/v7e-m+fp/hard/crtn.o
 *(.fini)
 .fini          0x0800dc18        0x4 F:/STM32CubeCLT/STM32CubeCLT_1.18.0/GNU-tools-for-STM32/bin/../lib/gcc/arm-none-eabi/13.3.1/thumb/v7e-m+fp/hard/crti.o
                0x0800dc18                _fini
 .fini          0x0800dc1c        0x8 F:/STM32CubeCLT/STM32CubeCLT_1.18.0/GNU-tools-for-STM32/bin/../lib/gcc/arm-none-eabi/13.3.1/thumb/v7e-m+fp/hard/crtn.o
                0x0800dc24                        . = ALIGN (0x4)
                0x0800dc24                        _etext = .

.vfp11_veneer   0x0800dc24        0x0
 .vfp11_veneer  0x0800dc24        0x0 linker stubs

.v4_bx          0x0800dc24        0x0
 .v4_bx         0x0800dc24        0x0 linker stubs

.iplt           0x0800dc24        0x0
 .iplt          0x0800dc24        0x0 F:/STM32CubeCLT/STM32CubeCLT_1.18.0/GNU-tools-for-STM32/bin/../lib/gcc/arm-none-eabi/13.3.1/thumb/v7e-m+fp/hard/crtbegin.o

.rodata         0x0800dc28      0xd60
                0x0800dc28                        . = ALIGN (0x4)
 *(.rodata)
 .rodata        0x0800dc28       0x7d CMakeFiles/Three-phase_inverter.dir/Core/Src/MY_OLED.c.obj
 *(.rodata*)
 *fill*         0x0800dca5        0x3 
 .rodata.AHBPrescTable
                0x0800dca8       0x10 cmake/stm32cubemx/CMakeFiles/STM32_Drivers.dir/__/__/Core/Src/system_stm32g4xx.c.obj
                0x0800dca8                AHBPrescTable
 .rodata.APBPrescTable
                0x0800dcb8        0x8 cmake/stm32cubemx/CMakeFiles/STM32_Drivers.dir/__/__/Core/Src/system_stm32g4xx.c.obj
                0x0800dcb8                APBPrescTable
 .rodata.UARTPrescTable
                0x0800dcc0       0x18 cmake/stm32cubemx/CMakeFiles/STM32_Drivers.dir/__/__/Drivers/STM32G4xx_HAL_Driver/Src/stm32g4xx_hal_uart.c.obj
                0x0800dcc0                UARTPrescTable
 .rodata.numerator.1
                0x0800dcd8        0x8 cmake/stm32cubemx/CMakeFiles/STM32_Drivers.dir/__/__/Drivers/STM32G4xx_HAL_Driver/Src/stm32g4xx_hal_uart_ex.c.obj
 .rodata.denominator.0
                0x0800dce0        0x8 cmake/stm32cubemx/CMakeFiles/STM32_Drivers.dir/__/__/Drivers/STM32G4xx_HAL_Driver/Src/stm32g4xx_hal_uart_ex.c.obj
 .rodata.OLED_F8x16
                0x0800dce8      0x5f0 CMakeFiles/Three-phase_inverter.dir/Core/Src/OLED_Data.c.obj
                0x0800dce8                OLED_F8x16
 .rodata.OLED_F6x8
                0x0800e2d8      0x23a CMakeFiles/Three-phase_inverter.dir/Core/Src/OLED_Data.c.obj
                0x0800e2d8                OLED_F6x8
 *fill*         0x0800e512        0x2 
 .rodata.OLED_CF16x16
                0x0800e514      0x29a CMakeFiles/Three-phase_inverter.dir/Core/Src/OLED_Data.c.obj
                0x0800e514                OLED_CF16x16
 *fill*         0x0800e7ae        0x2 
 .rodata.npio2_hw
                0x0800e7b0       0x80 F:/STM32CubeCLT/STM32CubeCLT_1.18.0/GNU-tools-for-STM32/bin/../lib/gcc/arm-none-eabi/13.3.1/../../../../arm-none-eabi/lib/thumb/v7e-m+fp/hard\libm.a(libm_a-e_rem_pio2.o)
 .rodata.two_over_pi
                0x0800e830      0x108 F:/STM32CubeCLT/STM32CubeCLT_1.18.0/GNU-tools-for-STM32/bin/../lib/gcc/arm-none-eabi/13.3.1/../../../../arm-none-eabi/lib/thumb/v7e-m+fp/hard\libm.a(libm_a-e_rem_pio2.o)
 .rodata.PIo2   0x0800e938       0x40 F:/STM32CubeCLT/STM32CubeCLT_1.18.0/GNU-tools-for-STM32/bin/../lib/gcc/arm-none-eabi/13.3.1/../../../../arm-none-eabi/lib/thumb/v7e-m+fp/hard\libm.a(libm_a-k_rem_pio2.o)
 .rodata.init_jk
                0x0800e978       0x10 F:/STM32CubeCLT/STM32CubeCLT_1.18.0/GNU-tools-for-STM32/bin/../lib/gcc/arm-none-eabi/13.3.1/../../../../arm-none-eabi/lib/thumb/v7e-m+fp/hard\libm.a(libm_a-k_rem_pio2.o)
                0x0800e988                        . = ALIGN (0x4)

.ARM.extab      0x0800e988        0x0
                0x0800e988                        . = ALIGN (0x4)
 *(.ARM.extab* .gnu.linkonce.armextab.*)
                0x0800e988                        . = ALIGN (0x4)

.ARM            0x0800e988        0x8
                0x0800e988                        . = ALIGN (0x4)
                0x0800e988                        __exidx_start = .
 *(.ARM.exidx*)
 .ARM.exidx     0x0800e988        0x8 F:/STM32CubeCLT/STM32CubeCLT_1.18.0/GNU-tools-for-STM32/bin/../lib/gcc/arm-none-eabi/13.3.1/thumb/v7e-m+fp/hard\libgcc.a(_udivmoddi4.o)
 .ARM.exidx     0x0800e990        0x0 F:/STM32CubeCLT/STM32CubeCLT_1.18.0/GNU-tools-for-STM32/bin/../lib/gcc/arm-none-eabi/13.3.1/../../../../arm-none-eabi/lib/thumb/v7e-m+fp/hard\libg_nano.a(libc_a-strcmp.o)
                                  0x8 (size before relaxing)
                0x0800e990                        __exidx_end = .
                0x0800e990                        . = ALIGN (0x4)

.preinit_array  0x0800e990        0x0
                0x0800e990                        . = ALIGN (0x4)
                0x0800e990                        PROVIDE (__preinit_array_start = .)
 *(.preinit_array*)
                0x0800e990                        PROVIDE (__preinit_array_end = .)
                0x0800e990                        . = ALIGN (0x4)

.init_array     0x0800e990        0x4
                0x0800e990                        . = ALIGN (0x4)
                0x0800e990                        PROVIDE (__init_array_start = .)
 *(SORT_BY_NAME(.init_array.*))
 *(.init_array*)
 .init_array    0x0800e990        0x4 F:/STM32CubeCLT/STM32CubeCLT_1.18.0/GNU-tools-for-STM32/bin/../lib/gcc/arm-none-eabi/13.3.1/thumb/v7e-m+fp/hard/crtbegin.o
                0x0800e994                        PROVIDE (__init_array_end = .)
                0x0800e994                        . = ALIGN (0x4)

.fini_array     0x0800e994        0x4
                0x0800e994                        . = ALIGN (0x4)
                [!provide]                        PROVIDE (__fini_array_start = .)
 *(SORT_BY_NAME(.fini_array.*))
 *(.fini_array*)
 .fini_array    0x0800e994        0x4 F:/STM32CubeCLT/STM32CubeCLT_1.18.0/GNU-tools-for-STM32/bin/../lib/gcc/arm-none-eabi/13.3.1/thumb/v7e-m+fp/hard/crtbegin.o
                [!provide]                        PROVIDE (__fini_array_end = .)
                0x0800e998                        . = ALIGN (0x4)
                0x0800e998                        _sidata = LOADADDR (.data)

.rel.dyn        0x0800e998        0x0
 .rel.iplt      0x0800e998        0x0 F:/STM32CubeCLT/STM32CubeCLT_1.18.0/GNU-tools-for-STM32/bin/../lib/gcc/arm-none-eabi/13.3.1/thumb/v7e-m+fp/hard/crtbegin.o

.data           0x20000000       0x70 load address 0x0800e998
                0x20000000                        . = ALIGN (0x4)
                0x20000000                        _sdata = .
 *(.data)
 *(.data*)
 .data.SystemCoreClock
                0x20000000        0x4 cmake/stm32cubemx/CMakeFiles/STM32_Drivers.dir/__/__/Core/Src/system_stm32g4xx.c.obj
                0x20000000                SystemCoreClock
 .data.uwTickPrio
                0x20000004        0x4 cmake/stm32cubemx/CMakeFiles/STM32_Drivers.dir/__/__/Drivers/STM32G4xx_HAL_Driver/Src/stm32g4xx_hal.c.obj
                0x20000004                uwTickPrio
 .data.uwTickFreq
                0x20000008        0x4 cmake/stm32cubemx/CMakeFiles/STM32_Drivers.dir/__/__/Drivers/STM32G4xx_HAL_Driver/Src/stm32g4xx_hal.c.obj
                0x20000008                uwTickFreq
 .data.hzc      0x2000000c        0x4 CMakeFiles/Three-phase_inverter.dir/Core/Src/main.c.obj
                0x2000000c                hzc
 .data.frequency
                0x20000010        0x4 CMakeFiles/Three-phase_inverter.dir/Core/Src/main.c.obj
                0x20000010                frequency
 .data.num      0x20000014        0x4 CMakeFiles/Three-phase_inverter.dir/Core/Src/main.c.obj
                0x20000014                num
 .data.fhrtim   0x20000018        0x4 CMakeFiles/Three-phase_inverter.dir/Core/Src/main.c.obj
                0x20000018                fhrtim
 .data.div      0x2000001c        0x4 CMakeFiles/Three-phase_inverter.dir/Core/Src/main.c.obj
                0x2000001c                div
 .data._impure_ptr
                0x20000020        0x4 F:/STM32CubeCLT/STM32CubeCLT_1.18.0/GNU-tools-for-STM32/bin/../lib/gcc/arm-none-eabi/13.3.1/../../../../arm-none-eabi/lib/thumb/v7e-m+fp/hard\libg_nano.a(libc_a-impure.o)
                0x20000020                _impure_ptr
 .data._impure_data
                0x20000024       0x4c F:/STM32CubeCLT/STM32CubeCLT_1.18.0/GNU-tools-for-STM32/bin/../lib/gcc/arm-none-eabi/13.3.1/../../../../arm-none-eabi/lib/thumb/v7e-m+fp/hard\libg_nano.a(libc_a-impure.o)
                0x20000024                _impure_data
 *(.RamFunc)
 *(.RamFunc*)
                0x20000070                        . = ALIGN (0x4)

.igot.plt       0x20000070        0x0 load address 0x0800ea08
 .igot.plt      0x20000070        0x0 F:/STM32CubeCLT/STM32CubeCLT_1.18.0/GNU-tools-for-STM32/bin/../lib/gcc/arm-none-eabi/13.3.1/thumb/v7e-m+fp/hard/crtbegin.o

.tdata          0x20000070        0x0 load address 0x0800ea08
 *(.tdata .tdata.* .gnu.linkonce.td.*)
                0x20000070                        . = ALIGN (0x4)
                0x20000070                        _edata = .
                [!provide]                        PROVIDE (__data_end = .)
                [!provide]                        PROVIDE (__tdata_end = .)
                [!provide]                        PROVIDE (__tdata_start = ADDR (.tdata))
                [!provide]                        PROVIDE (__tdata_size = (__tdata_end - __tdata_start))
                [!provide]                        PROVIDE (__data_start = ADDR (.data))
                [!provide]                        PROVIDE (__data_size = (__data_end - __data_start))
                [!provide]                        PROVIDE (__tdata_source = LOADADDR (.tdata))
                [!provide]                        PROVIDE (__tdata_source_end = (LOADADDR (.tdata) + SIZEOF (.tdata)))
                [!provide]                        PROVIDE (__tdata_source_size = (__tdata_source_end - __tdata_source))
                [!provide]                        PROVIDE (__data_source = LOADADDR (.data))
                [!provide]                        PROVIDE (__data_source_end = __tdata_source_end)
                [!provide]                        PROVIDE (__data_source_size = (__data_source_end - __data_source))

.tbss           0x20000070        0x0 load address 0x0800ea08
                0x20000070                        _sbss = .
                0x20000070                        __bss_start__ = _sbss
 *(.tbss .tbss.*)
                0x20000070                        . = ALIGN (0x4)
                [!provide]                        PROVIDE (__tbss_end = .)
                [!provide]                        PROVIDE (__tbss_start = ADDR (.tbss))
                [!provide]                        PROVIDE (__tbss_size = (__tbss_end - __tbss_start))
                [!provide]                        PROVIDE (__tbss_offset = (ADDR (.tbss) - ADDR (.tdata)))
                [!provide]                        PROVIDE (__tls_base = __tdata_start)
                [!provide]                        PROVIDE (__tls_end = __tbss_end)
                [!provide]                        PROVIDE (__tls_size = (__tls_end - __tls_base))
                [!provide]                        PROVIDE (__tls_align = MAX (ALIGNOF (.tdata), ALIGNOF (.tbss)))
                [!provide]                        PROVIDE (__tls_size_align = (((__tls_size + __tls_align) - 0x1) & ~ ((__tls_align - 0x1))))
                [!provide]                        PROVIDE (__arm32_tls_tcb_offset = MAX (0x8, __tls_align))
                [!provide]                        PROVIDE (__arm64_tls_tcb_offset = MAX (0x10, __tls_align))

.bss            0x20000070     0x1150 load address 0x0800ea08
 *(.bss)
 .bss           0x20000070       0x1c F:/STM32CubeCLT/STM32CubeCLT_1.18.0/GNU-tools-for-STM32/bin/../lib/gcc/arm-none-eabi/13.3.1/thumb/v7e-m+fp/hard/crtbegin.o
 *(.bss*)
 .bss.uwTick    0x2000008c        0x4 cmake/stm32cubemx/CMakeFiles/STM32_Drivers.dir/__/__/Drivers/STM32G4xx_HAL_Driver/Src/stm32g4xx_hal.c.obj
                0x2000008c                uwTick
 .bss.OLED_DisplayBuf
                0x20000090      0x400 CMakeFiles/Three-phase_inverter.dir/Core/Src/OLED.c.obj
                0x20000090                OLED_DisplayBuf
 .bss.now_EC_DeBug
                0x20000490        0x1 CMakeFiles/Three-phase_inverter.dir/Core/Src/main.c.obj
                0x20000490                now_EC_DeBug
 *fill*         0x20000491        0x3 
 .bss.S         0x20000494       0x10 CMakeFiles/Three-phase_inverter.dir/Core/Src/main.c.obj
                0x20000494                S
 .bss.QPR1      0x200004a4       0x4c CMakeFiles/Three-phase_inverter.dir/Core/Src/main.c.obj
                0x200004a4                QPR1
 .bss.QPR2      0x200004f0       0x4c CMakeFiles/Three-phase_inverter.dir/Core/Src/main.c.obj
                0x200004f0                QPR2
 .bss.SVPWM1    0x2000053c       0x34 CMakeFiles/Three-phase_inverter.dir/Core/Src/main.c.obj
                0x2000053c                SVPWM1
 .bss.ADC1_value
                0x20000570        0x6 CMakeFiles/Three-phase_inverter.dir/Core/Src/main.c.obj
                0x20000570                ADC1_value
 *fill*         0x20000576        0x2 
 .bss.ADC2_value
                0x20000578        0x6 CMakeFiles/Three-phase_inverter.dir/Core/Src/main.c.obj
                0x20000578                ADC2_value
 *fill*         0x2000057e        0x2 
 .bss.va_setpoint
                0x20000580        0x4 CMakeFiles/Three-phase_inverter.dir/Core/Src/main.c.obj
                0x20000580                va_setpoint
 .bss.vb_setpoint
                0x20000584        0x4 CMakeFiles/Three-phase_inverter.dir/Core/Src/main.c.obj
                0x20000584                vb_setpoint
 .bss.va_measurement
                0x20000588        0x4 CMakeFiles/Three-phase_inverter.dir/Core/Src/main.c.obj
                0x20000588                va_measurement
 .bss.vb_measurement
                0x2000058c        0x4 CMakeFiles/Three-phase_inverter.dir/Core/Src/main.c.obj
                0x2000058c                vb_measurement
 .bss.vc_measurement
                0x20000590        0x4 CMakeFiles/Three-phase_inverter.dir/Core/Src/main.c.obj
                0x20000590                vc_measurement
 .bss.vdc_measurement
                0x20000594        0x4 CMakeFiles/Three-phase_inverter.dir/Core/Src/main.c.obj
                0x20000594                vdc_measurement
 .bss.a         0x20000598        0x4 CMakeFiles/Three-phase_inverter.dir/Core/Src/main.c.obj
                0x20000598                a
 .bss.b         0x2000059c        0x4 CMakeFiles/Three-phase_inverter.dir/Core/Src/main.c.obj
                0x2000059c                b
 .bss.c         0x200005a0        0x4 CMakeFiles/Three-phase_inverter.dir/Core/Src/main.c.obj
                0x200005a0                c
 .bss.va_setpoint_data
                0x200005a4      0x320 CMakeFiles/Three-phase_inverter.dir/Core/Src/main.c.obj
                0x200005a4                va_setpoint_data
 .bss.vb_setpoint_data
                0x200008c4      0x320 CMakeFiles/Three-phase_inverter.dir/Core/Src/main.c.obj
                0x200008c4                vb_setpoint_data
 .bss.den       0x20000be4        0x4 CMakeFiles/Three-phase_inverter.dir/Core/Src/main.c.obj
                0x20000be4                den
 .bss.count.1   0x20000be8        0x1 CMakeFiles/Three-phase_inverter.dir/Core/Src/main.c.obj
 .bss.count1.0  0x20000be9        0x1 CMakeFiles/Three-phase_inverter.dir/Core/Src/main.c.obj
 *fill*         0x20000bea        0x2 
 .bss.hadc1     0x20000bec       0x6c CMakeFiles/Three-phase_inverter.dir/Core/Src/adc.c.obj
                0x20000bec                hadc1
 .bss.hadc2     0x20000c58       0x6c CMakeFiles/Three-phase_inverter.dir/Core/Src/adc.c.obj
                0x20000c58                hadc2
 .bss.hdma_adc1
                0x20000cc4       0x60 CMakeFiles/Three-phase_inverter.dir/Core/Src/adc.c.obj
                0x20000cc4                hdma_adc1
 .bss.hdma_adc2
                0x20000d24       0x60 CMakeFiles/Three-phase_inverter.dir/Core/Src/adc.c.obj
                0x20000d24                hdma_adc2
 .bss.HAL_RCC_ADC12_CLK_ENABLED
                0x20000d84        0x4 CMakeFiles/Three-phase_inverter.dir/Core/Src/adc.c.obj
 .bss.hhrtim1   0x20000d88       0xfc CMakeFiles/Three-phase_inverter.dir/Core/Src/hrtim.c.obj
                0x20000d88                hhrtim1
 .bss.hspi3     0x20000e84       0x64 CMakeFiles/Three-phase_inverter.dir/Core/Src/spi.c.obj
                0x20000e84                hspi3
 .bss.hdma_spi3_tx
                0x20000ee8       0x60 CMakeFiles/Three-phase_inverter.dir/Core/Src/spi.c.obj
                0x20000ee8                hdma_spi3_tx
 .bss.htim3     0x20000f48       0x4c CMakeFiles/Three-phase_inverter.dir/Core/Src/tim.c.obj
                0x20000f48                htim3
 .bss.huart4    0x20000f94       0x94 CMakeFiles/Three-phase_inverter.dir/Core/Src/usart.c.obj
                0x20000f94                huart4
 .bss.hdma_uart4_tx
                0x20001028       0x60 CMakeFiles/Three-phase_inverter.dir/Core/Src/usart.c.obj