Archive member included to satisfy reference by file (symbol)

F:/STM32CubeCLT/STM32CubeCLT_1.18.0/GNU-tools-for-STM32/bin/../lib/gcc/arm-none-eabi/13.3.1/../../../../arm-none-eabi/lib/thumb/v7e-m+fp/hard\libm.a(libm_a-w_atan2.o)
                              CMakeFiles/Three-phase_inverter.dir/Core/Src/OLED.c.obj (atan2)
F:/STM32CubeCLT/STM32CubeCLT_1.18.0/GNU-tools-for-STM32/bin/../lib/gcc/arm-none-eabi/13.3.1/../../../../arm-none-eabi/lib/thumb/v7e-m+fp/hard\libm.a(libm_a-s_round.o)
                              CMakeFiles/Three-phase_inverter.dir/Core/Src/OLED.c.obj (round)
F:/STM32CubeCLT/STM32CubeCLT_1.18.0/GNU-tools-for-STM32/bin/../lib/gcc/arm-none-eabi/13.3.1/../../../../arm-none-eabi/lib/thumb/v7e-m+fp/hard\libm.a(libm_a-e_atan2.o)
                              F:/STM32CubeCLT/STM32CubeCLT_1.18.0/GNU-tools-for-STM32/bin/../lib/gcc/arm-none-eabi/13.3.1/../../../../arm-none-eabi/lib/thumb/v7e-m+fp/hard\libm.a(libm_a-w_atan2.o) (__ieee754_atan2)
F:/STM32CubeCLT/STM32CubeCLT_1.18.0/GNU-tools-for-STM32/bin/../lib/gcc/arm-none-eabi/13.3.1/../../../../arm-none-eabi/lib/thumb/v7e-m+fp/hard\libm.a(libm_a-s_atan.o)
                              F:/STM32CubeCLT/STM32CubeCLT_1.18.0/GNU-tools-for-STM32/bin/../lib/gcc/arm-none-eabi/13.3.1/../../../../arm-none-eabi/lib/thumb/v7e-m+fp/hard\libm.a(libm_a-e_atan2.o) (atan)
F:/STM32CubeCLT/STM32CubeCLT_1.18.0/GNU-tools-for-STM32/bin/../lib/gcc/arm-none-eabi/13.3.1/../../../../arm-none-eabi/lib/thumb/v7e-m+fp/hard\libm.a(libm_a-s_fabs.o)
                              F:/STM32CubeCLT/STM32CubeCLT_1.18.0/GNU-tools-for-STM32/bin/../lib/gcc/arm-none-eabi/13.3.1/../../../../arm-none-eabi/lib/thumb/v7e-m+fp/hard\libm.a(libm_a-e_atan2.o) (fabs)
F:/STM32CubeCLT/STM32CubeCLT_1.18.0/GNU-tools-for-STM32/bin/../lib/gcc/arm-none-eabi/13.3.1/thumb/v7e-m+fp/hard\libgcc.a(_arm_muldf3.o)
                              CMakeFiles/Three-phase_inverter.dir/Core/Src/OLED.c.obj (__aeabi_dmul)
F:/STM32CubeCLT/STM32CubeCLT_1.18.0/GNU-tools-for-STM32/bin/../lib/gcc/arm-none-eabi/13.3.1/thumb/v7e-m+fp/hard\libgcc.a(_arm_addsubdf3.o)
                              CMakeFiles/Three-phase_inverter.dir/Core/Src/OLED.c.obj (__aeabi_dsub)
F:/STM32CubeCLT/STM32CubeCLT_1.18.0/GNU-tools-for-STM32/bin/../lib/gcc/arm-none-eabi/13.3.1/thumb/v7e-m+fp/hard\libgcc.a(_arm_muldivdf3.o)
                              CMakeFiles/Three-phase_inverter.dir/Core/Src/OLED.c.obj (__aeabi_ddiv)
F:/STM32CubeCLT/STM32CubeCLT_1.18.0/GNU-tools-for-STM32/bin/../lib/gcc/arm-none-eabi/13.3.1/thumb/v7e-m+fp/hard\libgcc.a(_arm_cmpdf2.o)
                              CMakeFiles/Three-phase_inverter.dir/Core/Src/OLED.c.obj (__aeabi_dcmplt)
F:/STM32CubeCLT/STM32CubeCLT_1.18.0/GNU-tools-for-STM32/bin/../lib/gcc/arm-none-eabi/13.3.1/thumb/v7e-m+fp/hard\libgcc.a(_arm_fixdfsi.o)
                              CMakeFiles/Three-phase_inverter.dir/Core/Src/OLED.c.obj (__aeabi_d2iz)
F:/STM32CubeCLT/STM32CubeCLT_1.18.0/GNU-tools-for-STM32/bin/../lib/gcc/arm-none-eabi/13.3.1/thumb/v7e-m+fp/hard\libgcc.a(_arm_fixunsdfsi.o)
                              CMakeFiles/Three-phase_inverter.dir/Core/Src/OLED.c.obj (__aeabi_d2uiz)
F:/STM32CubeCLT/STM32CubeCLT_1.18.0/GNU-tools-for-STM32/bin/../lib/gcc/arm-none-eabi/13.3.1/thumb/v7e-m+fp/hard\libgcc.a(_arm_truncdfsf2.o)
                              CMakeFiles/Three-phase_inverter.dir/Core/Src/OLED.c.obj (__aeabi_d2f)
F:/STM32CubeCLT/STM32CubeCLT_1.18.0/GNU-tools-for-STM32/bin/../lib/gcc/arm-none-eabi/13.3.1/thumb/v7e-m+fp/hard\libgcc.a(_aeabi_uldivmod.o)
                              cmake/stm32cubemx/CMakeFiles/STM32_Drivers.dir/__/__/Drivers/STM32G4xx_HAL_Driver/Src/stm32g4xx_hal_uart.c.obj (__aeabi_uldivmod)
F:/STM32CubeCLT/STM32CubeCLT_1.18.0/GNU-tools-for-STM32/bin/../lib/gcc/arm-none-eabi/13.3.1/thumb/v7e-m+fp/hard\libgcc.a(_udivmoddi4.o)
                              F:/STM32CubeCLT/STM32CubeCLT_1.18.0/GNU-tools-for-STM32/bin/../lib/gcc/arm-none-eabi/13.3.1/thumb/v7e-m+fp/hard\libgcc.a(_aeabi_uldivmod.o) (__udivmoddi4)
F:/STM32CubeCLT/STM32CubeCLT_1.18.0/GNU-tools-for-STM32/bin/../lib/gcc/arm-none-eabi/13.3.1/thumb/v7e-m+fp/hard\libgcc.a(_dvmd_tls.o)
                              F:/STM32CubeCLT/STM32CubeCLT_1.18.0/GNU-tools-for-STM32/bin/../lib/gcc/arm-none-eabi/13.3.1/thumb/v7e-m+fp/hard\libgcc.a(_aeabi_uldivmod.o) (__aeabi_ldiv0)
F:/STM32CubeCLT/STM32CubeCLT_1.18.0/GNU-tools-for-STM32/bin/../lib/gcc/arm-none-eabi/13.3.1/../../../../arm-none-eabi/lib/thumb/v7e-m+fp/hard\libg_nano.a(libc_a-exit.o)
                              F:/STM32CubeCLT/STM32CubeCLT_1.18.0/GNU-tools-for-STM32/bin/../lib/gcc/arm-none-eabi/13.3.1/../../../../arm-none-eabi/lib/thumb/v7e-m+fp/hard/crt0.o (exit)
F:/STM32CubeCLT/STM32CubeCLT_1.18.0/GNU-tools-for-STM32/bin/../lib/gcc/arm-none-eabi/13.3.1/../../../../arm-none-eabi/lib/thumb/v7e-m+fp/hard\libg_nano.a(libc_a-findfp.o)
[...]
Memory Configuration

Name             Origin             Length             Attributes
RAM              0x20000000         0x00020000         xrw
FLASH            0x08000000         0x00020000         xr
*default*        0x00000000         0xffffffff

Linker script and memory map

LOAD F:/STM32CubeCLT/STM32CubeCLT_1.18.0/GNU-tools-for-STM32/bin/../lib/gcc/arm-none-eabi/13.3.1/thumb/v7e-m+fp/hard/crti.o
LOAD F:/STM32CubeCLT/STM32CubeCLT_1.18.0/GNU-tools-for-STM32/bin/../lib/gcc/arm-none-eabi/13.3.1/thumb/v7e-m+fp/hard/crtbegin.o
LOAD F:/STM32CubeCLT/STM32CubeCLT_1.18.0/GNU-tools-for-STM32/bin/../lib/gcc/arm-none-eabi/13.3.1/../../../../arm-none-eabi/lib/thumb/v7e-m+fp/hard/crt0.o
LOAD cmake/stm32cubemx/CMakeFiles/STM32_Drivers.dir/__/__/Core/Src/system_stm32g4xx.c.obj
LOAD cmake/stm32cubemx/CMakeFiles/STM32_Drivers.dir/__/__/Drivers/STM32G4xx_HAL_Driver/Src/stm32g4xx_hal_adc.c.obj
LOAD cmake/stm32cubemx/CMakeFiles/STM32_Drivers.dir/__/__/Drivers/STM32G4xx_HAL_Driver/Src/stm32g4xx_hal_adc_ex.c.obj
LOAD cmake/stm32cubemx/CMakeFiles/STM32_Drivers.dir/__/__/Drivers/STM32G4xx_HAL_Driver/Src/stm32g4xx_ll_adc.c.obj
LOAD cmake/stm32cubemx/CMakeFiles/STM32_Drivers.dir/__/__/Drivers/STM32G4xx_HAL_Driver/Src/stm32g4xx_hal.c.obj
LOAD cmake/stm32cubemx/CMakeFiles/STM32_Drivers.dir/__/__/Drivers/STM32G4xx_HAL_Driver/Src/stm32g4xx_hal_rcc.c.obj
LOAD cmake/stm32cubemx/CMakeFiles/STM32_Drivers.dir/__/__/Drivers/STM32G4xx_HAL_Driver/Src/stm32g4xx_hal_rcc_ex.c.obj
LOAD cmake/stm32cubemx/CMakeFiles/STM32_Drivers.dir/__/__/Drivers/STM32G4xx_HAL_Driver/Src/stm32g4xx_hal_flash.c.obj
LOAD cmake/stm32cubemx/CMakeFiles/STM32_Drivers.dir/__/__/Drivers/STM32G4xx_HAL_Driver/Src/stm32g4xx_hal_flash_ex.c.obj
LOAD cmake/stm32cubemx/CMakeFiles/STM32_Drivers.dir/__/__/Drivers/STM32G4xx_HAL_Driver/Src/stm32g4xx_hal_flash_ramfunc.c.obj
LOAD cmake/stm32cubemx/CMakeFiles/STM32_Drivers.dir/__/__/Drivers/STM32G4xx_HAL_Driver/Src/stm32g4xx_hal_gpio.c.obj
LOAD cmake/stm32cubemx/CMakeFiles/STM32_Drivers.dir/__/__/Drivers/STM32G4xx_HAL_Driver/Src/stm32g4xx_hal_exti.c.obj
LOAD cmake/stm32cubemx/CMakeFiles/STM32_Drivers.dir/__/__/Drivers/STM32G4xx_HAL_Driver/Src/stm32g4xx_hal_dma.c.obj
LOAD cmake/stm32cubemx/CMakeFiles/STM32_Drivers.dir/__/__/Drivers/STM32G4xx_HAL_Driver/Src/stm32g4xx_hal_dma_ex.c.obj
LOAD cmake/stm32cubemx/CMakeFiles/STM32_Drivers.dir/__/__/Drivers/STM32G4xx_HAL_Driver/Src/stm32g4xx_hal_pwr.c.obj
LOAD cmake/stm32cubemx/CMakeFiles/STM32_Drivers.dir/__/__/Drivers/STM32G4xx_HAL_Driver/Src/stm32g4xx_hal_pwr_ex.c.obj
LOAD cmake/stm32cubemx/CMakeFiles/STM32_Drivers.dir/__/__/Drivers/STM32G4xx_HAL_Driver/Src/stm32g4xx_hal_cortex.c.obj
LOAD cmake/stm32cubemx/CMakeFiles/STM32_Drivers.dir/__/__/Drivers/STM32G4xx_HAL_Driver/Src/stm32g4xx_hal_cordic.c.obj
LOAD cmake/stm32cubemx/CMakeFiles/STM32_Drivers.dir/__/__/Drivers/STM32G4xx_HAL_Driver/Src/stm32g4xx_hal_hrtim.c.obj
LOAD cmake/stm32cubemx/CMakeFiles/STM32_Drivers.dir/__/__/Drivers/STM32G4xx_HAL_Driver/Src/stm32g4xx_hal_spi.c.obj
LOAD cmake/stm32cubemx/CMakeFiles/STM32_Drivers.dir/__/__/Drivers/STM32G4xx_HAL_Driver/Src/stm32g4xx_hal_spi_ex.c.obj
LOAD cmake/stm32cubemx/CMakeFiles/STM32_Drivers.dir/__/__/Drivers/STM32G4xx_HAL_Driver/Src/stm32g4xx_hal_uart.c.obj
LOAD cmake/stm32cubemx/CMakeFiles/STM32_Drivers.dir/__/__/Drivers/STM32G4xx_HAL_Driver/Src/stm32g4xx_hal_uart_ex.c.obj
LOAD CMakeFiles/Three-phase_inverter.dir/Core/Src/MY_OLED.c.obj
LOAD CMakeFiles/Three-phase_inverter.dir/Core/Src/OLED.c.obj
LOAD CMakeFiles/Three-phase_inverter.dir/Core/Src/OLED_Data.c.obj
LOAD CMakeFiles/Three-phase_inverter.dir/Core/Src/main.c.obj
LOAD CMakeFiles/Three-phase_inverter.dir/Core/Src/gpio.c.obj
LOAD CMakeFiles/Three-phase_inverter.dir/Core/Src/adc.c.obj
LOAD CMakeFiles/Three-phase_inverter.dir/Core/Src/cordic.c.obj
LOAD CMakeFiles/Three-phase_inverter.dir/Core/Src/dma.c.obj
LOAD CMakeFiles/Three-phase_inverter.dir/Core/Src/hrtim.c.obj
LOAD CMakeFiles/Three-phase_inverter.dir/Core/Src/spi.c.obj
LOAD CMakeFiles/Three-phase_inverter.dir/Core/Src/usart.c.obj
LOAD CMakeFiles/Three-phase_inverter.dir/Core/Src/stm32g4xx_it.c.obj
LOAD CMakeFiles/Three-phase_inverter.dir/Core/Src/stm32g4xx_hal_msp.c.obj
LOAD CMakeFiles/Three-phase_inverter.dir/Core/Src/sysmem.c.obj
LOAD CMakeFiles/Three-phase_inverter.dir/Core/Src/syscalls.c.obj
LOAD CMakeFiles/Three-phase_inverter.dir/startup_stm32g474xx.s.obj
LOAD F:/CLION__Project/Three-phase_inverter/cmake/stm32cubemx/../../Middlewares/ST/ARM/DSP/Lib/libarm_cortexM4lf_math.a
LOAD F:/STM32CubeCLT/STM32CubeCLT_1.18.0/GNU-tools-for-STM32/bin/../lib/gcc/arm-none-eabi/13.3.1/../../../../arm-none-eabi/lib/thumb/v7e-m+fp/hard\libm.a
START GROUP
LOAD F:/STM32CubeCLT/STM32CubeCLT_1.18.0/GNU-tools-for-STM32/bin/../lib/gcc/arm-none-eabi/13.3.1/thumb/v7e-m+fp/hard\libgcc.a
LOAD F:/STM32CubeCLT/STM32CubeCLT_1.18.0/GNU-tools-for-STM32/bin/../lib/gcc/arm-none-eabi/13.3.1/../../../../arm-none-eabi/lib/thumb/v7e-m+fp/hard\libg_nano.a
LOAD F:/STM32CubeCLT/STM32CubeCLT_1.18.0/GNU-tools-for-STM32/bin/../lib/gcc/arm-none-eabi/13.3.1/../../../../arm-none-eabi/lib/thumb/v7e-m+fp/hard\libc_nano.a
END GROUP
START GROUP
LOAD F:/STM32CubeCLT/STM32CubeCLT_1.18.0/GNU-tools-for-STM32/bin/../lib/gcc/arm-none-eabi/13.3.1/thumb/v7e-m+fp/hard\libgcc.a
LOAD F:/STM32CubeCLT/STM32CubeCLT_1.18.0/GNU-tools-for-STM32/bin/../lib/gcc/arm-none-eabi/13.3.1/../../../../arm-none-eabi/lib/thumb/v7e-m+fp/hard\libc_nano.a
END GROUP
LOAD F:/STM32CubeCLT/STM32CubeCLT_1.18.0/GNU-tools-for-STM32/bin/../lib/gcc/arm-none-eabi/13.3.1/thumb/v7e-m+fp/hard/crtend.o
LOAD F:/STM32CubeCLT/STM32CubeCLT_1.18.0/GNU-tools-for-STM32/bin/../lib/gcc/arm-none-eabi/13.3.1/thumb/v7e-m+fp/hard/crtn.o
                0x20020000                        _estack = (ORIGIN (RAM) + LENGTH (RAM))
                0x00000200                        _Min_Heap_Size = 0x200
                0x00000400                        _Min_Stack_Size = 0x400

.isr_vector     0x08000000      0x1d8
                0x08000000                        . = ALIGN (0x4)
 *(.isr_vector)
 .isr_vector    0x08000000      0x1d8 CMakeFiles/Three-phase_inverter.dir/startup_stm32g474xx.s.obj
                0x08000000                g_pfnVectors
                0x080001d8                        . = ALIGN (0x4)

.text           0x080001d8     0xb6f0
                0x080001d8                        . = ALIGN (0x4)
 *(.text)
 .text          0x080001d8       0x40 F:/STM32CubeCLT/STM32CubeCLT_1.18.0/GNU-tools-for-STM32/bin/../lib/gcc/arm-none-eabi/13.3.1/thumb/v7e-m+fp/hard/crtbegin.o
 .text          0x08000218      0x378 F:/STM32CubeCLT/STM32CubeCLT_1.18.0/GNU-tools-for-STM32/bin/../lib/gcc/arm-none-eabi/13.3.1/thumb/v7e-m+fp/hard\libgcc.a(_arm_addsubdf3.o)
                0x08000218                __aeabi_drsub
                0x08000220                __aeabi_dsub
                0x08000220                __subdf3
                0x08000224                __aeabi_dadd
                0x08000224                __adddf3
                0x0800049c                __floatunsidf
                0x0800049c                __aeabi_ui2d
                0x080004bc                __floatsidf
                0x080004bc                __aeabi_i2d
                0x080004e0                __aeabi_f2d
                0x080004e0                __extendsfdf2
                0x08000524                __floatundidf
                0x08000524                __aeabi_ul2d
                0x08000534                __floatdidf
                0x08000534                __aeabi_l2d
 .text          0x08000590      0x424 F:/STM32CubeCLT/STM32CubeCLT_1.18.0/GNU-tools-for-STM32/bin/../lib/gcc/arm-none-eabi/13.3.1/thumb/v7e-m+fp/hard\libgcc.a(_arm_muldivdf3.o)
                0x08000590                __aeabi_dmul
                0x08000590                __muldf3
                0x080007e4                __divdf3
                0x080007e4                __aeabi_ddiv
 .text          0x080009b4      0x110 F:/STM32CubeCLT/STM32CubeCLT_1.18.0/GNU-tools-for-STM32/bin/../lib/gcc/arm-none-eabi/13.3.1/thumb/v7e-m+fp/hard\libgcc.a(_arm_cmpdf2.o)
                0x080009b4                __gtdf2
                0x080009b4                __gedf2
                0x080009bc                __ltdf2
                0x080009bc                __ledf2
                0x080009c4                __nedf2
                0x080009c4                __eqdf2
                0x080009c4                __cmpdf2
                0x08000a40                __aeabi_cdrcmple
                0x08000a50                __aeabi_cdcmpeq
                0x08000a50                __aeabi_cdcmple
                0x08000a60                __aeabi_dcmpeq
                0x08000a74                __aeabi_dcmplt
                0x08000a88                __aeabi_dcmple
                0x08000a9c                __aeabi_dcmpge
                0x08000ab0                __aeabi_dcmpgt
 .text          0x08000ac4       0x40 F:/STM32CubeCLT/STM32CubeCLT_1.18.0/GNU-tools-for-STM32/bin/../lib/gcc/arm-none-eabi/13.3.1/thumb/v7e-m+fp/hard\libgcc.a(_arm_fixunsdfsi.o)
                0x08000ac4                __aeabi_d2uiz
                0x08000ac4                __fixunsdfsi
 .text          0x08000b04       0x30 F:/STM32CubeCLT/STM32CubeCLT_1.18.0/GNU-tools-for-STM32/bin/../lib/gcc/arm-none-eabi/13.3.1/thumb/v7e-m+fp/hard\libgcc.a(_aeabi_uldivmod.o)
                0x08000b04                __aeabi_uldivmod
 .text          0x08000b34      0x2f8 F:/STM32CubeCLT/STM32CubeCLT_1.18.0/GNU-tools-for-STM32/bin/../lib/gcc/arm-none-eabi/13.3.1/thumb/v7e-m+fp/hard\libgcc.a(_udivmoddi4.o)
                0x08000b34                __udivmoddi4
 .text          0x08000e2c        0x4 F:/STM32CubeCLT/STM32CubeCLT_1.18.0/GNU-tools-for-STM32/bin/../lib/gcc/arm-none-eabi/13.3.1/thumb/v7e-m+fp/hard\libgcc.a(_dvmd_tls.o)
                0x08000e2c                __aeabi_idiv0
                0x08000e2c                __aeabi_ldiv0
 .text          0x08000e30       0x14 F:/STM32CubeCLT/STM32CubeCLT_1.18.0/GNU-tools-for-STM32/bin/../lib/gcc/arm-none-eabi/13.3.1/../../../../arm-none-eabi/lib/thumb/v7e-m+fp/hard\libg_nano.a(libc_a-strcmp.o)
                0x08000e30                strcmp
 *(.text*)
 .text.SystemInit
                0x08000e44       0x24 cmake/stm32cubemx/CMakeFiles/STM32_Drivers.dir/__/__/Core/Src/system_stm32g4xx.c.obj
                0x08000e44                SystemInit
 .text.LL_ADC_SetCommonClock
                0x08000e68       0x26 cmake/stm32cubemx/CMakeFiles/STM32_Drivers.dir/__/__/Drivers/STM32G4xx_HAL_Driver/Src/stm32g4xx_hal_adc.c.obj
 .text.LL_ADC_SetCommonPathInternalCh
                0x08000e8e       0x26 cmake/stm32cubemx/CMakeFiles/STM32_Drivers.dir/__/__/Drivers/STM32G4xx_HAL_Driver/Src/stm32g4xx_hal_adc.c.obj
 .text.LL_ADC_GetCommonPathInternalCh
                0x08000eb4       0x1c cmake/stm32cubemx/CMakeFiles/STM32_Drivers.dir/__/__/Drivers/STM32G4xx_HAL_Driver/Src/stm32g4xx_hal_adc.c.obj
 .text.LL_ADC_SetOffset
                0x08000ed0       0x48 cmake/stm32cubemx/CMakeFiles/STM32_Drivers.dir/__/__/Drivers/STM32G4xx_HAL_Driver/Src/stm32g4xx_hal_adc.c.obj
 .text.LL_ADC_GetOffsetChannel
                0x08000f18       0x2c cmake/stm32cubemx/CMakeFiles/STM32_Drivers.dir/__/__/Drivers/STM32G4xx_HAL_Driver/Src/stm32g4xx_hal_adc.c.obj
 .text.LL_ADC_SetOffsetState
                0x08000f44       0x36 cmake/stm32cubemx/CMakeFiles/STM32_Drivers.dir/__/__/Drivers/STM32G4xx_HAL_Driver/Src/stm32g4xx_hal_adc.c.obj
 .text.LL_ADC_SetOffsetSign
                0x08000f7a       0x36 cmake/stm32cubemx/CMakeFiles/STM32_Drivers.dir/__/__/Drivers/STM32G4xx_HAL_Driver/Src/stm32g4xx_hal_adc.c.obj
 .text.LL_ADC_SetOffsetSaturation
                0x08000fb0       0x36 cmake/stm32cubemx/CMakeFiles/STM32_Drivers.dir/__/__/Drivers/STM32G4xx_HAL_Driver/Src/stm32g4xx_hal_adc.c.obj
 .text.LL_ADC_SetSamplingTimeCommonConfig
                0x08000fe6       0x26 cmake/stm32cubemx/CMakeFiles/STM32_Drivers.dir/__/__/Drivers/STM32G4xx_HAL_Driver/Src/stm32g4xx_hal_adc.c.obj
 .text.LL_ADC_REG_IsTriggerSourceSWStart
                0x0800100c       0x26 cmake/stm32cubemx/CMakeFiles/STM32_Drivers.dir/__/__/Drivers/STM32G4xx_HAL_Driver/Src/stm32g4xx_hal_adc.c.obj
 .text.LL_ADC_REG_SetSequencerRanks
                0x08001032       0x58 cmake/stm32cubemx/CMakeFiles/STM32_Drivers.dir/__/__/Drivers/STM32G4xx_HAL_Driver/Src/stm32g4xx_hal_adc.c.obj
 .text.LL_ADC_INJ_IsTriggerSourceSWStart
                0x0800108a       0x26 cmake/stm32cubemx/CMakeFiles/STM32_Drivers.dir/__/__/Drivers/STM32G4xx_HAL_Driver/Src/stm32g4xx_hal_adc.c.obj
 .text.LL_ADC_SetChannelSamplingTime
                0x080010b0       0x56 cmake/stm32cubemx/CMakeFiles/STM32_Drivers.dir/__/__/Drivers/STM32G4xx_HAL_Driver/Src/stm32g4xx_hal_adc.c.obj
 *fill*         0x08001106        0x2 
 .text.LL_ADC_SetChannelSingleDiff
                0x08001108       0x48 cmake/stm32cubemx/CMakeFiles/STM32_Drivers.dir/__/__/Drivers/STM32G4xx_HAL_Driver/Src/stm32g4xx_hal_adc.c.obj
 .text.LL_ADC_GetMultimode
                0x08001150       0x1c cmake/stm32cubemx/CMakeFiles/STM32_Drivers.dir/__/__/Drivers/STM32G4xx_HAL_Driver/Src/stm32g4xx_hal_adc.c.obj
 .text.LL_ADC_GetMultiDMATransfer
                0x0800116c       0x1c cmake/stm32cubemx/CMakeFiles/STM32_Drivers.dir/__/__/Drivers/STM32G4xx_HAL_Driver/Src/stm32g4xx_hal_adc.c.obj
 .text.LL_ADC_DisableDeepPowerDown
                0x08001188       0x24 cmake/stm32cubemx/CMakeFiles/STM32_Drivers.dir/__/__/Drivers/STM32G4xx_HAL_Driver/Src/stm32g4xx_hal_adc.c.obj
 .text.LL_ADC_IsDeepPowerDownEnabled
                0x080011ac       0x28 cmake/stm32cubemx/CMakeFiles/STM32_Drivers.dir/__/__/Drivers/STM32G4xx_HAL_Driver/Src/stm32g4xx_hal_adc.c.obj
 .text.LL_ADC_EnableInternalRegulator
                0x080011d4       0x28 cmake/stm32cubemx/CMakeFiles/STM32_Drivers.dir/__/__/Drivers/STM32G4xx_HAL_Driver/Src/stm32g4xx_hal_adc.c.obj
 .text.LL_ADC_IsInternalRegulatorEnabled
                0x080011fc       0x28 cmake/stm32cubemx/CMakeFiles/STM32_Drivers.dir/__/__/Drivers/STM32G4xx_HAL_Driver/Src/stm32g4xx_hal_adc.c.obj
 .text.LL_ADC_Enable
                0x08001224       0x28 cmake/stm32cubemx/CMakeFiles/STM32_Drivers.dir/__/__/Drivers/STM32G4xx_HAL_Driver/Src/stm32g4xx_hal_adc.c.obj
 .text.LL_ADC_Disable
                0x0800124c       0x28 cmake/stm32cubemx/CMakeFiles/STM32_Drivers.dir/__/__/Drivers/STM32G4xx_HAL_Driver/Src/stm32g4xx_hal_adc.c.obj
 .text.LL_ADC_IsEnabled
                0x08001274       0x26 cmake/stm32cubemx/CMakeFiles/STM32_Drivers.dir/__/__/Drivers/STM32G4xx_HAL_Driver/Src/stm32g4xx_hal_adc.c.obj
 .text.LL_ADC_IsDisableOngoing
                0x0800129a       0x26 cmake/stm32cubemx/CMakeFiles/STM32_Drivers.dir/__/__/Drivers/STM32G4xx_HAL_Driver/Src/stm32g4xx_hal_adc.c.obj
 .text.LL_ADC_REG_StartConversion
                0x080012c0       0x28 cmake/stm32cubemx/CMakeFiles/STM32_Drivers.dir/__/__/Drivers/STM32G4xx_HAL_Driver/Src/stm32g4xx_hal_adc.c.obj
 .text.LL_ADC_REG_IsConversionOngoing
                0x080012e8       0x26 cmake/stm32cubemx/CMakeFiles/STM32_Drivers.dir/__/__/Drivers/STM32G4xx_HAL_Driver/Src/stm32g4xx_hal_adc.c.obj
 .text.LL_ADC_INJ_IsConversionOngoing
                0x0800130e       0x26 cmake/stm32cubemx/CMakeFiles/STM32_Drivers.dir/__/__/Drivers/STM32G4xx_HAL_Driver/Src/stm32g4xx_hal_adc.c.obj
 .text.HAL_ADC_Init
                0x08001334      0x378 cmake/stm32cubemx/CMakeFiles/STM32_Drivers.dir/__/__/Drivers/STM32G4xx_HAL_Driver/Src/stm32g4xx_hal_adc.c.obj
                0x08001334                HAL_ADC_Init
 .text.HAL_ADC_Start_DMA
                0x080016ac      0x1a8 cmake/stm32cubemx/CMakeFiles/STM32_Drivers.dir/__/__/Drivers/STM32G4xx_HAL_Driver/Src/stm32g4xx_hal_adc.c.obj
                0x080016ac                HAL_ADC_Start_DMA
 .text.HAL_ADC_IRQHandler
                0x08001854      0x4c0 cmake/stm32cubemx/CMakeFiles/STM32_Drivers.dir/__/__/Drivers/STM32G4xx_HAL_Driver/Src/stm32g4xx_hal_adc.c.obj
                0x08001854                HAL_ADC_IRQHandler
 .text.HAL_ADC_ConvCpltCallback
                0x08001d14       0x14 cmake/stm32cubemx/CMakeFiles/STM32_Drivers.dir/__/__/Drivers/STM32G4xx_HAL_Driver/Src/stm32g4xx_hal_adc.c.obj
                0x08001d14                HAL_ADC_ConvCpltCallback
 .text.HAL_ADC_ConvHalfCpltCallback
                0x08001d28       0x14 cmake/stm32cubemx/CMakeFiles/STM32_Drivers.dir/__/__/Drivers/STM32G4xx_HAL_Driver/Src/stm32g4xx_hal_adc.c.obj
                0x08001d28                HAL_ADC_ConvHalfCpltCallback
 .text.HAL_ADC_LevelOutOfWindowCallback
                0x08001d3c       0x14 cmake/stm32cubemx/CMakeFiles/STM32_Drivers.dir/__/__/Drivers/STM32G4xx_HAL_Driver/Src/stm32g4xx_hal_adc.c.obj
                0x08001d3c                HAL_ADC_LevelOutOfWindowCallback
 .text.HAL_ADC_ErrorCallback
                0x08001d50       0x14 cmake/stm32cubemx/CMakeFiles/STM32_Drivers.dir/__/__/Drivers/STM32G4xx_HAL_Driver/Src/stm32g4xx_hal_adc.c.obj
                0x08001d50                HAL_ADC_ErrorCallback
 .text.HAL_ADC_ConfigChannel
                0x08001d64      0x880 cmake/stm32cubemx/CMakeFiles/STM32_Drivers.dir/__/__/Drivers/STM32G4xx_HAL_Driver/Src/stm32g4xx_hal_adc.c.obj
                0x08001d64                HAL_ADC_ConfigChannel
 .text.ADC_Enable
                0x080025e4      0x12c cmake/stm32cubemx/CMakeFiles/STM32_Drivers.dir/__/__/Drivers/STM32G4xx_HAL_Driver/Src/stm32g4xx_hal_adc.c.obj
                0x080025e4                ADC_Enable
 .text.ADC_Disable
                0x08002710       0xbe cmake/stm32cubemx/CMakeFiles/STM32_Drivers.dir/__/__/Drivers/STM32G4xx_HAL_Driver/Src/stm32g4xx_hal_adc.c.obj
                0x08002710                ADC_Disable
 .text.ADC_DMAConvCplt
                0x080027ce       0xd8 cmake/stm32cubemx/CMakeFiles/STM32_Drivers.dir/__/__/Drivers/STM32G4xx_HAL_Driver/Src/stm32g4xx_hal_adc.c.obj
                0x080027ce                ADC_DMAConvCplt
 .text.ADC_DMAHalfConvCplt
                0x080028a6       0x1c cmake/stm32cubemx/CMakeFiles/STM32_Drivers.dir/__/__/Drivers/STM32G4xx_HAL_Driver/Src/stm32g4xx_hal_adc.c.obj
                0x080028a6                ADC_DMAHalfConvCplt
 .text.ADC_DMAError
                0x080028c2       0x34 cmake/stm32cubemx/CMakeFiles/STM32_Drivers.dir/__/__/Drivers/STM32G4xx_HAL_Driver/Src/stm32g4xx_hal_adc.c.obj
                0x080028c2                ADC_DMAError
 .text.LL_ADC_IsEnabled
                0x080028f6       0x26 cmake/stm32cubemx/CMakeFiles/STM32_Drivers.dir/__/__/Drivers/STM32G4xx_HAL_Driver/Src/stm32g4xx_hal_adc_ex.c.obj
 .text.LL_ADC_StartCalibration
                0x0800291c       0x32 cmake/stm32cubemx/CMakeFiles/STM32_Drivers.dir/__/__/Drivers/STM32G4xx_HAL_Driver/Src/stm32g4xx_hal_adc_ex.c.obj
 .text.LL_ADC_IsCalibrationOnGoing
                0x0800294e       0x28 cmake/stm32cubemx/CMakeFiles/STM32_Drivers.dir/__/__/Drivers/STM32G4xx_HAL_Driver/Src/stm32g4xx_hal_adc_ex.c.obj
 .text.LL_ADC_REG_IsConversionOngoing
                0x08002976       0x26 cmake/stm32cubemx/CMakeFiles/STM32_Drivers.dir/__/__/Drivers/STM32G4xx_HAL_Driver/Src/stm32g4xx_hal_adc_ex.c.obj
 .text.HAL_ADCEx_Calibration_Start
                0x0800299c       0xc4 cmake/stm32cubemx/CMakeFiles/STM32_Drivers.dir/__/__/Drivers/STM32G4xx_HAL_Driver/Src/stm32g4xx_hal_adc_ex.c.obj
                0x0800299c                HAL_ADCEx_Calibration_Start
 .text.HAL_ADCEx_InjectedConvCpltCallback
                0x08002a60       0x14 cmake/stm32cubemx/CMakeFiles/STM32_Drivers.dir/__/__/Drivers/STM32G4xx_HAL_Driver/Src/stm32g4xx_hal_adc_ex.c.obj
                0x08002a60                HAL_ADCEx_InjectedConvCpltCallback
 .text.HAL_ADCEx_InjectedQueueOverflowCallback
                0x08002a74       0x14 cmake/stm32cubemx/CMakeFiles/STM32_Drivers.dir/__/__/Drivers/STM32G4xx_HAL_Driver/Src/stm32g4xx_hal_adc_ex.c.obj
                0x08002a74                HAL_ADCEx_InjectedQueueOverflowCallback
 .text.HAL_ADCEx_LevelOutOfWindow2Callback
                0x08002a88       0x14 cmake/stm32cubemx/CMakeFiles/STM32_Drivers.dir/__/__/Drivers/STM32G4xx_HAL_Driver/Src/stm32g4xx_hal_adc_ex.c.obj
                0x08002a88                HAL_ADCEx_LevelOutOfWindow2Callback
 .text.HAL_ADCEx_LevelOutOfWindow3Callback
                0x08002a9c       0x14 cmake/stm32cubemx/CMakeFiles/STM32_Drivers.dir/__/__/Drivers/STM32G4xx_HAL_Driver/Src/stm32g4xx_hal_adc_ex.c.obj
                0x08002a9c                HAL_ADCEx_LevelOutOfWindow3Callback
 .text.HAL_ADCEx_EndOfSamplingCallback
                0x08002ab0       0x14 cmake/stm32cubemx/CMakeFiles/STM32_Drivers.dir/__/__/Drivers/STM32G4xx_HAL_Driver/Src/stm32g4xx_hal_adc_ex.c.obj
                0x08002ab0                HAL_ADCEx_EndOfSamplingCallback
 .text.HAL_ADCEx_MultiModeConfigChannel
                0x08002ac4      0x210 cmake/stm32cubemx/CMakeFiles/STM32_Drivers.dir/__/__/Drivers/STM32G4xx_HAL_Driver/Src/stm32g4xx_hal_adc_ex.c.obj
                0x08002ac4                HAL_ADCEx_MultiModeConfigChannel
 .text.HAL_Init
                0x08002cd4       0x30 cmake/stm32cubemx/CMakeFiles/STM32_Drivers.dir/__/__/Drivers/STM32G4xx_HAL_Driver/Src/stm32g4xx_hal.c.obj
                0x08002cd4                HAL_Init
 .text.HAL_InitTick
                0x08002d04       0x74 cmake/stm32cubemx/CMakeFiles/STM32_Drivers.dir/__/__/Drivers/STM32G4xx_HAL_Driver/Src/stm32g4xx_hal.c.obj
                0x08002d04                HAL_InitTick
 .text.HAL_IncTick
                0x08002d78       0x24 cmake/stm32cubemx/CMakeFiles/STM32_Drivers.dir/__/__/Drivers/STM32G4xx_HAL_Driver/Src/stm32g4xx_hal.c.obj
                0x08002d78                HAL_IncTick
 .text.HAL_GetTick
                0x08002d9c       0x18 cmake/stm32cubemx/CMakeFiles/STM32_Drivers.dir/__/__/Drivers/STM32G4xx_HAL_Driver/Src/stm32g4xx_hal.c.obj
                0x08002d9c                HAL_GetTick
 .text.HAL_Delay
                0x08002db4       0x44 cmake/stm32cubemx/CMakeFiles/STM32_Drivers.dir/__/__/Drivers/STM32G4xx_HAL_Driver/Src/stm32g4xx_hal.c.obj
                0x08002db4                HAL_Delay
 .text.HAL_RCC_OscConfig
                0x08002df8      0x624 cmake/stm32cubemx/CMakeFiles/STM32_Drivers.dir/__/__/Drivers/STM32G4xx_HAL_Driver/Src/stm32g4xx_hal_rcc.c.obj
                0x08002df8                HAL_RCC_OscConfig
 .text.HAL_RCC_ClockConfig
                0x0800341c      0x278 cmake/stm32cubemx/CMakeFiles/STM32_Drivers.dir/__/__/Drivers/STM32G4xx_HAL_Driver/Src/stm32g4xx_hal_rcc.c.obj
                0x0800341c                HAL_RCC_ClockConfig
 .text.HAL_RCC_GetSysClockFreq
                0x08003694       0xc4 cmake/stm32cubemx/CMakeFiles/STM32_Drivers.dir/__/__/Drivers/STM32G4xx_HAL_Driver/Src/stm32g4xx_hal_rcc.c.obj
                0x08003694                HAL_RCC_GetSysClockFreq
 .text.HAL_RCC_GetHCLKFreq
                0x08003758       0x18 cmake/stm32cubemx/CMakeFiles/STM32_Drivers.dir/__/__/Drivers/STM32G4xx_HAL_Driver/Src/stm32g4xx_hal_rcc.c.obj
                0x08003758                HAL_RCC_GetHCLKFreq
 .text.HAL_RCC_GetPCLK1Freq
                0x08003770       0x2c cmake/stm32cubemx/CMakeFiles/STM32_Drivers.dir/__/__/Drivers/STM32G4xx_HAL_Driver/Src/stm32g4xx_hal_rcc.c.obj
                0x08003770                HAL_RCC_GetPCLK1Freq
 .text.HAL_RCC_GetPCLK2Freq
                0x0800379c       0x2c cmake/stm32cubemx/CMakeFiles/STM32_Drivers.dir/__/__/Drivers/STM32G4xx_HAL_Driver/Src/stm32g4xx_hal_rcc.c.obj
                0x0800379c                HAL_RCC_GetPCLK2Freq
 .text.RCC_GetSysClockFreqFromPLLSource
                0x080037c8       0x8c cmake/stm32cubemx/CMakeFiles/STM32_Drivers.dir/__/__/Drivers/STM32G4xx_HAL_Driver/Src/stm32g4xx_hal_rcc.c.obj
 .text.HAL_RCCEx_PeriphCLKConfig
                0x08003854      0x49c cmake/stm32cubemx/CMakeFiles/STM32_Drivers.dir/__/__/Drivers/STM32G4xx_HAL_Driver/Src/stm32g4xx_hal_rcc_ex.c.obj
                0x08003854                HAL_RCCEx_PeriphCLKConfig
 .text.HAL_GPIO_Init
                0x08003cf0      0x318 cmake/stm32cubemx/CMakeFiles/STM32_Drivers.dir/__/__/Drivers/STM32G4xx_HAL_Driver/Src/stm32g4xx_hal_gpio.c.obj
                0x08003cf0                HAL_GPIO_Init
 .text.HAL_GPIO_ReadPin
                0x08004008       0x30 cmake/stm32cubemx/CMakeFiles/STM32_Drivers.dir/__/__/Drivers/STM32G4xx_HAL_Driver/Src/stm32g4xx_hal_gpio.c.obj
                0x08004008                HAL_GPIO_ReadPin
 .text.HAL_GPIO_WritePin
                0x08004038       0x30 cmake/stm32cubemx/CMakeFiles/STM32_Drivers.dir/__/__/Drivers/STM32G4xx_HAL_Driver/Src/stm32g4xx_hal_gpio.c.obj
                0x08004038                HAL_GPIO_WritePin
 .text.HAL_GPIO_EXTI_IRQHandler
                0x08004068       0x30 cmake/stm32cubemx/CMakeFiles/STM32_Drivers.dir/__/__/Drivers/STM32G4xx_HAL_Driver/Src/stm32g4xx_hal_gpio.c.obj
                0x08004068                HAL_GPIO_EXTI_IRQHandler
 .text.HAL_DMA_Init
                0x08004098      0x150 cmake/stm32cubemx/CMakeFiles/STM32_Drivers.dir/__/__/Drivers/STM32G4xx_HAL_Driver/Src/stm32g4xx_hal_dma.c.obj
                0x08004098                HAL_DMA_Init
 .text.HAL_DMA_Start_IT
                0x080041e8       0xf6 cmake/stm32cubemx/CMakeFiles/STM32_Drivers.dir/__/__/Drivers/STM32G4xx_HAL_Driver/Src/stm32g4xx_hal_dma.c.obj
                0x080041e8                HAL_DMA_Start_IT
 .text.HAL_DMA_Abort
                0x080042de       0xbc cmake/stm32cubemx/CMakeFiles/STM32_Drivers.dir/__/__/Drivers/STM32G4xx_HAL_Driver/Src/stm32g4xx_hal_dma.c.obj
                0x080042de                HAL_DMA_Abort
 .text.HAL_DMA_Abort_IT
                0x0800439a       0xce cmake/stm32cubemx/CMakeFiles/STM32_Drivers.dir/__/__/Drivers/STM32G4xx_HAL_Driver/Src/stm32g4xx_hal_dma.c.obj
                0x0800439a                HAL_DMA_Abort_IT
 .text.HAL_DMA_IRQHandler
                0x08004468      0x15e cmake/stm32cubemx/CMakeFiles/STM32_Drivers.dir/__/__/Drivers/STM32G4xx_HAL_Driver/Src/stm32g4xx_hal_dma.c.obj
                0x08004468                HAL_DMA_IRQHandler
 .text.DMA_SetConfig
                0x080045c6       0x7c cmake/stm32cubemx/CMakeFiles/STM32_Drivers.dir/__/__/Drivers/STM32G4xx_HAL_Driver/Src/stm32g4xx_hal_dma.c.obj
 *fill*         0x08004642        0x2 
 .text.DMA_CalcDMAMUXChannelBaseAndMask
                0x08004644       0x90 cmake/stm32cubemx/CMakeFiles/STM32_Drivers.dir/__/__/Drivers/STM32G4xx_HAL_Driver/Src/stm32g4xx_hal_dma.c.obj
 .text.DMA_CalcDMAMUXRequestGenBaseAndMask
                0x080046d4       0x4c cmake/stm32cubemx/CMakeFiles/STM32_Drivers.dir/__/__/Drivers/STM32G4xx_HAL_Driver/Src/stm32g4xx_hal_dma.c.obj
 .text.HAL_PWREx_ControlVoltageScaling
                0x08004720      0x148 cmake/stm32cubemx/CMakeFiles/STM32_Drivers.dir/__/__/Drivers/STM32G4xx_HAL_Driver/Src/stm32g4xx_hal_pwr_ex.c.obj
                0x08004720                HAL_PWREx_ControlVoltageScaling
 .text.HAL_PWREx_DisableUCPDDeadBattery
                0x08004868       0x20 cmake/stm32cubemx/CMakeFiles/STM32_Drivers.dir/__/__/Drivers/STM32G4xx_HAL_Driver/Src/stm32g4xx_hal_pwr_ex.c.obj
                0x08004868                HAL_PWREx_DisableUCPDDeadBattery
 .text.__NVIC_SetPriorityGrouping
                0x08004888       0x48 cmake/stm32cubemx/CMakeFiles/STM32_Drivers.dir/__/__/Drivers/STM32G4xx_HAL_Driver/Src/stm32g4xx_hal_cortex.c.obj
 .text.__NVIC_GetPriorityGrouping
                0x080048d0       0x1c cmake/stm32cubemx/CMakeFiles/STM32_Drivers.dir/__/__/Drivers/STM32G4xx_HAL_Driver/Src/stm32g4xx_hal_cortex.c.obj
 .text.__NVIC_EnableIRQ
                0x080048ec       0x3c cmake/stm32cubemx/CMakeFiles/STM32_Drivers.dir/__/__/Drivers/STM32G4xx_HAL_Driver/Src/stm32g4xx_hal_cortex.c.obj
 .text.__NVIC_SetPriority
                0x08004928       0x54 cmake/stm32cubemx/CMakeFiles/STM32_Drivers.dir/__/__/Drivers/STM32G4xx_HAL_Driver/Src/stm32g4xx_hal_cortex.c.obj
 .text.NVIC_EncodePriority
                0x0800497c       0x66 cmake/stm32cubemx/CMakeFiles/STM32_Drivers.dir/__/__/Drivers/STM32G4xx_HAL_Driver/Src/stm32g4xx_hal_cortex.c.obj
 *fill*         0x080049e2        0x2 
 .text.SysTick_Config
                0x080049e4       0x44 cmake/stm32cubemx/CMakeFiles/STM32_Drivers.dir/__/__/Drivers/STM32G4xx_HAL_Driver/Src/stm32g4xx_hal_cortex.c.obj
 .text.HAL_NVIC_SetPriorityGrouping
                0x08004a28       0x16 cmake/stm32cubemx/CMakeFiles/STM32_Drivers.dir/__/__/Drivers/STM32G4xx_HAL_Driver/Src/stm32g4xx_hal_cortex.c.obj
                0x08004a28                HAL_NVIC_SetPriorityGrouping
 .text.HAL_NVIC_SetPriority
                0x08004a3e       0x34 cmake/stm32cubemx/CMakeFiles/STM32_Drivers.dir/__/__/Drivers/STM32G4xx_HAL_Driver/Src/stm32g4xx_hal_cortex.c.obj
                0x08004a3e                HAL_NVIC_SetPriority
 .text.HAL_NVIC_EnableIRQ
                0x08004a72       0x1c cmake/stm32cubemx/CMakeFiles/STM32_Drivers.dir/__/__/Drivers/STM32G4xx_HAL_Driver/Src/stm32g4xx_hal_cortex.c.obj
                0x08004a72                HAL_NVIC_EnableIRQ
 .text.HAL_SYSTICK_Config
                0x08004a8e       0x18 cmake/stm32cubemx/CMakeFiles/STM32_Drivers.dir/__/__/Drivers/STM32G4xx_HAL_Driver/Src/stm32g4xx_hal_cortex.c.obj
                0x08004a8e                HAL_SYSTICK_Config
 .text.HAL_CORDIC_Init
                0x08004aa6       0x62 cmake/stm32cubemx/CMakeFiles/STM32_Drivers.dir/__/__/Drivers/STM32G4xx_HAL_Driver/Src/stm32g4xx_hal_cordic.c.obj
                0x08004aa6                HAL_CORDIC_Init
 .text.HAL_CORDIC_Configure
                0x08004b08       0x78 cmake/stm32cubemx/CMakeFiles/STM32_Drivers.dir/__/__/Drivers/STM32G4xx_HAL_Driver/Src/stm32g4xx_hal_cordic.c.obj
                0x08004b08                HAL_CORDIC_Configure
 .text.HAL_HRTIM_Init
                0x08004b80      0x1a0 cmake/stm32cubemx/CMakeFiles/STM32_Drivers.dir/__/__/Drivers/STM32G4xx_HAL_Driver/Src/stm32g4xx_hal_hrtim.c.obj
                0x08004b80                HAL_HRTIM_Init
 .text.HAL_HRTIM_DLLCalibrationStart
                0x08004d20       0xb0 cmake/stm32cubemx/CMakeFiles/STM32_Drivers.dir/__/__/Drivers/STM32G4xx_HAL_Driver/Src/stm32g4xx_hal_hrtim.c.obj
                0x08004d20                HAL_HRTIM_DLLCalibrationStart
 .text.HAL_HRTIM_PollForDLLCalibration
                0x08004dd0       0x68 cmake/stm32cubemx/CMakeFiles/STM32_Drivers.dir/__/__/Drivers/STM32G4xx_HAL_Driver/Src/stm32g4xx_hal_hrtim.c.obj
                0x08004dd0                HAL_HRTIM_PollForDLLCalibration
 .text.HAL_HRTIM_TimeBaseConfig
                0x08004e38       0x50 cmake/stm32cubemx/CMakeFiles/STM32_Drivers.dir/__/__/Drivers/STM32G4xx_HAL_Driver/Src/stm32g4xx_hal_hrtim.c.obj
                0x08004e38                HAL_HRTIM_TimeBaseConfig
 .text.HAL_HRTIM_RollOverModeConfig
                0x08004e88       0x5e cmake/stm32cubemx/CMakeFiles/STM32_Drivers.dir/__/__/Drivers/STM32G4xx_HAL_Driver/Src/stm32g4xx_hal_hrtim.c.obj
                0x08004e88                HAL_HRTIM_RollOverModeConfig
 .text.HAL_HRTIM_WaveformTimerConfig
                0x08004ee6      0x11a cmake/stm32cubemx/CMakeFiles/STM32_Drivers.dir/__/__/Drivers/STM32G4xx_HAL_Driver/Src/stm32g4xx_hal_hrtim.c.obj
                0x08004ee6                HAL_HRTIM_WaveformTimerConfig
 .text.HAL_HRTIM_WaveformTimerControl
                0x08005000       0x5e cmake/stm32cubemx/CMakeFiles/STM32_Drivers.dir/__/__/Drivers/STM32G4xx_HAL_Driver/Src/stm32g4xx_hal_hrtim.c.obj
                0x08005000                HAL_HRTIM_WaveformTimerControl
 *fill*         0x0800505e        0x2 
 .text.HAL_HRTIM_DeadTimeConfig
                0x08005060      0x100 cmake/stm32cubemx/CMakeFiles/STM32_Drivers.dir/__/__/Drivers/STM32G4xx_HAL_Driver/Src/stm32g4xx_hal_hrtim.c.obj
                0x08005060                HAL_HRTIM_DeadTimeConfig
 .text.HAL_HRTIM_WaveformCompareConfig
                0x08005160      0x2dc cmake/stm32cubemx/CMakeFiles/STM32_Drivers.dir/__/__/Drivers/STM32G4xx_HAL_Driver/Src/stm32g4xx_hal_hrtim.c.obj
                0x08005160                HAL_HRTIM_WaveformCompareConfig
 .text.HAL_HRTIM_WaveformOutputConfig
                0x0800543c       0x62 cmake/stm32cubemx/CMakeFiles/STM32_Drivers.dir/__/__/Drivers/STM32G4xx_HAL_Driver/Src/stm32g4xx_hal_hrtim.c.obj
                0x0800543c                HAL_HRTIM_WaveformOutputConfig
 .text.HAL_HRTIM_WaveformOutputStart
                0x0800549e       0x5a cmake/stm32cubemx/CMakeFiles/STM32_Drivers.dir/__/__/Drivers/STM32G4xx_HAL_Driver/Src/stm32g4xx_hal_hrtim.c.obj
                0x0800549e                HAL_HRTIM_WaveformOutputStart
 .text.HAL_HRTIM_WaveformCountStart
                0x080054f8       0x56 cmake/stm32cubemx/CMakeFiles/STM32_Drivers.dir/__/__/Drivers/STM32G4xx_HAL_Driver/Src/stm32g4xx_hal_hrtim.c.obj
                0x080054f8                HAL_HRTIM_WaveformCountStart
 .text.HAL_HRTIM_IRQHandler
                0x0800554e       0x36 cmake/stm32cubemx/CMakeFiles/STM32_Drivers.dir/__/__/Drivers/STM32G4xx_HAL_Driver/Src/stm32g4xx_hal_hrtim.c.obj
                0x0800554e                HAL_HRTIM_IRQHandler
 .text.HAL_HRTIM_Fault1Callback
                0x08005584       0x14 cmake/stm32cubemx/CMakeFiles/STM32_Drivers.dir/__/__/Drivers/STM32G4xx_HAL_Driver/Src/stm32g4xx_hal_hrtim.c.obj
                0x08005584                HAL_HRTIM_Fault1Callback
 .text.HAL_HRTIM_Fault2Callback
                0x08005598       0x14 cmake/stm32cubemx/CMakeFiles/STM32_Drivers.dir/__/__/Drivers/STM32G4xx_HAL_Driver/Src/stm32g4xx_hal_hrtim.c.obj
                0x08005598                HAL_HRTIM_Fault2Callback
 .text.HAL_HRTIM_Fault3Callback
                0x080055ac       0x14 cmake/stm32cubemx/CMakeFiles/STM32_Drivers.dir/__/__/Drivers/STM32G4xx_HAL_Driver/Src/stm32g4xx_hal_hrtim.c.obj
                0x080055ac                HAL_HRTIM_Fault3Callback
 .text.HAL_HRTIM_Fault4Callback
                0x080055c0       0x14 cmake/stm32cubemx/CMakeFiles/STM32_Drivers.dir/__/__/Drivers/STM32G4xx_HAL_Driver/Src/stm32g4xx_hal_hrtim.c.obj
                0x080055c0                HAL_HRTIM_Fault4Callback
 .text.HAL_HRTIM_Fault5Callback
                0x080055d4       0x14 cmake/stm32cubemx/CMakeFiles/STM32_Drivers.dir/__/__/Drivers/STM32G4xx_HAL_Driver/Src/stm32g4xx_hal_hrtim.c.obj
                0x080055d4                HAL_HRTIM_Fault5Callback
 .text.HAL_HRTIM_Fault6Callback
                0x080055e8       0x14 cmake/stm32cubemx/CMakeFiles/STM32_Drivers.dir/__/__/Drivers/STM32G4xx_HAL_Driver/Src/stm32g4xx_hal_hrtim.c.obj
                0x080055e8                HAL_HRTIM_Fault6Callback
 .text.HAL_HRTIM_SystemFaultCallback
                0x080055fc       0x14 cmake/stm32cubemx/CMakeFiles/STM32_Drivers.dir/__/__/Drivers/STM32G4xx_HAL_Driver/Src/stm32g4xx_hal_hrtim.c.obj
                0x080055fc                HAL_HRTIM_SystemFaultCallback
 .text.HAL_HRTIM_DLLCalibrationReadyCallback
                0x08005610       0x14 cmake/stm32cubemx/CMakeFiles/STM32_Drivers.dir/__/__/Drivers/STM32G4xx_HAL_Driver/Src/stm32g4xx_hal_hrtim.c.obj
                0x08005610                HAL_HRTIM_DLLCalibrationReadyCallback
 .text.HAL_HRTIM_BurstModePeriodCallback
                0x08005624       0x14 cmake/stm32cubemx/CMakeFiles/STM32_Drivers.dir/__/__/Drivers/STM32G4xx_HAL_Driver/Src/stm32g4xx_hal_hrtim.c.obj
                0x08005624                HAL_HRTIM_BurstModePeriodCallback
 .text.HAL_HRTIM_SynchronizationEventCallback
                0x08005638       0x14 cmake/stm32cubemx/CMakeFiles/STM32_Drivers.dir/__/__/Drivers/STM32G4xx_HAL_Driver/Src/stm32g4xx_hal_hrtim.c.obj
                0x08005638                HAL_HRTIM_SynchronizationEventCallback
 .text.HAL_HRTIM_RepetitionEventCallback
                0x0800564c       0x16 cmake/stm32cubemx/CMakeFiles/STM32_Drivers.dir/__/__/Drivers/STM32G4xx_HAL_Driver/Src/stm32g4xx_hal_hrtim.c.obj
                0x0800564c                HAL_HRTIM_RepetitionEventCallback
 .text.HAL_HRTIM_Compare1EventCallback
                0x08005662       0x16 cmake/stm32cubemx/CMakeFiles/STM32_Drivers.dir/__/__/Drivers/STM32G4xx_HAL_Driver/Src/stm32g4xx_hal_hrtim.c.obj
                0x08005662                HAL_HRTIM_Compare1EventCallback
 .text.HAL_HRTIM_Compare2EventCallback
                0x08005678       0x16 cmake/stm32cubemx/CMakeFiles/STM32_Drivers.dir/__/__/Drivers/STM32G4xx_HAL_Driver/Src/stm32g4xx_hal_hrtim.c.obj
                0x08005678                HAL_HRTIM_Compare2EventCallback
 .text.HAL_HRTIM_Compare3EventCallback
                0x0800568e       0x16 cmake/stm32cubemx/CMakeFiles/STM32_Drivers.dir/__/__/Drivers/STM32G4xx_HAL_Driver/Src/stm32g4xx_hal_hrtim.c.obj
                0x0800568e                HAL_HRTIM_Compare3EventCallback
 .text.HAL_HRTIM_Compare4EventCallback
                0x080056a4       0x16 cmake/stm32cubemx/CMakeFiles/STM32_Drivers.dir/__/__/Drivers/STM32G4xx_HAL_Driver/Src/stm32g4xx_hal_hrtim.c.obj
                0x080056a4                HAL_HRTIM_Compare4EventCallback
 .text.HAL_HRTIM_Capture1EventCallback
                0x080056ba       0x16 cmake/stm32cubemx/CMakeFiles/STM32_Drivers.dir/__/__/Drivers/STM32G4xx_HAL_Driver/Src/stm32g4xx_hal_hrtim.c.obj
                0x080056ba                HAL_HRTIM_Capture1EventCallback
 .text.HAL_HRTIM_Capture2EventCallback
                0x080056d0       0x16 cmake/stm32cubemx/CMakeFiles/STM32_Drivers.dir/__/__/Drivers/STM32G4xx_HAL_Driver/Src/stm32g4xx_hal_hrtim.c.obj
                0x080056d0                HAL_HRTIM_Capture2EventCallback
 .text.HAL_HRTIM_DelayedProtectionCallback
                0x080056e6       0x16 cmake/stm32cubemx/CMakeFiles/STM32_Drivers.dir/__/__/Drivers/STM32G4xx_HAL_Driver/Src/stm32g4xx_hal_hrtim.c.obj
                0x080056e6                HAL_HRTIM_DelayedProtectionCallback
 .text.HAL_HRTIM_CounterResetCallback
                0x080056fc       0x16 cmake/stm32cubemx/CMakeFiles/STM32_Drivers.dir/__/__/Drivers/STM32G4xx_HAL_Driver/Src/stm32g4xx_hal_hrtim.c.obj
                0x080056fc                HAL_HRTIM_CounterResetCallback
 .text.HAL_HRTIM_Output1SetCallback
                0x08005712       0x16 cmake/stm32cubemx/CMakeFiles/STM32_Drivers.dir/__/__/Drivers/STM32G4xx_HAL_Driver/Src/stm32g4xx_hal_hrtim.c.obj
                0x08005712                HAL_HRTIM_Output1SetCallback
 .text.HAL_HRTIM_Output1ResetCallback
                0x08005728       0x16 cmake/stm32cubemx/CMakeFiles/STM32_Drivers.dir/__/__/Drivers/STM32G4xx_HAL_Driver/Src/stm32g4xx_hal_hrtim.c.obj
                0x08005728                HAL_HRTIM_Output1ResetCallback
 .text.HAL_HRTIM_Output2SetCallback
                0x0800573e       0x16 cmake/stm32cubemx/CMakeFiles/STM32_Drivers.dir/__/__/Drivers/STM32G4xx_HAL_Driver/Src/stm32g4xx_hal_hrtim.c.obj
                0x0800573e                HAL_HRTIM_Output2SetCallback
 .text.HAL_HRTIM_Output2ResetCallback
                0x08005754       0x16 cmake/stm32cubemx/CMakeFiles/STM32_Drivers.dir/__/__/Drivers/STM32G4xx_HAL_Driver/Src/stm32g4xx_hal_hrtim.c.obj
                0x08005754                HAL_HRTIM_Output2ResetCallback
 .text.HRTIM_MasterBase_Config
                0x0800576a       0x5e cmake/stm32cubemx/CMakeFiles/STM32_Drivers.dir/__/__/Drivers/STM32G4xx_HAL_Driver/Src/stm32g4xx_hal_hrtim.c.obj
 .text.HRTIM_TimingUnitBase_Config
                0x080057c8       0x80 cmake/stm32cubemx/CMakeFiles/STM32_Drivers.dir/__/__/Drivers/STM32G4xx_HAL_Driver/Src/stm32g4xx_hal_hrtim.c.obj
 .text.HRTIM_MasterWaveform_Config
                0x08005848      0x13a cmake/stm32cubemx/CMakeFiles/STM32_Drivers.dir/__/__/Drivers/STM32G4xx_HAL_Driver/Src/stm32g4xx_hal_hrtim.c.obj
 *fill*         0x08005982        0x2 
 .text.HRTIM_TimingUnitWaveform_Config
                0x08005984      0x314 cmake/stm32cubemx/CMakeFiles/STM32_Drivers.dir/__/__/Drivers/STM32G4xx_HAL_Driver/Src/stm32g4xx_hal_hrtim.c.obj
 .text.HRTIM_TimingUnitWaveform_Control
                0x08005c98       0xc0 cmake/stm32cubemx/CMakeFiles/STM32_Drivers.dir/__/__/Drivers/STM32G4xx_HAL_Driver/Src/stm32g4xx_hal_hrtim.c.obj
 .text.HRTIM_TimingUnitRollOver_Config
                0x08005d58       0x5c cmake/stm32cubemx/CMakeFiles/STM32_Drivers.dir/__/__/Drivers/STM32G4xx_HAL_Driver/Src/stm32g4xx_hal_hrtim.c.obj
 .text.HRTIM_OutputConfig
                0x08005db4      0x1d0 cmake/stm32cubemx/CMakeFiles/STM32_Drivers.dir/__/__/Drivers/STM32G4xx_HAL_Driver/Src/stm32g4xx_hal_hrtim.c.obj
 .text.HRTIM_ForceRegistersUpdate
                0x08005f84       0xdc cmake/stm32cubemx/CMakeFiles/STM32_Drivers.dir/__/__/Drivers/STM32G4xx_HAL_Driver/Src/stm32g4xx_hal_hrtim.c.obj
 .text.HRTIM_HRTIM_ISR
                0x08006060      0x120 cmake/stm32cubemx/CMakeFiles/STM32_Drivers.dir/__/__/Drivers/STM32G4xx_HAL_Driver/Src/stm32g4xx_hal_hrtim.c.obj
 .text.HRTIM_Master_ISR
                0x08006180      0x18a cmake/stm32cubemx/CMakeFiles/STM32_Drivers.dir/__/__/Drivers/STM32G4xx_HAL_Driver/Src/stm32g4xx_hal_hrtim.c.obj
 .text.HRTIM_Timer_ISR
                0x0800630a      0x2aa cmake/stm32cubemx/CMakeFiles/STM32_Drivers.dir/__/__/Drivers/STM32G4xx_HAL_Driver/Src/stm32g4xx_hal_hrtim.c.obj
 .text.HAL_SPI_Init
                0x080065b4      0x156 cmake/stm32cubemx/CMakeFiles/STM32_Drivers.dir/__/__/Drivers/STM32G4xx_HAL_Driver/Src/stm32g4xx_hal_spi.c.obj
                0x080065b4                HAL_SPI_Init
 *fill*         0x0800670a        0x2 
 .text.HAL_SPI_Transmit_DMA
                0x0800670c      0x1dc cmake/stm32cubemx/CMakeFiles/STM32_Drivers.dir/__/__/Drivers/STM32G4xx_HAL_Driver/Src/stm32g4xx_hal_spi.c.obj
                0x0800670c                HAL_SPI_Transmit_DMA
 .text.HAL_SPI_IRQHandler
                0x080068e8      0x200 cmake/stm32cubemx/CMakeFiles/STM32_Drivers.dir/__/__/Drivers/STM32G4xx_HAL_Driver/Src/stm32g4xx_hal_spi.c.obj
                0x080068e8                HAL_SPI_IRQHandler
 .text.HAL_SPI_TxCpltCallback
                0x08006ae8       0x14 cmake/stm32cubemx/CMakeFiles/STM32_Drivers.dir/__/__/Drivers/STM32G4xx_HAL_Driver/Src/stm32g4xx_hal_spi.c.obj
                0x08006ae8                HAL_SPI_TxCpltCallback
 .text.HAL_SPI_TxHalfCpltCallback
                0x08006afc       0x14 cmake/stm32cubemx/CMakeFiles/STM32_Drivers.dir/__/__/Drivers/STM32G4xx_HAL_Driver/Src/stm32g4xx_hal_spi.c.obj
                0x08006afc                HAL_SPI_TxHalfCpltCallback
 .text.HAL_SPI_ErrorCallback
                0x08006b10       0x14 cmake/stm32cubemx/CMakeFiles/STM32_Drivers.dir/__/__/Drivers/STM32G4xx_HAL_Driver/Src/stm32g4xx_hal_spi.c.obj
                0x08006b10                HAL_SPI_ErrorCallback
 .text.SPI_DMATransmitCplt
                0x08006b24       0xa6 cmake/stm32cubemx/CMakeFiles/STM32_Drivers.dir/__/__/Drivers/STM32G4xx_HAL_Driver/Src/stm32g4xx_hal_spi.c.obj
 .text.SPI_DMAHalfTransmitCplt
                0x08006bca       0x1c cmake/stm32cubemx/CMakeFiles/STM32_Drivers.dir/__/__/Drivers/STM32G4xx_HAL_Driver/Src/stm32g4xx_hal_spi.c.obj
 .text.SPI_DMAError
                0x08006be6       0x40 cmake/stm32cubemx/CMakeFiles/STM32_Drivers.dir/__/__/Drivers/STM32G4xx_HAL_Driver/Src/stm32g4xx_hal_spi.c.obj
 .text.SPI_DMAAbortOnError
                0x08006c26       0x2a cmake/stm32cubemx/CMakeFiles/STM32_Drivers.dir/__/__/Drivers/STM32G4xx_HAL_Driver/Src/stm32g4xx_hal_spi.c.obj
 .text.SPI_WaitFlagStateUntilTimeout
                0x08006c50      0x110 cmake/stm32cubemx/CMakeFiles/STM32_Drivers.dir/__/__/Drivers/STM32G4xx_HAL_Driver/Src/stm32g4xx_hal_spi.c.obj
 .text.SPI_WaitFifoStateUntilTimeout
                0x08006d60      0x12c cmake/stm32cubemx/CMakeFiles/STM32_Drivers.dir/__/__/Drivers/STM32G4xx_HAL_Driver/Src/stm32g4xx_hal_spi.c.obj
 .text.SPI_EndRxTxTransaction
                0x08006e8c       0x8c cmake/stm32cubemx/CMakeFiles/STM32_Drivers.dir/__/__/Drivers/STM32G4xx_HAL_Driver/Src/stm32g4xx_hal_spi.c.obj
 .text.HAL_UART_Init
                0x08006f18       0xa0 cmake/stm32cubemx/CMakeFiles/STM32_Drivers.dir/__/__/Drivers/STM32G4xx_HAL_Driver/Src/stm32g4xx_hal_uart.c.obj
                0x08006f18                HAL_UART_Init
 .text.HAL_UART_IRQHandler
                0x08006fb8      0x684 cmake/stm32cubemx/CMakeFiles/STM32_Drivers.dir/__/__/Drivers/STM32G4xx_HAL_Driver/Src/stm32g4xx_hal_uart.c.obj
                0x08006fb8                HAL_UART_IRQHandler
 .text.HAL_UART_TxCpltCallback
                0x0800763c       0x14 cmake/stm32cubemx/CMakeFiles/STM32_Drivers.dir/__/__/Drivers/STM32G4xx_HAL_Driver/Src/stm32g4xx_hal_uart.c.obj
                0x0800763c                HAL_UART_TxCpltCallback
 .text.HAL_UART_ErrorCallback
                0x08007650       0x14 cmake/stm32cubemx/CMakeFiles/STM32_Drivers.dir/__/__/Drivers/STM32G4xx_HAL_Driver/Src/stm32g4xx_hal_uart.c.obj
                0x08007650                HAL_UART_ErrorCallback
 .text.HAL_UARTEx_RxEventCallback
                0x08007664       0x18 cmake/stm32cubemx/CMakeFiles/STM32_Drivers.dir/__/__/Drivers/STM32G4xx_HAL_Driver/Src/stm32g4xx_hal_uart.c.obj
                0x08007664                HAL_UARTEx_RxEventCallback
 .text.UART_SetConfig
                0x0800767c      0x5f8 cmake/stm32cubemx/CMakeFiles/STM32_Drivers.dir/__/__/Drivers/STM32G4xx_HAL_Driver/Src/stm32g4xx_hal_uart.c.obj
                0x0800767c                UART_SetConfig
 .text.UART_AdvFeatureConfig
                0x08007c74      0x144 cmake/stm32cubemx/CMakeFiles/STM32_Drivers.dir/__/__/Drivers/STM32G4xx_HAL_Driver/Src/stm32g4xx_hal_uart.c.obj
                0x08007c74                UART_AdvFeatureConfig
 .text.UART_CheckIdleState
                0x08007db8      0x154 cmake/stm32cubemx/CMakeFiles/STM32_Drivers.dir/__/__/Drivers/STM32G4xx_HAL_Driver/Src/stm32g4xx_hal_uart.c.obj
                0x08007db8                UART_CheckIdleState
 .text.UART_WaitOnFlagUntilTimeout
                0x08007f0c       0xda cmake/stm32cubemx/CMakeFiles/STM32_Drivers.dir/__/__/Drivers/STM32G4xx_HAL_Driver/Src/stm32g4xx_hal_uart.c.obj
                0x08007f0c                UART_WaitOnFlagUntilTimeout
 .text.UART_EndRxTransfer
                0x08007fe6       0xcc cmake/stm32cubemx/CMakeFiles/STM32_Drivers.dir/__/__/Drivers/STM32G4xx_HAL_Driver/Src/stm32g4xx_hal_uart.c.obj
 .text.UART_DMAAbortOnError
                0x080080b2       0x1c cmake/stm32cubemx/CMakeFiles/STM32_Drivers.dir/__/__/Drivers/STM32G4xx_HAL_Driver/Src/stm32g4xx_hal_uart.c.obj
 .text.UART_EndTransmit_IT
                0x080080ce       0x56 cmake/stm32cubemx/CMakeFiles/STM32_Drivers.dir/__/__/Drivers/STM32G4xx_HAL_Driver/Src/stm32g4xx_hal_uart.c.obj
 .text.HAL_UARTEx_WakeupCallback
                0x08008124       0x14 cmake/stm32cubemx/CMakeFiles/STM32_Drivers.dir/__/__/Drivers/STM32G4xx_HAL_Driver/Src/stm32g4xx_hal_uart_ex.c.obj
                0x08008124                HAL_UARTEx_WakeupCallback
 .text.HAL_UARTEx_RxFifoFullCallback
                0x08008138       0x14 cmake/stm32cubemx/CMakeFiles/STM32_Drivers.dir/__/__/Drivers/STM32G4xx_HAL_Driver/Src/stm32g4xx_hal_uart_ex.c.obj
                0x08008138                HAL_UARTEx_RxFifoFullCallback
 .text.HAL_UARTEx_TxFifoEmptyCallback
                0x0800814c       0x14 cmake/stm32cubemx/CMakeFiles/STM32_Drivers.dir/__/__/Drivers/STM32G4xx_HAL_Driver/Src/stm32g4xx_hal_uart_ex.c.obj
                0x0800814c                HAL_UARTEx_TxFifoEmptyCallback
 .text.HAL_UARTEx_DisableFifoMode
                0x08008160       0x72 cmake/stm32cubemx/CMakeFiles/STM32_Drivers.dir/__/__/Drivers/STM32G4xx_HAL_Driver/Src/stm32g4xx_hal_uart_ex.c.obj
                0x08008160                HAL_UARTEx_DisableFifoMode
 .text.HAL_UARTEx_SetTxFifoThreshold
                0x080081d2       0x7c cmake/stm32cubemx/CMakeFiles/STM32_Drivers.dir/__/__/Drivers/STM32G4xx_HAL_Driver/Src/stm32g4xx_hal_uart_ex.c.obj
                0x080081d2                HAL_UARTEx_SetTxFifoThreshold
 .text.HAL_UARTEx_SetRxFifoThreshold
                0x0800824e       0x7c cmake/stm32cubemx/CMakeFiles/STM32_Drivers.dir/__/__/Drivers/STM32G4xx_HAL_Driver/Src/stm32g4xx_hal_uart_ex.c.obj
                0x0800824e                HAL_UARTEx_SetRxFifoThreshold
 *fill*         0x080082ca        0x2 
 .text.UARTEx_SetNbDataToProcess
                0x080082cc       0x9c cmake/stm32cubemx/CMakeFiles/STM32_Drivers.dir/__/__/Drivers/STM32G4xx_HAL_Driver/Src/stm32g4xx_hal_uart_ex.c.obj
 .text.three_phase_inverter_interface_head
                0x08008368       0x70 CMakeFiles/Three-phase_inverter.dir/Core/Src/MY_OLED.c.obj
                0x08008368                three_phase_inverter_interface_head
 .text.three_phase_inverter_interface_main
                0x080083d8       0xdc CMakeFiles/Three-phase_inverter.dir/Core/Src/MY_OLED.c.obj
                0x080083d8                three_phase_inverter_interface_main
 .text.DeBug_interface_head
                0x080084b4       0x9c CMakeFiles/Three-phase_inverter.dir/Core/Src/MY_OLED.c.obj
                0x080084b4                DeBug_interface_head
 .text.DeBug_interface_main
                0x08008550      0x220 CMakeFiles/Three-phase_inverter.dir/Core/Src/MY_OLED.c.obj
                0x08008550                DeBug_interface_main
 .text.OLED_W_RES
                0x08008770       0x24 CMakeFiles/Three-phase_inverter.dir/Core/Src/OLED.c.obj
                0x08008770                OLED_W_RES
 .text.OLED_W_DC
                0x08008794       0x24 CMakeFiles/Three-phase_inverter.dir/Core/Src/OLED.c.obj
                0x08008794                OLED_W_DC
 .text.OLED_GPIO_Init
                0x080087b8       0x5a CMakeFiles/Three-phase_inverter.dir/Core/Src/OLED.c.obj
                0x080087b8                OLED_GPIO_Init
 *fill*         0x08008812        0x2 
 .text.OLED_SPI_SendByte
                0x08008814       0x24 CMakeFiles/Three-phase_inverter.dir/Core/Src/OLED.c.obj
                0x08008814                OLED_SPI_SendByte
 .text.OLED_WriteCommand
                0x08008838       0x20 CMakeFiles/Three-phase_inverter.dir/Core/Src/OLED.c.obj
                0x08008838                OLED_WriteCommand
 .text.OLED_WriteData
                0x08008858       0x3e CMakeFiles/Three-phase_inverter.dir/Core/Src/OLED.c.obj
                0x08008858                OLED_WriteData
 .text.OLED_Init
                0x08008896       0x9e CMakeFiles/Three-phase_inverter.dir/Core/Src/OLED.c.obj
                0x08008896                OLED_Init
 .text.OLED_SetCursor
                0x08008934       0x46 CMakeFiles/Three-phase_inverter.dir/Core/Src/OLED.c.obj
                0x08008934                OLED_SetCursor
 .text.OLED_Pow
                0x0800897a       0x32 CMakeFiles/Three-phase_inverter.dir/Core/Src/OLED.c.obj
                0x0800897a                OLED_Pow
 .text.OLED_Update
                0x080089ac       0x40 CMakeFiles/Three-phase_inverter.dir/Core/Src/OLED.c.obj
                0x080089ac                OLED_Update
 .text.OLED_Clear
                0x080089ec       0x50 CMakeFiles/Three-phase_inverter.dir/Core/Src/OLED.c.obj
                0x080089ec                OLED_Clear
 .text.OLED_ClearArea
                0x08008a3c       0xec CMakeFiles/Three-phase_inverter.dir/Core/Src/OLED.c.obj
                0x08008a3c                OLED_ClearArea
 .text.OLED_ShowChar
                0x08008b28       0x7c CMakeFiles/Three-phase_inverter.dir/Core/Src/OLED.c.obj
                0x08008b28                OLED_ShowChar
 .text.OLED_ShowString
                0x08008ba4      0x284 CMakeFiles/Three-phase_inverter.dir/Core/Src/OLED.c.obj
                0x08008ba4                OLED_ShowString
 .text.OLED_ShowNum
                0x08008e28       0x90 CMakeFiles/Three-phase_inverter.dir/Core/Src/OLED.c.obj
                0x08008e28                OLED_ShowNum
 .text.OLED_ShowFloatNum
                0x08008eb8      0x15c CMakeFiles/Three-phase_inverter.dir/Core/Src/OLED.c.obj
                0x08008eb8                OLED_ShowFloatNum
 .text.OLED_ShowImage
                0x08009014      0x1c8 CMakeFiles/Three-phase_inverter.dir/Core/Src/OLED.c.obj
                0x08009014                OLED_ShowImage
 .text.main     0x080091dc      0x260 CMakeFiles/Three-phase_inverter.dir/Core/Src/main.c.obj
                0x080091dc                main
 .text.SystemClock_Config
                0x0800943c       0x94 CMakeFiles/Three-phase_inverter.dir/Core/Src/main.c.obj
                0x0800943c                SystemClock_Config
 .text.QPR_Init
                0x080094d0      0x14c CMakeFiles/Three-phase_inverter.dir/Core/Src/main.c.obj
                0x080094d0                QPR_Init
 .text.QPR_Compute
                0x0800961c       0xb8 CMakeFiles/Three-phase_inverter.dir/Core/Src/main.c.obj
                0x0800961c                QPR_Compute
 .text.P_Compute
                0x080096d4       0x28 CMakeFiles/Three-phase_inverter.dir/Core/Src/main.c.obj
                0x080096d4                P_Compute
 .text.SV_init  0x080096fc       0x3a CMakeFiles/Three-phase_inverter.dir/Core/Src/main.c.obj
                0x080096fc                SV_init
 *fill*         0x08009736        0x2 
 .text.rad_to_q31
                0x08009738       0x48 CMakeFiles/Three-phase_inverter.dir/Core/Src/main.c.obj
                0x08009738                rad_to_q31
 .text.sin_cos_q31_to_float
                0x08009780       0x30 CMakeFiles/Three-phase_inverter.dir/Core/Src/main.c.obj
                0x08009780                sin_cos_q31_to_float
 .text.phy_conv_calc
                0x080097b0       0x64 CMakeFiles/Three-phase_inverter.dir/Core/Src/main.c.obj
                0x080097b0                phy_conv_calc
 .text.SVPWM_init
                0x08009814       0x48 CMakeFiles/Three-phase_inverter.dir/Core/Src/main.c.obj
                0x08009814                SVPWM_init
 .text.Midvalue_Compute
                0x0800985c       0x7c CMakeFiles/Three-phase_inverter.dir/Core/Src/main.c.obj
                0x0800985c                Midvalue_Compute
 .text.Sector_Judgment
                0x080098d8       0xb8 CMakeFiles/Three-phase_inverter.dir/Core/Src/main.c.obj
                0x080098d8                Sector_Judgment
 .text.vector_actiontime
                0x08009990      0x1f4 CMakeFiles/Three-phase_inverter.dir/Core/Src/main.c.obj
                0x08009990                vector_actiontime
 .text.vector_action
                0x08009b84      0x53c CMakeFiles/Three-phase_inverter.dir/Core/Src/main.c.obj
                0x08009b84                vector_action
 .text.HAL_HRTIM_RegistersUpdateCallback
                0x0800a0c0      0x260 CMakeFiles/Three-phase_inverter.dir/Core/Src/main.c.obj
                0x0800a0c0                HAL_HRTIM_RegistersUpdateCallback
 .text.HAL_GPIO_EXTI_Callback
                0x0800a320      0x2e0 CMakeFiles/Three-phase_inverter.dir/Core/Src/main.c.obj
                0x0800a320                HAL_GPIO_EXTI_Callback
 .text.Error_Handler
                0x0800a600        0xc CMakeFiles/Three-phase_inverter.dir/Core/Src/main.c.obj
                0x0800a600                Error_Handler
 .text.MX_GPIO_Init
                0x0800a60c      0x170 CMakeFiles/Three-phase_inverter.dir/Core/Src/gpio.c.obj
                0x0800a60c                MX_GPIO_Init
 .text.MX_ADC1_Init
                0x0800a77c      0x134 CMakeFiles/Three-phase_inverter.dir/Core/Src/adc.c.obj
                0x0800a77c                MX_ADC1_Init
 .text.MX_ADC2_Init
                0x0800a8b0      0x130 CMakeFiles/Three-phase_inverter.dir/Core/Src/adc.c.obj
                0x0800a8b0                MX_ADC2_Init
 .text.HAL_ADC_MspInit
                0x0800a9e0      0x2d8 CMakeFiles/Three-phase_inverter.dir/Core/Src/adc.c.obj
                0x0800a9e0                HAL_ADC_MspInit
 .text.MX_CORDIC_Init
                0x0800acb8       0x28 CMakeFiles/Three-phase_inverter.dir/Core/Src/cordic.c.obj
                0x0800acb8                MX_CORDIC_Init
 .text.HAL_CORDIC_MspInit
                0x0800ace0       0x40 CMakeFiles/Three-phase_inverter.dir/Core/Src/cordic.c.obj
                0x0800ace0                HAL_CORDIC_MspInit
 .text.MX_DMA_Init
                0x0800ad20       0x84 CMakeFiles/Three-phase_inverter.dir/Core/Src/dma.c.obj
                0x0800ad20                MX_DMA_Init
 .text.MX_HRTIM1_Init
                0x0800ada4      0x3e8 CMakeFiles/Three-phase_inverter.dir/Core/Src/hrtim.c.obj
                0x0800ada4                MX_HRTIM1_Init
 .text.HAL_HRTIM_MspInit
                0x0800b18c       0x4c CMakeFiles/Three-phase_inverter.dir/Core/Src/hrtim.c.obj
                0x0800b18c                HAL_HRTIM_MspInit
 .text.HAL_HRTIM_MspPostInit
                0x0800b1d8       0xac CMakeFiles/Three-phase_inverter.dir/Core/Src/hrtim.c.obj
                0x0800b1d8                HAL_HRTIM_MspPostInit
 .text.MX_SPI3_Init
                0x0800b284       0x7c CMakeFiles/Three-phase_inverter.dir/Core/Src/spi.c.obj
                0x0800b284                MX_SPI3_Init
 .text.HAL_SPI_MspInit
                0x0800b300      0x130 CMakeFiles/Three-phase_inverter.dir/Core/Src/spi.c.obj
                0x0800b300                HAL_SPI_MspInit
 .text.MX_UART4_Init
                0x0800b430       0x98 CMakeFiles/Three-phase_inverter.dir/Core/Src/usart.c.obj
                0x0800b430                MX_UART4_Init
 .text.HAL_UART_MspInit
                0x0800b4c8      0x11c CMakeFiles/Three-phase_inverter.dir/Core/Src/usart.c.obj
                0x0800b4c8                HAL_UART_MspInit
 .text.NMI_Handler
                0x0800b5e4        0x8 CMakeFiles/Three-phase_inverter.dir/Core/Src/stm32g4xx_it.c.obj
                0x0800b5e4                NMI_Handler
 .text.HardFault_Handler
                0x0800b5ec        0x8 CMakeFiles/Three-phase_inverter.dir/Core/Src/stm32g4xx_it.c.obj
                0x0800b5ec                HardFault_Handler
 .text.MemManage_Handler
                0x0800b5f4        0x8 CMakeFiles/Three-phase_inverter.dir/Core/Src/stm32g4xx_it.c.obj
                0x0800b5f4                MemManage_Handler
 .text.BusFault_Handler
                0x0800b5fc        0x8 CMakeFiles/Three-phase_inverter.dir/Core/Src/stm32g4xx_it.c.obj
                0x0800b5fc                BusFault_Handler
 .text.UsageFault_Handler
                0x0800b604        0x8 CMakeFiles/Three-phase_inverter.dir/Core/Src/stm32g4xx_it.c.obj
                0x0800b604                UsageFault_Handler
 .text.SVC_Handler
                0x0800b60c        0xe CMakeFiles/Three-phase_inverter.dir/Core/Src/stm32g4xx_it.c.obj
                0x0800b60c                SVC_Handler
 .text.DebugMon_Handler
                0x0800b61a        0xe CMakeFiles/Three-phase_inverter.dir/Core/Src/stm32g4xx_it.c.obj
                0x0800b61a                DebugMon_Handler
 .text.PendSV_Handler
                0x0800b628        0xe CMakeFiles/Three-phase_inverter.dir/Core/Src/stm32g4xx_it.c.obj
                0x0800b628                PendSV_Handler
 .text.SysTick_Handler
                0x0800b636        0xc CMakeFiles/Three-phase_inverter.dir/Core/Src/stm32g4xx_it.c.obj
                0x0800b636                SysTick_Handler
 .text.EXTI0_IRQHandler
                0x0800b642        0xe CMakeFiles/Three-phase_inverter.dir/Core/Src/stm32g4xx_it.c.obj
                0x0800b642                EXTI0_IRQHandler
 .text.EXTI2_IRQHandler
                0x0800b650        0xe CMakeFiles/Three-phase_inverter.dir/Core/Src/stm32g4xx_it.c.obj
                0x0800b650                EXTI2_IRQHandler
 *fill*         0x0800b65e        0x2 
 .text.DMA1_Channel1_IRQHandler
                0x0800b660       0x14 CMakeFiles/Three-phase_inverter.dir/Core/Src/stm32g4xx_it.c.obj
                0x0800b660                DMA1_Channel1_IRQHandler
 .text.DMA1_Channel2_IRQHandler
                0x0800b674       0x14 CMakeFiles/Three-phase_inverter.dir/Core/Src/stm32g4xx_it.c.obj
                0x0800b674                DMA1_Channel2_IRQHandler
 .text.DMA1_Channel3_IRQHandler
                0x0800b688       0x14 CMakeFiles/Three-phase_inverter.dir/Core/Src/stm32g4xx_it.c.obj
                0x0800b688                DMA1_Channel3_IRQHandler
 .text.DMA1_Channel4_IRQHandler
                0x0800b69c       0x14 CMakeFiles/Three-phase_inverter.dir/Core/Src/stm32g4xx_it.c.obj
                0x0800b69c                DMA1_Channel4_IRQHandler
 .text.ADC1_2_IRQHandler
                0x0800b6b0       0x1c CMakeFiles/Three-phase_inverter.dir/Core/Src/stm32g4xx_it.c.obj
                0x0800b6b0                ADC1_2_IRQHandler
 .text.EXTI15_10_IRQHandler
                0x0800b6cc       0x28 CMakeFiles/Three-phase_inverter.dir/Core/Src/stm32g4xx_it.c.obj
                0x0800b6cc                EXTI15_10_IRQHandler
 .text.SPI3_IRQHandler
                0x0800b6f4       0x14 CMakeFiles/Three-phase_inverter.dir/Core/Src/stm32g4xx_it.c.obj
                0x0800b6f4                SPI3_IRQHandler
 .text.UART4_IRQHandler
                0x0800b708       0x14 CMakeFiles/Three-phase_inverter.dir/Core/Src/stm32g4xx_it.c.obj
                0x0800b708                UART4_IRQHandler
 .text.HRTIM1_TIMA_IRQHandler
                0x0800b71c       0x14 CMakeFiles/Three-phase_inverter.dir/Core/Src/stm32g4xx_it.c.obj
                0x0800b71c                HRTIM1_TIMA_IRQHandler
 .text.HAL_MspInit
                0x0800b730       0x48 CMakeFiles/Three-phase_inverter.dir/Core/Src/stm32g4xx_hal_msp.c.obj
                0x0800b730                HAL_MspInit
 .text.Reset_Handler
                0x0800b778       0x50 CMakeFiles/Three-phase_inverter.dir/startup_stm32g474xx.s.obj
                0x0800b778                Reset_Handler
 .text.Default_Handler
                0x0800b7c8        0x2 CMakeFiles/Three-phase_inverter.dir/startup_stm32g474xx.s.obj
                0x0800b7c8                RTC_Alarm_IRQHandler
                0x0800b7c8                TIM8_TRG_COM_IRQHandler
                0x0800b7c8                TIM8_CC_IRQHandler
                0x0800b7c8                HRTIM1_Master_IRQHandler
                0x0800b7c8                SPI4_IRQHandler
                0x0800b7c8                FDCAN3_IT0_IRQHandler
                0x0800b7c8                TIM1_CC_IRQHandler
                0x0800b7c8                HRTIM1_FLT_IRQHandler
                0x0800b7c8                HRTIM1_TIMF_IRQHandler
                0x0800b7c8                USB_HP_IRQHandler
                0x0800b7c8                CORDIC_IRQHandler
                0x0800b7c8                HRTIM1_TIMD_IRQHandler
                0x0800b7c8                DMA2_Channel8_IRQHandler
                0x0800b7c8                EXTI3_IRQHandler
                0x0800b7c8                I2C3_ER_IRQHandler
                0x0800b7c8                I2C2_EV_IRQHandler
                0x0800b7c8                FPU_IRQHandler
                0x0800b7c8                FDCAN1_IT1_IRQHandler
                0x0800b7c8                TIM1_UP_TIM16_IRQHandler
                0x0800b7c8                HRTIM1_TIME_IRQHandler
                0x0800b7c8                SPI1_IRQHandler
                0x0800b7c8                TIM6_DAC_IRQHandler
                0x0800b7c8                HRTIM1_TIMC_IRQHandler
                0x0800b7c8                TIM8_UP_IRQHandler
                0x0800b7c8                DMA2_Channel2_IRQHandler
                0x0800b7c8                TIM20_TRG_COM_IRQHandler
                0x0800b7c8                USART3_IRQHandler
                0x0800b7c8                DMA1_Channel7_IRQHandler
                0x0800b7c8                UART5_IRQHandler
                0x0800b7c8                ADC3_IRQHandler
                0x0800b7c8                TIM4_IRQHandler
                0x0800b7c8                DMA2_Channel1_IRQHandler
                0x0800b7c8                QUADSPI_IRQHandler
                0x0800b7c8                I2C1_EV_IRQHandler
                0x0800b7c8                DMA1_Channel6_IRQHandler
                0x0800b7c8                DMA2_Channel4_IRQHandler
                0x0800b7c8                TIM3_IRQHandler
                0x0800b7c8                RCC_IRQHandler
                0x0800b7c8                TIM20_UP_IRQHandler
                0x0800b7c8                Default_Handler
                0x0800b7c8                DMA2_Channel7_IRQHandler
                0x0800b7c8                RTC_TAMP_LSECSS_IRQHandler
                0x0800b7c8                FMAC_IRQHandler
                0x0800b7c8                DMA1_Channel8_IRQHandler
                0x0800b7c8                TIM7_DAC_IRQHandler
                0x0800b7c8                FDCAN3_IT1_IRQHandler
                0x0800b7c8                TIM5_IRQHandler
                0x0800b7c8                UCPD1_IRQHandler
                0x0800b7c8                I2C3_EV_IRQHandler
                0x0800b7c8                EXTI9_5_IRQHandler
                0x0800b7c8                RTC_WKUP_IRQHandler
                0x0800b7c8                PVD_PVM_IRQHandler
                0x0800b7c8                SPI2_IRQHandler
                0x0800b7c8                ADC5_IRQHandler
                0x0800b7c8                DMA2_Channel5_IRQHandler
                0x0800b7c8                CRS_IRQHandler
                0x0800b7c8                DMA1_Channel5_IRQHandler
                0x0800b7c8                USB_LP_IRQHandler
                0x0800b7c8                EXTI4_IRQHandler
                0x0800b7c8                RNG_IRQHandler
                0x0800b7c8                HRTIM1_TIMB_IRQHandler
                0x0800b7c8                TIM1_TRG_COM_TIM17_IRQHandler
                0x0800b7c8                FDCAN2_IT1_IRQHandler
                0x0800b7c8                ADC4_IRQHandler
                0x0800b7c8                WWDG_IRQHandler
                0x0800b7c8                I2C4_EV_IRQHandler
                0x0800b7c8                FDCAN2_IT0_IRQHandler
                0x0800b7c8                LPUART1_IRQHandler
                0x0800b7c8                DMA2_Channel6_IRQHandler
                0x0800b7c8                FDCAN1_IT0_IRQHandler
                0x0800b7c8                TIM2_IRQHandler
                0x0800b7c8                COMP7_IRQHandler
                0x0800b7c8                COMP1_2_3_IRQHandler
                0x0800b7c8                EXTI1_IRQHandler
                0x0800b7c8                USART2_IRQHandler
                0x0800b7c8                COMP4_5_6_IRQHandler
                0x0800b7c8                TIM20_BRK_IRQHandler
                0x0800b7c8                I2C2_ER_IRQHandler
                0x0800b7c8                TIM8_BRK_IRQHandler
                0x0800b7c8                FLASH_IRQHandler
                0x0800b7c8                TIM20_CC_IRQHandler
                0x0800b7c8                USART1_IRQHandler
                0x0800b7c8                I2C1_ER_IRQHandler
                0x0800b7c8                FMC_IRQHandler
                0x0800b7c8                LPTIM1_IRQHandler
                0x0800b7c8                DMAMUX_OVR_IRQHandler
                0x0800b7c8                I2C4_ER_IRQHandler
                0x0800b7c8                USBWakeUp_IRQHandler
                0x0800b7c8                SAI1_IRQHandler
                0x0800b7c8                DMA2_Channel3_IRQHandler
                0x0800b7c8                TIM1_BRK_TIM15_IRQHandler
 *fill*         0x0800b7ca        0x2 
 .text.round    0x0800b7cc       0x8c F:/STM32CubeCLT/STM32CubeCLT_1.18.0/GNU-tools-for-STM32/bin/../lib/gcc/arm-none-eabi/13.3.1/../../../../arm-none-eabi/lib/thumb/v7e-m+fp/hard\libm.a(libm_a-s_round.o)
                0x0800b7cc                round
 .text.memset   0x0800b858       0x10 F:/STM32CubeCLT/STM32CubeCLT_1.18.0/GNU-tools-for-STM32/bin/../lib/gcc/arm-none-eabi/13.3.1/../../../../arm-none-eabi/lib/thumb/v7e-m+fp/hard\libg_nano.a(libc_a-memset.o)
                0x0800b858                memset
 .text.__libc_init_array
                0x0800b868       0x48 F:/STM32CubeCLT/STM32CubeCLT_1.18.0/GNU-tools-for-STM32/bin/../lib/gcc/arm-none-eabi/13.3.1/../../../../arm-none-eabi/lib/thumb/v7e-m+fp/hard\libg_nano.a(libc_a-init.o)
                0x0800b868                __libc_init_array
 *(.glue_7)
 .glue_7        0x0800b8b0        0x0 linker stubs
 *(.glue_7t)
 .glue_7t       0x0800b8b0        0x0 linker stubs
 *(.eh_frame)
 .eh_frame      0x0800b8b0        0x0 F:/STM32CubeCLT/STM32CubeCLT_1.18.0/GNU-tools-for-STM32/bin/../lib/gcc/arm-none-eabi/13.3.1/thumb/v7e-m+fp/hard/crtbegin.o
 *(.init)
 .init          0x0800b8b0        0x4 F:/STM32CubeCLT/STM32CubeCLT_1.18.0/GNU-tools-for-STM32/bin/../lib/gcc/arm-none-eabi/13.3.1/thumb/v7e-m+fp/hard/crti.o
                0x0800b8b0                _init
 .init          0x0800b8b4        0x8 F:/STM32CubeCLT/STM32CubeCLT_1.18.0/GNU-tools-for-STM32/bin/../lib/gcc/arm-none-eabi/13.3.1/thumb/v7e-m+fp/hard/crtn.o
 *(.fini)
 .fini          0x0800b8bc        0x4 F:/STM32CubeCLT/STM32CubeCLT_1.18.0/GNU-tools-for-STM32/bin/../lib/gcc/arm-none-eabi/13.3.1/thumb/v7e-m+fp/hard/crti.o
                0x0800b8bc                _fini
 .fini          0x0800b8c0        0x8 F:/STM32CubeCLT/STM32CubeCLT_1.18.0/GNU-tools-for-STM32/bin/../lib/gcc/arm-none-eabi/13.3.1/thumb/v7e-m+fp/hard/crtn.o
                0x0800b8c8                        . = ALIGN (0x4)
                0x0800b8c8                        _etext = .

.vfp11_veneer   0x0800b8c8        0x0
 .vfp11_veneer  0x0800b8c8        0x0 linker stubs

.v4_bx          0x0800b8c8        0x0
 .v4_bx         0x0800b8c8        0x0 linker stubs

.iplt           0x0800b8c8        0x0
 .iplt          0x0800b8c8        0x0 F:/STM32CubeCLT/STM32CubeCLT_1.18.0/GNU-tools-for-STM32/bin/../lib/gcc/arm-none-eabi/13.3.1/thumb/v7e-m+fp/hard/crtbegin.o

.rodata         0x0800b8c8      0xb8c
                0x0800b8c8                        . = ALIGN (0x4)
 *(.rodata)
 .rodata        0x0800b8c8       0x84 CMakeFiles/Three-phase_inverter.dir/Core/Src/MY_OLED.c.obj
 *(.rodata*)
 .rodata.AHBPrescTable
                0x0800b94c       0x10 cmake/stm32cubemx/CMakeFiles/STM32_Drivers.dir/__/__/Core/Src/system_stm32g4xx.c.obj
                0x0800b94c                AHBPrescTable
 .rodata.APBPrescTable
                0x0800b95c        0x8 cmake/stm32cubemx/CMakeFiles/STM32_Drivers.dir/__/__/Core/Src/system_stm32g4xx.c.obj
                0x0800b95c                APBPrescTable
 .rodata.UARTPrescTable
                0x0800b964       0x18 cmake/stm32cubemx/CMakeFiles/STM32_Drivers.dir/__/__/Drivers/STM32G4xx_HAL_Driver/Src/stm32g4xx_hal_uart.c.obj
                0x0800b964                UARTPrescTable
 .rodata.numerator.1
                0x0800b97c        0x8 cmake/stm32cubemx/CMakeFiles/STM32_Drivers.dir/__/__/Drivers/STM32G4xx_HAL_Driver/Src/stm32g4xx_hal_uart_ex.c.obj
 .rodata.denominator.0
                0x0800b984        0x8 cmake/stm32cubemx/CMakeFiles/STM32_Drivers.dir/__/__/Drivers/STM32G4xx_HAL_Driver/Src/stm32g4xx_hal_uart_ex.c.obj
 .rodata.OLED_F8x16
                0x0800b98c      0x5f0 CMakeFiles/Three-phase_inverter.dir/Core/Src/OLED_Data.c.obj
                0x0800b98c                OLED_F8x16
 .rodata.OLED_F6x8
                0x0800bf7c      0x23a CMakeFiles/Three-phase_inverter.dir/Core/Src/OLED_Data.c.obj
                0x0800bf7c                OLED_F6x8
 *fill*         0x0800c1b6        0x2 
 .rodata.OLED_CF16x16
                0x0800c1b8      0x29a CMakeFiles/Three-phase_inverter.dir/Core/Src/OLED_Data.c.obj
                0x0800c1b8                OLED_CF16x16
                0x0800c454                        . = ALIGN (0x4)
 *fill*         0x0800c452        0x2 

.ARM.extab      0x0800c454        0x0
                0x0800c454                        . = ALIGN (0x4)
 *(.ARM.extab* .gnu.linkonce.armextab.*)
                0x0800c454                        . = ALIGN (0x4)

.ARM            0x0800c454        0x8
                0x0800c454                        . = ALIGN (0x4)
                0x0800c454                        __exidx_start = .
 *(.ARM.exidx*)
 .ARM.exidx     0x0800c454        0x8 F:/STM32CubeCLT/STM32CubeCLT_1.18.0/GNU-tools-for-STM32/bin/../lib/gcc/arm-none-eabi/13.3.1/thumb/v7e-m+fp/hard\libgcc.a(_udivmoddi4.o)
 .ARM.exidx     0x0800c45c        0x0 F:/STM32CubeCLT/STM32CubeCLT_1.18.0/GNU-tools-for-STM32/bin/../lib/gcc/arm-none-eabi/13.3.1/../../../../arm-none-eabi/lib/thumb/v7e-m+fp/hard\libg_nano.a(libc_a-strcmp.o)
                                  0x8 (size before relaxing)
                0x0800c45c                        __exidx_end = .
                0x0800c45c                        . = ALIGN (0x4)

.preinit_array  0x0800c45c        0x0
                0x0800c45c                        . = ALIGN (0x4)
                0x0800c45c                        PROVIDE (__preinit_array_start = .)
 *(.preinit_array*)
                0x0800c45c                        PROVIDE (__preinit_array_end = .)
                0x0800c45c                        . = ALIGN (0x4)

.init_array     0x0800c45c        0x4
                0x0800c45c                        . = ALIGN (0x4)
                0x0800c45c                        PROVIDE (__init_array_start = .)
 *(SORT_BY_NAME(.init_array.*))
 *(.init_array*)
 .init_array    0x0800c45c        0x4 F:/STM32CubeCLT/STM32CubeCLT_1.18.0/GNU-tools-for-STM32/bin/../lib/gcc/arm-none-eabi/13.3.1/thumb/v7e-m+fp/hard/crtbegin.o
                0x0800c460                        PROVIDE (__init_array_end = .)
                0x0800c460                        . = ALIGN (0x4)

.fini_array     0x0800c460        0x4
                0x0800c460                        . = ALIGN (0x4)
                [!provide]                        PROVIDE (__fini_array_start = .)
 *(SORT_BY_NAME(.fini_array.*))
 *(.fini_array*)
 .fini_array    0x0800c460        0x4 F:/STM32CubeCLT/STM32CubeCLT_1.18.0/GNU-tools-for-STM32/bin/../lib/gcc/arm-none-eabi/13.3.1/thumb/v7e-m+fp/hard/crtbegin.o
                [!provide]                        PROVIDE (__fini_array_end = .)
                0x0800c464                        . = ALIGN (0x4)
                0x0800c464                        _sidata = LOADADDR (.data)

.rel.dyn        0x0800c464        0x0
 .rel.iplt      0x0800c464        0x0 F:/STM32CubeCLT/STM32CubeCLT_1.18.0/GNU-tools-for-STM32/bin/../lib/gcc/arm-none-eabi/13.3.1/thumb/v7e-m+fp/hard/crtbegin.o

.data           0x20000000       0x18 load address 0x0800c464
                0x20000000                        . = ALIGN (0x4)
                0x20000000                        _sdata = .
 *(.data)
 *(.data*)
 .data.SystemCoreClock
                0x20000000        0x4 cmake/stm32cubemx/CMakeFiles/STM32_Drivers.dir/__/__/Core/Src/system_stm32g4xx.c.obj
                0x20000000                SystemCoreClock
 .data.uwTickPrio
                0x20000004        0x4 cmake/stm32cubemx/CMakeFiles/STM32_Drivers.dir/__/__/Drivers/STM32G4xx_HAL_Driver/Src/stm32g4xx_hal.c.obj
                0x20000004                uwTickPrio
 .data.uwTickFreq
                0x20000008        0x4 cmake/stm32cubemx/CMakeFiles/STM32_Drivers.dir/__/__/Drivers/STM32G4xx_HAL_Driver/Src/stm32g4xx_hal.c.obj
                0x20000008                uwTickFreq
 .data.p1       0x2000000c        0x4 CMakeFiles/Three-phase_inverter.dir/Core/Src/main.c.obj
                0x2000000c                p1
 .data.p2       0x20000010        0x4 CMakeFiles/Three-phase_inverter.dir/Core/Src/main.c.obj
                0x20000010                p2
 .data.hzc      0x20000014        0x4 CMakeFiles/Three-phase_inverter.dir/Core/Src/main.c.obj
                0x20000014                hzc
 *(.RamFunc)
 *(.RamFunc*)
                0x20000018                        . = ALIGN (0x4)

.igot.plt       0x20000018        0x0 load address 0x0800c47c
 .igot.plt      0x20000018        0x0 F:/STM32CubeCLT/STM32CubeCLT_1.18.0/GNU-tools-for-STM32/bin/../lib/gcc/arm-none-eabi/13.3.1/thumb/v7e-m+fp/hard/crtbegin.o

.tdata          0x20000018        0x0 load address 0x0800c47c
 *(.tdata .tdata.* .gnu.linkonce.td.*)
                0x20000018                        . = ALIGN (0x4)
                0x20000018                        _edata = .
                [!provide]                        PROVIDE (__data_end = .)
                [!provide]                        PROVIDE (__tdata_end = .)
                [!provide]                        PROVIDE (__tdata_start = ADDR (.tdata))
                [!provide]                        PROVIDE (__tdata_size = (__tdata_end - __tdata_start))
                [!provide]                        PROVIDE (__data_start = ADDR (.data))
                [!provide]                        PROVIDE (__data_size = (__data_end - __data_start))
                [!provide]                        PROVIDE (__tdata_source = LOADADDR (.tdata))
                [!provide]                        PROVIDE (__tdata_source_end = (LOADADDR (.tdata) + SIZEOF (.tdata)))
                [!provide]                        PROVIDE (__tdata_source_size = (__tdata_source_end - __tdata_source))
                [!provide]                        PROVIDE (__data_source = LOADADDR (.data))
                [!provide]                        PROVIDE (__data_source_end = __tdata_source_end)
                [!provide]                        PROVIDE (__data_source_size = (__data_source_end - __data_source))

.tbss           0x20000018        0x0 load address 0x0800c47c
                0x20000018                        _sbss = .
                0x20000018                        __bss_start__ = _sbss
 *(.tbss .tbss.*)
                0x20000018                        . = ALIGN (0x4)
                [!provide]                        PROVIDE (__tbss_end = .)
                [!provide]                        PROVIDE (__tbss_start = ADDR (.tbss))
                [!provide]                        PROVIDE (__tbss_size = (__tbss_end - __tbss_start))
                [!provide]                        PROVIDE (__tbss_offset = (ADDR (.tbss) - ADDR (.tdata)))
                [!provide]                        PROVIDE (__tls_base = __tdata_start)
                [!provide]                        PROVIDE (__tls_end = __tbss_end)
                [!provide]                        PROVIDE (__tls_size = (__tls_end - __tls_base))
                [!provide]                        PROVIDE (__tls_align = MAX (ALIGNOF (.tdata), ALIGNOF (.tbss)))
                [!provide]                        PROVIDE (__tls_size_align = (((__tls_size + __tls_align) - 0x1) & ~ ((__tls_align - 0x1))))
                [!provide]                        PROVIDE (__arm32_tls_tcb_offset = MAX (0x8, __tls_align))
                [!provide]                        PROVIDE (__arm64_tls_tcb_offset = MAX (0x10, __tls_align))

.bss            0x20000018      0x9f0 load address 0x0800c47c
 *(.bss)
 .bss           0x20000018       0x1c F:/STM32CubeCLT/STM32CubeCLT_1.18.0/GNU-tools-for-STM32/bin/../lib/gcc/arm-none-eabi/13.3.1/thumb/v7e-m+fp/hard/crtbegin.o
 *(.bss*)
 .bss.uwTick    0x20000034        0x4 cmake/stm32cubemx/CMakeFiles/STM32_Drivers.dir/__/__/Drivers/STM32G4xx_HAL_Driver/Src/stm32g4xx_hal.c.obj
                0x20000034                uwTick
 .bss.OLED_DisplayBuf
                0x20000038      0x400 CMakeFiles/Three-phase_inverter.dir/Core/Src/OLED.c.obj
                0x20000038                OLED_DisplayBuf
 .bss.now_EC_DeBug
                0x20000438        0x1 CMakeFiles/Three-phase_inverter.dir/Core/Src/main.c.obj
                0x20000438                now_EC_DeBug
 *fill*         0x20000439        0x3 
 .bss.S         0x2000043c       0x10 CMakeFiles/Three-phase_inverter.dir/Core/Src/main.c.obj
                0x2000043c                S
 .bss.QPR1      0x2000044c       0x40 CMakeFiles/Three-phase_inverter.dir/Core/Src/main.c.obj
                0x2000044c                QPR1
 .bss.QPR2      0x2000048c       0x40 CMakeFiles/Three-phase_inverter.dir/Core/Src/main.c.obj
                0x2000048c                QPR2
 .bss.SVPWM1    0x200004cc       0x1c CMakeFiles/Three-phase_inverter.dir/Core/Src/main.c.obj
                0x200004cc                SVPWM1
 .bss.ACMP1_TA  0x200004e8        0xc CMakeFiles/Three-phase_inverter.dir/Core/Src/main.c.obj
                0x200004e8                ACMP1_TA
 .bss.ACMP1_TB  0x200004f4        0xc CMakeFiles/Three-phase_inverter.dir/Core/Src/main.c.obj
                0x200004f4                ACMP1_TB
 .bss.ACMP1_TC  0x20000500        0xc CMakeFiles/Three-phase_inverter.dir/Core/Src/main.c.obj
                0x20000500                ACMP1_TC
 .bss.ADC1_value
                0x2000050c        0x6 CMakeFiles/Three-phase_inverter.dir/Core/Src/main.c.obj
                0x2000050c                ADC1_value
 *fill*         0x20000512        0x2 
 .bss.ADC2_value
                0x20000514        0x8 CMakeFiles/Three-phase_inverter.dir/Core/Src/main.c.obj
                0x20000514                ADC2_value
 .bss.sConfig   0x2000051c       0x1c CMakeFiles/Three-phase_inverter.dir/Core/Src/main.c.obj
                0x2000051c                sConfig
 .bss.cos_a_q31
                0x20000538        0x4 CMakeFiles/Three-phase_inverter.dir/Core/Src/main.c.obj
                0x20000538                cos_a_q31
 .bss.theta_q31
                0x2000053c        0x4 CMakeFiles/Three-phase_inverter.dir/Core/Src/main.c.obj
                0x2000053c                theta_q31
 .bss.cos_b_q31
                0x20000540        0x4 CMakeFiles/Three-phase_inverter.dir/Core/Src/main.c.obj
                0x20000540                cos_b_q31
 .bss.va_setpoint
                0x20000544        0x4 CMakeFiles/Three-phase_inverter.dir/Core/Src/main.c.obj
                0x20000544                va_setpoint
 .bss.vb_setpoint
                0x20000548        0x4 CMakeFiles/Three-phase_inverter.dir/Core/Src/main.c.obj
                0x20000548                vb_setpoint
 .bss.calc_va_setpoint
                0x2000054c        0x4 CMakeFiles/Three-phase_inverter.dir/Core/Src/main.c.obj
                0x2000054c                calc_va_setpoint
 .bss.calc_vb_setpoint
                0x20000550        0x4 CMakeFiles/Three-phase_inverter.dir/Core/Src/main.c.obj
                0x20000550                calc_vb_setpoint
 .bss.calc_ia_setpoint
                0x20000554        0x4 CMakeFiles/Three-phase_inverter.dir/Core/Src/main.c.obj
                0x20000554                calc_ia_setpoint
 .bss.calc_ib_setpoint
                0x20000558        0x4 CMakeFiles/Three-phase_inverter.dir/Core/Src/main.c.obj
                0x20000558                calc_ib_setpoint
 .bss.va_measurement
                0x2000055c        0x4 CMakeFiles/Three-phase_inverter.dir/Core/Src/main.c.obj
                0x2000055c                va_measurement
 .bss.vb_measurement
                0x20000560        0x4 CMakeFiles/Three-phase_inverter.dir/Core/Src/main.c.obj
                0x20000560                vb_measurement
 .bss.vc_measurement
                0x20000564        0x4 CMakeFiles/Three-phase_inverter.dir/Core/Src/main.c.obj
                0x20000564                vc_measurement
 .bss.ia_measurement
                0x20000568        0x4 CMakeFiles/Three-phase_inverter.dir/Core/Src/main.c.obj
                0x20000568                ia_measurement
 .bss.ib_measurement
                0x2000056c        0x4 CMakeFiles/Three-phase_inverter.dir/Core/Src/main.c.obj
                0x2000056c                ib_measurement
 .bss.ic_measurement
                0x20000570        0x4 CMakeFiles/Three-phase_inverter.dir/Core/Src/main.c.obj
                0x20000570                ic_measurement
 .bss.va_control
                0x20000574        0x4 CMakeFiles/Three-phase_inverter.dir/Core/Src/main.c.obj
                0x20000574                va_control
 .bss.vb_control
                0x20000578        0x4 CMakeFiles/Three-phase_inverter.dir/Core/Src/main.c.obj
                0x20000578                vb_control
 .bss.a         0x2000057c        0x4 CMakeFiles/Three-phase_inverter.dir/Core/Src/main.c.obj
                0x2000057c                a
 .bss.b         0x20000580        0x4 CMakeFiles/Three-phase_inverter.dir/Core/Src/main.c.obj
                0x20000580                b
 .bss.c         0x20000584        0x4 CMakeFiles/Three-phase_inverter.dir/Core/Src/main.c.obj
                0x20000584                c
 .bss.d         0x20000588        0x4 CMakeFiles/Three-phase_inverter.dir/Core/Src/main.c.obj
                0x20000588                d
 .bss.count.1   0x2000058c        0x1 CMakeFiles/Three-phase_inverter.dir/Core/Src/main.c.obj
 .bss.sector.0  0x2000058d        0x1 CMakeFiles/Three-phase_inverter.dir/Core/Src/main.c.obj
 *fill*         0x2000058e        0x2 
 .bss.hadc1     0x20000590       0x6c CMakeFiles/Three-phase_inverter.dir/Core/Src/adc.c.obj
                0x20000590                hadc1
 .bss.hadc2     0x200005fc       0x6c CMakeFiles/Three-phase_inverter.dir/Core/Src/adc.c.obj
                0x200005fc                hadc2
 .bss.hdma_adc1
                0x20000668       0x60 CMakeFiles/Three-phase_inverter.dir/Core/Src/adc.c.obj
                0x20000668                hdma_adc1
 .bss.hdma_adc2
                0x200006c8       0x60 CMakeFiles/Three-phase_inverter.dir/Core/Src/adc.c.obj
                0x200006c8                hdma_adc2
 .bss.HAL_RCC_ADC12_CLK_ENABLED
                0x20000728        0x4 CMakeFiles/Three-phase_inverter.dir/Core/Src/adc.c.obj
 .bss.hcordic   0x2000072c       0x28 CMakeFiles/Three-phase_inverter.dir/Core/Src/cordic.c.obj
                0x2000072c                hcordic
 .bss.hhrtim1   0x20000754       0xfc CMakeFiles/Three-phase_inverter.dir/Core/Src/hrtim.c.obj
                0x20000754                hhrtim1
 .bss.hspi3     0x20000850       0x64 CMakeFiles/Three-phase_inverter.dir/Core/Src/spi.c.obj
                0x20000850                hspi3
 .bss.hdma_spi3_tx
                0x200008b4       0x60 CMakeFiles/Three-phase_inverter.dir/Core/Src/spi.c.obj
                0x200008b4                hdma_spi3_tx
 .bss.huart4    0x20000914       0x94 CMakeFiles/Three-phase_inverter.dir/Core/Src/usart.c.obj
                0x20000914                huart4
 .bss.hdma_uart4_tx
                0x200009a8       0x60 CMakeFiles/Three-phase_inverter.dir/Core/Src/usart.c.obj
                0x200009a8                hdma_uart4_tx
 *(COMMON)
                0x20000a08                        . = ALIGN (0x4)
                0x20000a08                        _ebss = .
                0x20000a08                        __bss_end__ = _ebss
                [!provide]                        PROVIDE (__bss_end = .)
                [!provide]                        PROVIDE (__non_tls_bss_start = ADDR (.bss))
                [!provide]                        PROVIDE (__bss_start = __tbss_start)
                [!provide]                        PROVIDE (__bss_size = (__bss_end - __bss_start))

._user_heap_stack
                0x20000a08      0x600 load address 0x0800c47c
                0x20000a08                        . = ALIGN (0x8)
                [!provide]                        PROVIDE (end = .)
                0x20000a08                        PROVIDE (_end = .)
                0x20000c08                        . = (. + _Min_Heap_Size)
 *fill*         0x20000a08      0x200 
                0x20001008                        . = (. + _Min_Stack_Size)
 *fill*         0x20000c08      0x400 
                0x20001008                        . = ALIGN (0x8)

/DISCARD/
 libc.a:*(*)
 libm.a:*(*)
 libgcc.a:*(*)
OUTPUT(Three-phase_inverter.elf elf32-littlearm)
LOAD linker stubs

.ARM.attributes
                0x00000000       0x30
 .ARM.attributes
                0x00000000       0x22 F:/STM32CubeCLT/STM32CubeCLT_1.18.0/GNU-tools-for-STM32/bin/../lib/gcc/arm-none-eabi/13.3.1/thumb/v7e-m+fp/hard/crti.o
 .ARM.attributes
                0x00000022       0x34 F:/STM32CubeCLT/STM32CubeCLT_1.18.0/GNU-tools-for-STM32/bin/../lib/gcc/arm-none-eabi/13.3.1/thumb/v7e-m+fp/hard/crtbegin.o
 .ARM.attributes
                0x00000056       0x34 cmake/stm32cubemx/CMakeFiles/STM32_Drivers.dir/__/__/Core/Src/system_stm32g4xx.c.obj
 .ARM.attributes
                0x0000008a       0x34 cmake/stm32cubemx/CMakeFiles/STM32_Drivers.dir/__/__/Drivers/STM32G4xx_HAL_Driver/Src/stm32g4xx_hal_adc.c.obj
 .ARM.attributes
                0x000000be       0x34 cmake/stm32cubemx/CMakeFiles/STM32_Drivers.dir/__/__/Drivers/STM32G4xx_HAL_Driver/Src/stm32g4xx_hal_adc_ex.c.obj
 .ARM.attributes
                0x000000f2       0x34 cmake/stm32cubemx/CMakeFiles/STM32_Drivers.dir/__/__/Drivers/STM32G4xx_HAL_Driver/Src/stm32g4xx_hal.c.obj
 .ARM.attributes
                0x00000126       0x34 cmake/stm32cubemx/CMakeFiles/STM32_Drivers.dir/__/__/Drivers/STM32G4xx_HAL_Driver/Src/stm32g4xx_hal_rcc.c.obj
 .ARM.attributes
                0x0000015a       0x34 cmake/stm32cubemx/CMakeFiles/STM32_Drivers.dir/__/__/Drivers/STM32G4xx_HAL_Driver/Src/stm32g4xx_hal_rcc_ex.c.obj
 .ARM.attributes
                0x0000018e       0x34 cmake/stm32cubemx/CMakeFiles/STM32_Drivers.dir/__/__/Drivers/STM32G4xx_HAL_Driver/Src/stm32g4xx_hal_gpio.c.obj
 .ARM.attributes
                0x000001c2       0x34 cmake/stm32cubemx/CMakeFiles/STM32_Drivers.dir/__/__/Drivers/STM32G4xx_HAL_Driver/Src/stm32g4xx_hal_dma.c.obj
 .ARM.attributes
                0x000001f6       0x34 cmake/stm32cubemx/CMakeFiles/STM32_Drivers.dir/__/__/Drivers/STM32G4xx_HAL_Driver/Src/stm32g4xx_hal_pwr_ex.c.obj
 .ARM.attributes
                0x0000022a       0x34 cmake/stm32cubemx/CMakeFiles/STM32_Drivers.dir/__/__/Drivers/STM32G4xx_HAL_Driver/Src/stm32g4xx_hal_cortex.c.obj
 .ARM.attributes
                0x0000025e       0x34 cmake/stm32cubemx/CMakeFiles/STM32_Drivers.dir/__/__/Drivers/STM32G4xx_HAL_Driver/Src/stm32g4xx_hal_cordic.c.obj
 .ARM.attributes
                0x00000292       0x34 cmake/stm32cubemx/CMakeFiles/STM32_Drivers.dir/__/__/Drivers/STM32G4xx_HAL_Driver/Src/stm32g4xx_hal_hrtim.c.obj
 .ARM.attributes
                0x000002c6       0x34 cmake/stm32cubemx/CMakeFiles/STM32_Drivers.dir/__/__/Drivers/STM32G4xx_HAL_Driver/Src/stm32g4xx_hal_spi.c.obj
 .ARM.attributes
                0x000002fa       0x34 cmake/stm32cubemx/CMakeFiles/STM32_Drivers.dir/__/__/Drivers/STM32G4xx_HAL_Driver/Src/stm32g4xx_hal_uart.c.obj
 .ARM.attributes
                0x0000032e       0x34 cmake/stm32cubemx/CMakeFiles/STM32_Drivers.dir/__/__/Drivers/STM32G4xx_HAL_Driver/Src/stm32g4xx_hal_uart_ex.c.obj
 .ARM.attributes
                0x00000362       0x34 CMakeFiles/Three-phase_inverter.dir/Core/Src/MY_OLED.c.obj
 .ARM.attributes
                0x00000396       0x34 CMakeFiles/Three-phase_inverter.dir/Core/Src/OLED.c.obj
 .ARM.attributes
                0x000003ca       0x34 CMakeFiles/Three-phase_inverter.dir/Core/Src/OLED_Data.c.obj
 .ARM.attributes
                0x000003fe       0x34 CMakeFiles/Three-phase_inverter.dir/Core/Src/main.c.obj
 .ARM.attributes
                0x00000432       0x34 CMakeFiles/Three-phase_inverter.dir/Core/Src/gpio.c.obj
 .ARM.attributes
                0x00000466       0x34 CMakeFiles/Three-phase_inverter.dir/Core/Src/adc.c.obj
 .ARM.attributes
                0x0000049a       0x34 CMakeFiles/Three-phase_inverter.dir/Core/Src/cordic.c.obj
 .ARM.attributes
                0x000004ce       0x34 CMakeFiles/Three-phase_inverter.dir/Core/Src/dma.c.obj
 .ARM.attributes
                0x00000502       0x34 CMakeFiles/Three-phase_inverter.dir/Core/Src/hrtim.c.obj
 .ARM.attributes
                0x00000536       0x34 CMakeFiles/Three-phase_inverter.dir/Core/Src/spi.c.obj
 .ARM.attributes
                0x0000056a       0x34 CMakeFiles/Three-phase_inverter.dir/Core/Src/usart.c.obj
 .ARM.attributes
                0x0000059e       0x34 CMakeFiles/Three-phase_inverter.dir/Core/Src/stm32g4xx_it.c.obj
 .ARM.attributes
                0x000005d2       0x34 CMakeFiles/Three-phase_inverter.dir/Core/Src/stm32g4xx_hal_msp.c.obj
 .ARM.attributes
                0x00000606       0x21 CMakeFiles/Three-phase_inverter.dir/startup_stm32g474xx.s.obj
 .ARM.attributes
                0x00000627       0x34 F:/STM32CubeCLT/STM32CubeCLT_1.18.0/GNU-tools-for-STM32/bin/../lib/gcc/arm-none-eabi/13.3.1/../../../../arm-none-eabi/lib/thumb/v7e-m+fp/hard\libm.a(libm_a-s_round.o)
 .ARM.attributes
                0x0000065b       0x22 F:/STM32CubeCLT/STM32CubeCLT_1.18.0/GNU-tools-for-STM32/bin/../lib/gcc/arm-none-eabi/13.3.1/thumb/v7e-m+fp/hard\libgcc.a(_arm_addsubdf3.o)
 .ARM.attributes
                0x0000067d       0x22 F:/STM32CubeCLT/STM32CubeCLT_1.18.0/GNU-tools-for-STM32/bin/../lib/gcc/arm-none-eabi/13.3.1/thumb/v7e-m+fp/hard\libgcc.a(_arm_muldivdf3.o)
 .ARM.attributes
                0x0000069f       0x22 F:/STM32CubeCLT/STM32CubeCLT_1.18.0/GNU-tools-for-STM32/bin/../lib/gcc/arm-none-eabi/13.3.1/thumb/v7e-m+fp/hard\libgcc.a(_arm_cmpdf2.o)
 .ARM.attributes
                0x000006c1       0x22 F:/STM32CubeCLT/STM32CubeCLT_1.18.0/GNU-tools-for-STM32/bin/../lib/gcc/arm-none-eabi/13.3.1/thumb/v7e-m+fp/hard\libgcc.a(_arm_fixunsdfsi.o)
 .ARM.attributes
                0x000006e3       0x22 F:/STM32CubeCLT/STM32CubeCLT_1.18.0/GNU-tools-for-STM32/bin/../lib/gcc/arm-none-eabi/13.3.1/thumb/v7e-m+fp/hard\libgcc.a(_aeabi_uldivmod.o)
 .ARM.attributes
                0x00000705       0x34 F:/STM32CubeCLT/STM32CubeCLT_1.18.0/GNU-tools-for-STM32/bin/../lib/gcc/arm-none-eabi/13.3.1/thumb/v7e-m+fp/hard\libgcc.a(_udivmoddi4.o)
 .ARM.attributes
                0x00000739       0x22 F:/STM32CubeCLT/STM32CubeCLT_1.18.0/GNU-tools-for-STM32/bin/../lib/gcc/arm-none-eabi/13.3.1/thumb/v7e-m+fp/hard\libgcc.a(_dvmd_tls.o)
 .ARM.attributes
                0x0000075b       0x34 F:/STM32CubeCLT/STM32CubeCLT_1.18.0/GNU-tools-for-STM32/bin/../lib/gcc/arm-none-eabi/13.3.1/../../../../arm-none-eabi/lib/thumb/v7e-m+fp/hard\libg_nano.a(libc_a-memset.o)
 .ARM.attributes
                0x0000078f       0x34 F:/STM32CubeCLT/STM32CubeCLT_1.18.0/GNU-tools-for-STM32/bin/../lib/gcc/arm-none-eabi/13.3.1/../../../../arm-none-eabi/lib/thumb/v7e-m+fp/hard\libg_nano.a(libc_a-init.o)
 .ARM.attributes
                0x000007c3       0x20 F:/STM32CubeCLT/STM32CubeCLT_1.18.0/GNU-tools-for-STM32/bin/../lib/gcc/arm-none-eabi/13.3.1/../../../../arm-none-eabi/lib/thumb/v7e-m+fp/hard\libg_nano.a(libc_a-strcmp.o)
 .ARM.attributes
                0x000007e3       0x22 F:/STM32CubeCLT/STM32CubeCLT_1.18.0/GNU-tools-for-STM32/bin/../lib/gcc/arm-none-eabi/13.3.1/thumb/v7e-m+fp/hard/crtn.o

.comment        0x00000000       0x43
 .comment       0x00000000       0x43 cmake/stm32cubemx/CMakeFiles/STM32_Drivers.dir/__/__/Core/Src/system_stm32g4xx.c.obj
                                 0x44 (size before relaxing)
 .comment       0x00000043       0x44 cmake/stm32cubemx/CMakeFiles/STM32_Drivers.dir/__/__/Drivers/STM32G4xx_HAL_Driver/Src/stm32g4xx_hal_adc.c.obj